Archive member included to satisfy reference by file (symbol)

C:/nxp/MCUXpressoIDE_25.6.136/ide/plugins/com.nxp.mcuxpresso.tools.win32_25.6.0.202501151204/tools/bin/../lib/gcc/arm-none-eabi/14.2.1/../../../../arm-none-eabi/lib/thumb/v6-m/nofp\libcr_nohost_nf.a(_cr__main.o)
                              ./startup/startup_mcxc444.o (__main)
C:/nxp/MCUXpressoIDE_25.6.136/ide/plugins/com.nxp.mcuxpresso.tools.win32_25.6.0.202501151204/tools/bin/../lib/gcc/arm-none-eabi/14.2.1/../../../../arm-none-eabi/lib/thumb/v6-m/nofp\libcr_c.a(memcpy.o)
                              ./utilities/str/fsl_str.o (memcpy)
C:/nxp/MCUXpressoIDE_25.6.136/ide/plugins/com.nxp.mcuxpresso.tools.win32_25.6.0.202501151204/tools/bin/../lib/gcc/arm-none-eabi/14.2.1/../../../../arm-none-eabi/lib/thumb/v6-m/nofp\libcr_c.a(memset.o)
                              ./utilities/debug_console/fsl_debug_console.o (memset)
C:/nxp/MCUXpressoIDE_25.6.136/ide/plugins/com.nxp.mcuxpresso.tools.win32_25.6.0.202501151204/tools/bin/../lib/gcc/arm-none-eabi/14.2.1/../../../../arm-none-eabi/lib/thumb/v6-m/nofp\libcr_c.a(alloc.o)
                              ./drivers/fsl_common.o (malloc)
C:/nxp/MCUXpressoIDE_25.6.136/ide/plugins/com.nxp.mcuxpresso.tools.win32_25.6.0.202501151204/tools/bin/../lib/gcc/arm-none-eabi/14.2.1/../../../../arm-none-eabi/lib/thumb/v6-m/nofp\libcr_c.a(errno.o)
                              ./utilities/str/fsl_str.o (errno)
C:/nxp/MCUXpressoIDE_25.6.136/ide/plugins/com.nxp.mcuxpresso.tools.win32_25.6.0.202501151204/tools/bin/../lib/gcc/arm-none-eabi/14.2.1/../../../../arm-none-eabi/lib/thumb/v6-m/nofp\libcr_c.a(initio.o)
                              C:/nxp/MCUXpressoIDE_25.6.136/ide/plugins/com.nxp.mcuxpresso.tools.win32_25.6.0.202501151204/tools/bin/../lib/gcc/arm-none-eabi/14.2.1/../../../../arm-none-eabi/lib/thumb/v6-m/nofp\libcr_nohost_nf.a(_cr__main.o) (_initio)
C:/nxp/MCUXpressoIDE_25.6.136/ide/plugins/com.nxp.mcuxpresso.tools.win32_25.6.0.202501151204/tools/bin/../lib/gcc/arm-none-eabi/14.2.1/../../../../arm-none-eabi/lib/thumb/v6-m/nofp\libcr_c.a(printf.o)
                              ./source/uart_comm.o (_sprintf)
C:/nxp/MCUXpressoIDE_25.6.136/ide/plugins/com.nxp.mcuxpresso.tools.win32_25.6.0.202501151204/tools/bin/../lib/gcc/arm-none-eabi/14.2.1/../../../../arm-none-eabi/lib/thumb/v6-m/nofp\libcr_c.a(scanf.o)
                              ./utilities/str/fsl_str.o (strtoul)
C:/nxp/MCUXpressoIDE_25.6.136/ide/plugins/com.nxp.mcuxpresso.tools.win32_25.6.0.202501151204/tools/bin/../lib/gcc/arm-none-eabi/14.2.1/../../../../arm-none-eabi/lib/thumb/v6-m/nofp\libcr_c.a(setvbuf.o)
                              C:/nxp/MCUXpressoIDE_25.6.136/ide/plugins/com.nxp.mcuxpresso.tools.win32_25.6.0.202501151204/tools/bin/../lib/gcc/arm-none-eabi/14.2.1/../../../../arm-none-eabi/lib/thumb/v6-m/nofp\libcr_c.a(initio.o) (setvbuf)
C:/nxp/MCUXpressoIDE_25.6.136/ide/plugins/com.nxp.mcuxpresso.tools.win32_25.6.0.202501151204/tools/bin/../lib/gcc/arm-none-eabi/14.2.1/../../../../arm-none-eabi/lib/thumb/v6-m/nofp\libcr_c.a(strlen.o)
                              ./utilities/str/fsl_str.o (strlen)
C:/nxp/MCUXpressoIDE_25.6.136/ide/plugins/com.nxp.mcuxpresso.tools.win32_25.6.0.202501151204/tools/bin/../lib/gcc/arm-none-eabi/14.2.1/../../../../arm-none-eabi/lib/thumb/v6-m/nofp\libcr_c.a(ungetc.o)
                              C:/nxp/MCUXpressoIDE_25.6.136/ide/plugins/com.nxp.mcuxpresso.tools.win32_25.6.0.202501151204/tools/bin/../lib/gcc/arm-none-eabi/14.2.1/../../../../arm-none-eabi/lib/thumb/v6-m/nofp\libcr_c.a(scanf.o) (ungetc)
C:/nxp/MCUXpressoIDE_25.6.136/ide/plugins/com.nxp.mcuxpresso.tools.win32_25.6.0.202501151204/tools/bin/../lib/gcc/arm-none-eabi/14.2.1/../../../../arm-none-eabi/lib/thumb/v6-m/nofp\libcr_c.a(__fillbuf.o)
                              C:/nxp/MCUXpressoIDE_25.6.136/ide/plugins/com.nxp.mcuxpresso.tools.win32_25.6.0.202501151204/tools/bin/../lib/gcc/arm-none-eabi/14.2.1/../../../../arm-none-eabi/lib/thumb/v6-m/nofp\libcr_c.a(scanf.o) (__filbuf)
C:/nxp/MCUXpressoIDE_25.6.136/ide/plugins/com.nxp.mcuxpresso.tools.win32_25.6.0.202501151204/tools/bin/../lib/gcc/arm-none-eabi/14.2.1/../../../../arm-none-eabi/lib/thumb/v6-m/nofp\libcr_c.a(__init_alloc.o)
                              C:/nxp/MCUXpressoIDE_25.6.136/ide/plugins/com.nxp.mcuxpresso.tools.win32_25.6.0.202501151204/tools/bin/../lib/gcc/arm-none-eabi/14.2.1/../../../../arm-none-eabi/lib/thumb/v6-m/nofp\libcr_c.a(alloc.o) (__heaps)
C:/nxp/MCUXpressoIDE_25.6.136/ide/plugins/com.nxp.mcuxpresso.tools.win32_25.6.0.202501151204/tools/bin/../lib/gcc/arm-none-eabi/14.2.1/../../../../arm-none-eabi/lib/thumb/v6-m/nofp\libcr_c.a(_cr_sbrk.o)
                              C:/nxp/MCUXpressoIDE_25.6.136/ide/plugins/com.nxp.mcuxpresso.tools.win32_25.6.0.202501151204/tools/bin/../lib/gcc/arm-none-eabi/14.2.1/../../../../arm-none-eabi/lib/thumb/v6-m/nofp\libcr_c.a(alloc.o) (_sbrk)
[...]
Memory Configuration

Name             Origin             Length             Attributes
PROGRAM_FLASH    0x00000000         0x00040000         xr
SRAM             0x1fffe000         0x00008000         xrw
*default*        0x00000000         0xffffffff

Linker script and memory map

LOAD ./utilities/str/fsl_str.o
LOAD ./utilities/debug_console/fsl_debug_console.o
LOAD ./utilities/fsl_assert.o
LOAD ./startup/startup_mcxc444.o
LOAD ./source/buzzer.o
LOAD ./source/led.o
LOAD ./source/lightSensor.o
LOAD ./source/main.o
LOAD ./source/mtb.o
LOAD ./source/semihost_hardfault.o
LOAD ./source/soilMoisture.o
LOAD ./source/uart_comm.o
LOAD ./source/waterPump.o
LOAD ./freertos/freertos-kernel/portable/MemMang/heap_4.o
LOAD ./freertos/freertos-kernel/portable/GCC/ARM_CM0/mpu_wrappers_v2_asm.o
LOAD ./freertos/freertos-kernel/portable/GCC/ARM_CM0/port.o
LOAD ./freertos/freertos-kernel/portable/GCC/ARM_CM0/portasm.o
LOAD ./freertos/freertos-kernel/croutine.o
LOAD ./freertos/freertos-kernel/event_groups.o
LOAD ./freertos/freertos-kernel/list.o
LOAD ./freertos/freertos-kernel/queue.o
LOAD ./freertos/freertos-kernel/stream_buffer.o
LOAD ./freertos/freertos-kernel/tasks.o
LOAD ./freertos/freertos-kernel/timers.o
LOAD ./drivers/fsl_clock.o
LOAD ./drivers/fsl_common.o
LOAD ./drivers/fsl_common_arm.o
LOAD ./drivers/fsl_gpio.o
LOAD ./drivers/fsl_lpuart.o
LOAD ./drivers/fsl_smc.o
LOAD ./device/system_MCXC444.o
LOAD ./component/uart/fsl_adapter_lpuart.o
LOAD ./component/serial_manager/fsl_component_serial_manager.o
LOAD ./component/serial_manager/fsl_component_serial_port_uart.o
LOAD ./component/lists/fsl_component_generic_list.o
LOAD ./board/board.o
LOAD ./board/clock_config.o
LOAD ./board/peripherals.o
LOAD ./board/pin_mux.o
START GROUP
LOAD C:/nxp/MCUXpressoIDE_25.6.136/ide/plugins/com.nxp.mcuxpresso.tools.win32_25.6.0.202501151204/tools/bin/../lib/gcc/arm-none-eabi/14.2.1/../../../../arm-none-eabi/lib/thumb/v6-m/nofp\libcr_nohost_nf.a
LOAD C:/nxp/MCUXpressoIDE_25.6.136/ide/plugins/com.nxp.mcuxpresso.tools.win32_25.6.0.202501151204/tools/bin/../lib/gcc/arm-none-eabi/14.2.1/../../../../arm-none-eabi/lib/thumb/v6-m/nofp\libcr_c.a
LOAD C:/nxp/MCUXpressoIDE_25.6.136/ide/plugins/com.nxp.mcuxpresso.tools.win32_25.6.0.202501151204/tools/bin/../lib/gcc/arm-none-eabi/14.2.1/thumb/v6-m/nofp\libcr_eabihelpers.a
LOAD C:/nxp/MCUXpressoIDE_25.6.136/ide/plugins/com.nxp.mcuxpresso.tools.win32_25.6.0.202501151204/tools/bin/../lib/gcc/arm-none-eabi/14.2.1/thumb/v6-m/nofp\libgcc.a
END GROUP
                0x00000000                        __base_PROGRAM_FLASH = 0x0
                0x00000000                        __base_Flash = 0x0
                0x00040000                        __top_PROGRAM_FLASH = 0x40000
                0x00040000                        __top_Flash = 0x40000
                0x1fffe000                        __base_SRAM = 0x1fffe000
                0x1fffe000                        __base_RAM = 0x1fffe000
                0x20006000                        __top_SRAM = 0x20006000
                0x20006000                        __top_RAM = 0x20006000

.text           0x00000000     0x6710
 FILL mask 0xff
                0x00000000                        __vectors_start__ = ABSOLUTE (.)
 *(SORT_BY_ALIGNMENT(.isr_vector))
 .isr_vector    0x00000000       0xc0 ./startup/startup_mcxc444.o
                0x00000000                g_pfnVectors
                0x00000000                __Vectors
                0x000000c0                        . = ALIGN (0x4)
                0x000000c0                        __section_table_start = .
                0x000000c0                        __data_section_table = .
                0x000000c0        0x4 LONG 0x6710 LOADADDR (.data)
                0x000000c4        0x4 LONG 0x1fffe080 ADDR (.data)
                0x000000c8        0x4 LONG 0xc SIZEOF (.data)
                0x000000cc                        __data_section_table_end = .
                0x000000cc                        __bss_section_table = .
                0x000000cc        0x4 LONG 0x1fffe08c ADDR (.bss)
                0x000000d0        0x4 LONG 0x2af0 SIZEOF (.bss)
                0x000000d4                        __bss_section_table_end = .
                0x000000d4                        __section_table_end = .
 *(SORT_BY_ALIGNMENT(.after_vectors*))
 .after_vectors.reset
                0x000000d4       0x4c ./startup/startup_mcxc444.o
                0x000000d4                ResetISR
 .after_vectors.init_data
                0x00000120       0x12 ./startup/startup_mcxc444.o
                0x00000120                data_init
 .after_vectors.init_bss
                0x00000132       0x10 ./startup/startup_mcxc444.o
                0x00000132                bss_init
 .after_vectors
                0x00000142      0x10c ./startup/startup_mcxc444.o
                0x00000142                NMI_Handler
                0x0000014c                PIT_DriverIRQHandler
                0x0000014c                I2C0_DriverIRQHandler
                0x0000014c                DMA0_DriverIRQHandler
                0x0000014c                Reserved42_DriverIRQHandler
                0x0000014c                SPI1_DriverIRQHandler
                0x0000014c                LPTMR0_DriverIRQHandler
                0x0000014c                PORTC_PORTD_DriverIRQHandler
                0x0000014c                PMC_DriverIRQHandler
                0x0000014c                Reserved43_DriverIRQHandler
                0x0000014c                DMA2_DriverIRQHandler
                0x0000014c                I2S0_DriverIRQHandler
                0x0000014c                CMP0_DriverIRQHandler
                0x0000014c                TPM2_DriverIRQHandler
                0x0000014c                ADC0_DriverIRQHandler
                0x0000014c                SPI0_DriverIRQHandler
                0x0000014c                I2C1_DriverIRQHandler
                0x0000014c                RTC_Seconds_DriverIRQHandler
                0x0000014c                LLWU_DriverIRQHandler
                0x0000014c                DMA1_DriverIRQHandler
                0x0000014c                LCD_DriverIRQHandler
                0x0000014c                RTC_DriverIRQHandler
                0x0000014c                FTFA_DriverIRQHandler
                0x0000014c                IntDefaultHandler
                0x0000014c                USB0_DriverIRQHandler
                0x0000014c                DAC0_DriverIRQHandler
                0x0000014c                TPM0_DriverIRQHandler
                0x0000014c                TPM1_DriverIRQHandler
                0x0000014c                PORTA_DriverIRQHandler
                0x0000014c                UART2_FLEXIO_DriverIRQHandler
                0x0000014c                DMA3_DriverIRQHandler
                0x0000014c                Reserved20_DriverIRQHandler
                0x0000014e                DMA0_IRQHandler
                0x00000156                DMA1_IRQHandler
                0x0000015e                DMA2_IRQHandler
                0x00000166                DMA3_IRQHandler
                0x0000016e                Reserved20_IRQHandler
                0x00000176                FTFA_IRQHandler
                0x0000017e                PMC_IRQHandler
                0x00000186                LLWU_IRQHandler
                0x0000018e                I2C0_IRQHandler
                0x00000196                I2C1_IRQHandler
                0x0000019e                SPI0_IRQHandler
                0x000001a6                SPI1_IRQHandler
                0x000001ae                LPUART0_IRQHandler
                0x000001b6                LPUART1_IRQHandler
                0x000001c6                ADC0_IRQHandler
                0x000001ce                CMP0_IRQHandler
                0x000001d6                TPM0_IRQHandler
                0x000001de                TPM1_IRQHandler
                0x000001e6                TPM2_IRQHandler
                0x000001ee                RTC_IRQHandler
                0x000001f6                RTC_Seconds_IRQHandler
                0x000001fe                PIT_IRQHandler
                0x00000206                I2S0_IRQHandler
                0x0000020e                USB0_IRQHandler
                0x00000216                DAC0_IRQHandler
                0x0000021e                Reserved42_IRQHandler
                0x00000226                Reserved43_IRQHandler
                0x0000022e                LPTMR0_IRQHandler
                0x00000236                LCD_IRQHandler
                0x0000023e                PORTA_IRQHandler
                0x00000246                PORTC_PORTD_IRQHandler
                0x00000400                        . = 0x400
 *fill*         0x0000024e      0x1b2 ff
                0x00000400                        PROVIDE (__FLASH_CONFIG_START__ = .)
 *(SORT_BY_ALIGNMENT(.FlashConfig))
 .FlashConfig   0x00000400       0x10 ./startup/startup_mcxc444.o
                0x00000400                Flash_Config
                0x00000410                        PROVIDE (__FLASH_CONFIG_END__ = .)
                0x00000001                        ASSERT (! ((__FLASH_CONFIG_START__ == __FLASH_CONFIG_END__)), Linker Flash Config Support Enabled, but no .FlashConfig section provided within application)
 *(SORT_BY_ALIGNMENT(.text*))
 .text.vRestoreContextOfFirstTask
                0x00000410       0x28 ./freertos/freertos-kernel/portable/GCC/ARM_CM0/portasm.o
                0x00000410                vRestoreContextOfFirstTask
 *fill*         0x00000438        0x8 ff
 .text.vStartFirstTask
                0x00000440       0x14 ./freertos/freertos-kernel/portable/GCC/ARM_CM0/portasm.o
                0x00000440                vStartFirstTask
 *fill*         0x00000454        0xc ff
 .text.PendSV_Handler
                0x00000460       0x48 ./freertos/freertos-kernel/portable/GCC/ARM_CM0/portasm.o
                0x00000460                PendSV_Handler
 *fill*         0x000004a8        0x8 ff
 .text.SVC_Handler
                0x000004b0       0x28 ./freertos/freertos-kernel/portable/GCC/ARM_CM0/portasm.o
                0x000004b0                SVC_Handler
 .text.DbgConsole_SendDataReliable
                0x000004d8       0x5c ./utilities/debug_console/fsl_debug_console.o
                0x000004d8                DbgConsole_SendDataReliable
 .text.DbgConsole_Vprintf
                0x00000534       0x70 ./utilities/debug_console/fsl_debug_console.o
                0x00000534                DbgConsole_Vprintf
 .text.__assertion_failed
                0x000005a4       0x34 ./utilities/fsl_assert.o
                0x000005a4                __assertion_failed
 .text.Buzzer_Init
                0x000005d8       0x44 ./source/buzzer.o
                0x000005d8                Buzzer_Init
 .text.Buzzer_On
                0x0000061c       0x20 ./source/buzzer.o
                0x0000061c                Buzzer_On
 .text.Buzzer_Off
                0x0000063c       0x20 ./source/buzzer.o
                0x0000063c                Buzzer_Off
 .text.LED_Init
                0x0000065c       0x74 ./source/led.o
                0x0000065c                LED_Init
 .text.LED_On   0x000006d0       0x60 ./source/led.o
                0x000006d0                LED_On
 .text.LED_Off  0x00000730       0x60 ./source/led.o
                0x00000730                LED_Off
 .text.LED_GetStatus
                0x00000790       0x20 ./source/led.o
                0x00000790                LED_GetStatus
 .text.LightSensor_Init
                0x000007b0       0x44 ./source/lightSensor.o
                0x000007b0                LightSensor_Init
 .text.LightSensor_Read
                0x000007f4       0x20 ./source/lightSensor.o
                0x000007f4                LightSensor_Read
 .text.main     0x00000814      0x154 ./source/main.o
                0x00000814                main
 .text.SensorTask
                0x00000968       0x70 ./source/main.o
                0x00000968                SensorTask
 .text.ControlTask
                0x000009d8       0xf8 ./source/main.o
                0x000009d8                ControlTask
 .text.UARTTask
                0x00000ad0      0x1a4 ./source/main.o
                0x00000ad0                UARTTask
 .text.SafetyTask
                0x00000c74       0x70 ./source/main.o
                0x00000c74                SafetyTask
 .text.HardFault_Handler
                0x00000ce4       0x38 ./source/semihost_hardfault.o
                0x00000ce4                HardFault_Handler
 .text.SoilMoisture_Init
                0x00000d1c       0x40 ./source/soilMoisture.o
                0x00000d1c                SoilMoisture_Init
 .text.SoilMoisture_Read
                0x00000d5c       0x1c ./source/soilMoisture.o
                0x00000d5c                SoilMoisture_Read
 .text.__NVIC_EnableIRQ
                0x00000d78       0x34 ./source/uart_comm.o
 .text.__NVIC_ClearPendingIRQ
                0x00000dac       0x38 ./source/uart_comm.o
 .text.__NVIC_SetPriority
                0x00000de4       0xdc ./source/uart_comm.o
 .text.UART_Init
                0x00000ec0       0xdc ./source/uart_comm.o
                0x00000ec0                UART_Init
 .text.UART_SendChar
                0x00000f9c       0x30 ./source/uart_comm.o
                0x00000f9c                UART_SendChar
 .text.UART_SendStatus
                0x00000fcc       0x50 ./source/uart_comm.o
                0x00000fcc                UART_SendStatus
 .text.UART_ReceiveCommand
                0x0000101c      0x1c8 ./source/uart_comm.o
                0x0000101c                UART_ReceiveCommand
 .text.UART2_FLEXIO_IRQHandler
                0x000011e4       0x88 ./source/uart_comm.o
                0x000011e4                UART2_FLEXIO_IRQHandler
 .text.WaterPump_Init
                0x0000126c       0x44 ./source/waterPump.o
                0x0000126c                WaterPump_Init
 .text.WaterPump_On
                0x000012b0       0x20 ./source/waterPump.o
                0x000012b0                WaterPump_On
 .text.WaterPump_Off
                0x000012d0       0x20 ./source/waterPump.o
                0x000012d0                WaterPump_Off
 .text.WaterPump_GetStatus
                0x000012f0       0x14 ./source/waterPump.o
                0x000012f0                WaterPump_GetStatus
 .text.pvPortMalloc
                0x00001304      0x1f4 ./freertos/freertos-kernel/portable/MemMang/heap_4.o
                0x00001304                pvPortMalloc
 .text.vPortFree
                0x000014f8       0xb8 ./freertos/freertos-kernel/portable/MemMang/heap_4.o
                0x000014f8                vPortFree
 .text.prvHeapInit
                0x000015b0       0xb0 ./freertos/freertos-kernel/portable/MemMang/heap_4.o
 .text.prvInsertBlockIntoFreeList
                0x00001660       0xe0 ./freertos/freertos-kernel/portable/MemMang/heap_4.o
 .text.vPortSetupTimerInterrupt
                0x00001740       0x44 ./freertos/freertos-kernel/portable/GCC/ARM_CM0/port.o
                0x00001740                vPortSetupTimerInterrupt
 .text.prvTaskExitError
                0x00001784       0x30 ./freertos/freertos-kernel/portable/GCC/ARM_CM0/port.o
 .text.vPortYield
                0x000017b4       0x20 ./freertos/freertos-kernel/portable/GCC/ARM_CM0/port.o
                0x000017b4                vPortYield
 .text.vPortEnterCritical
                0x000017d4       0x24 ./freertos/freertos-kernel/portable/GCC/ARM_CM0/port.o
                0x000017d4                vPortEnterCritical
 .text.vPortExitCritical
                0x000017f8       0x30 ./freertos/freertos-kernel/portable/GCC/ARM_CM0/port.o
                0x000017f8                vPortExitCritical
 .text.SysTick_Handler
                0x00001828       0x34 ./freertos/freertos-kernel/portable/GCC/ARM_CM0/port.o
                0x00001828                SysTick_Handler
 .text.pxPortInitialiseStack
                0x0000185c      0x11c ./freertos/freertos-kernel/portable/GCC/ARM_CM0/port.o
                0x0000185c                pxPortInitialiseStack
 .text.xPortStartScheduler
                0x00001978       0x8c ./freertos/freertos-kernel/portable/GCC/ARM_CM0/port.o
                0x00001978                xPortStartScheduler
 .text.vQueueAddToRegistry
                0x00001a04       0x8c ./freertos/freertos-kernel/queue.o
                0x00001a04                vQueueAddToRegistry
 .text.prvInitialiseNewTask
                0x00001a90      0x104 ./freertos/freertos-kernel/tasks.o
 .text.prvAddNewTaskToReadyList
                0x00001b94      0x120 ./freertos/freertos-kernel/tasks.o
 .text.xTaskDelayUntil
                0x00001cb4       0xc0 ./freertos/freertos-kernel/tasks.o
                0x00001cb4                xTaskDelayUntil
 .text.vTaskDelay
                0x00001d74       0x4c ./freertos/freertos-kernel/tasks.o
                0x00001d74                vTaskDelay
 .text.prvCreateIdleTasks
                0x00001dc0       0x98 ./freertos/freertos-kernel/tasks.o
 .text.vTaskStartScheduler
                0x00001e58       0x68 ./freertos/freertos-kernel/tasks.o
                0x00001e58                vTaskStartScheduler
 .text.vTaskSuspendAll
                0x00001ec0       0x18 ./freertos/freertos-kernel/tasks.o
                0x00001ec0                vTaskSuspendAll
 .text.xTaskResumeAll
                0x00001ed8      0x1ec ./freertos/freertos-kernel/tasks.o
                0x00001ed8                xTaskResumeAll
 .text.xTaskGetTickCount
                0x000020c4       0x1c ./freertos/freertos-kernel/tasks.o
                0x000020c4                xTaskGetTickCount
 .text.xTaskIncrementTick
                0x000020e0      0x204 ./freertos/freertos-kernel/tasks.o
                0x000020e0                xTaskIncrementTick
 .text.vTaskSwitchContext
                0x000022e4       0xa8 ./freertos/freertos-kernel/tasks.o
                0x000022e4                vTaskSwitchContext
 .text.vTaskPlaceOnEventList
                0x0000238c       0x40 ./freertos/freertos-kernel/tasks.o
                0x0000238c                vTaskPlaceOnEventList
 .text.vTaskPlaceOnEventListRestricted
                0x000023cc       0x80 ./freertos/freertos-kernel/tasks.o
                0x000023cc                vTaskPlaceOnEventListRestricted
 .text.xTaskRemoveFromEventList
                0x0000244c      0x19c ./freertos/freertos-kernel/tasks.o
                0x0000244c                xTaskRemoveFromEventList
 .text.vTaskInternalSetTimeOutState
                0x000025e8       0x28 ./freertos/freertos-kernel/tasks.o
                0x000025e8                vTaskInternalSetTimeOutState
 .text.xTaskCheckForTimeOut
                0x00002610       0xac ./freertos/freertos-kernel/tasks.o
                0x00002610                xTaskCheckForTimeOut
 .text.vTaskMissedYield
                0x000026bc       0x14 ./freertos/freertos-kernel/tasks.o
                0x000026bc                vTaskMissedYield
 .text.prvIdleTask
                0x000026d0       0x20 ./freertos/freertos-kernel/tasks.o
 .text.prvInitialiseTaskLists
                0x000026f0       0x88 ./freertos/freertos-kernel/tasks.o
 .text.prvCheckTasksWaitingTermination
                0x00002778       0x5c ./freertos/freertos-kernel/tasks.o
 .text.prvResetNextTaskUnblockTime
                0x000027d4       0x34 ./freertos/freertos-kernel/tasks.o
 .text.xTaskGetSchedulerState
                0x00002808       0x38 ./freertos/freertos-kernel/tasks.o
                0x00002808                xTaskGetSchedulerState
 .text.xTaskPriorityInherit
                0x00002840      0x124 ./freertos/freertos-kernel/tasks.o
                0x00002840                xTaskPriorityInherit
 .text.xTaskPriorityDisinherit
                0x00002964      0x10c ./freertos/freertos-kernel/tasks.o
                0x00002964                xTaskPriorityDisinherit
 .text.vTaskPriorityDisinheritAfterTimeout
                0x00002a70      0x134 ./freertos/freertos-kernel/tasks.o
                0x00002a70                vTaskPriorityDisinheritAfterTimeout
 .text.pvTaskIncrementMutexHeldCount
                0x00002ba4       0x2c ./freertos/freertos-kernel/tasks.o
                0x00002ba4                pvTaskIncrementMutexHeldCount
 .text.xTaskGenericNotify
                0x00002bd0      0x214 ./freertos/freertos-kernel/tasks.o
                0x00002bd0                xTaskGenericNotify
 .text.xTaskGenericNotifyFromISR
                0x00002de4      0x27c ./freertos/freertos-kernel/tasks.o
                0x00002de4                xTaskGenericNotifyFromISR
 .text.prvAddCurrentTaskToDelayedList
                0x00003060       0xe4 ./freertos/freertos-kernel/tasks.o
 .text.xTimerCreateTimerTask
                0x00003144       0x54 ./freertos/freertos-kernel/timers.o
                0x00003144                xTimerCreateTimerTask
 .text.prvProcessExpiredTimer
                0x00003198       0x64 ./freertos/freertos-kernel/timers.o
 .text.prvProcessTimerOrBlockTask
                0x000031fc       0x90 ./freertos/freertos-kernel/timers.o
 .text.prvGetNextExpireTime
                0x0000328c       0x44 ./freertos/freertos-kernel/timers.o
 .text.prvSampleTimeNow
                0x000032d0       0x40 ./freertos/freertos-kernel/timers.o
 .text.prvInsertTimerInActiveList
                0x00003310       0x84 ./freertos/freertos-kernel/timers.o
 .text.prvProcessReceivedCommands
                0x00003394      0x198 ./freertos/freertos-kernel/timers.o
 .text.prvSwitchTimerLists
                0x0000352c       0x50 ./freertos/freertos-kernel/timers.o
 .text.prvCheckForValidListAndQueue
                0x0000357c       0x74 ./freertos/freertos-kernel/timers.o
 .text.LPUART_WriteBlocking
                0x000035f0       0x6c ./drivers/fsl_lpuart.o
                0x000035f0                LPUART_WriteBlocking
 .text.LPUART0_DriverIRQHandler
                0x0000365c       0x24 ./drivers/fsl_lpuart.o
                0x0000365c                LPUART0_DriverIRQHandler
 .text.LPUART1_DriverIRQHandler
                0x00003680       0x24 ./drivers/fsl_lpuart.o
                0x00003680                LPUART1_DriverIRQHandler
 .text.SystemInit
                0x000036a4       0x40 ./device/system_MCXC444.o
                0x000036a4                SystemInit
 .text.HAL_UartSendBlocking
                0x000036e4       0x6c ./component/uart/fsl_adapter_lpuart.o
                0x000036e4                HAL_UartSendBlocking
 .text.SerialManager_StartWriting
                0x00003750       0x44 ./component/serial_manager/fsl_component_serial_manager.o
 .text.malloc   0x00003794       0xd4 C:/nxp/MCUXpressoIDE_25.6.136/ide/plugins/com.nxp.mcuxpresso.tools.win32_25.6.0.202501151204/tools/bin/../lib/gcc/arm-none-eabi/14.2.1/../../../../arm-none-eabi/lib/thumb/v6-m/nofp\libcr_c.a(alloc.o)
                0x00003794                malloc
 .text._Csys_alloc
                0x00003868       0x20 C:/nxp/MCUXpressoIDE_25.6.136/ide/plugins/com.nxp.mcuxpresso.tools.win32_25.6.0.202501151204/tools/bin/../lib/gcc/arm-none-eabi/14.2.1/../../../../arm-none-eabi/lib/thumb/v6-m/nofp\libcr_c.a(alloc.o)
                0x00003868                _Csys_alloc
 .text._initio  0x00003888       0x7c C:/nxp/MCUXpressoIDE_25.6.136/ide/plugins/com.nxp.mcuxpresso.tools.win32_25.6.0.202501151204/tools/bin/../lib/gcc/arm-none-eabi/14.2.1/../../../../arm-none-eabi/lib/thumb/v6-m/nofp\libcr_c.a(initio.o)
                0x00003888                _initio
 .text.__vfprintf
                0x00003904      0xd50 C:/nxp/MCUXpressoIDE_25.6.136/ide/plugins/com.nxp.mcuxpresso.tools.win32_25.6.0.202501151204/tools/bin/../lib/gcc/arm-none-eabi/14.2.1/../../../../arm-none-eabi/lib/thumb/v6-m/nofp\libcr_c.a(printf.o)
                0x00003904                __vfprintf
 .text._sprintf
                0x00004654       0x6c C:/nxp/MCUXpressoIDE_25.6.136/ide/plugins/com.nxp.mcuxpresso.tools.win32_25.6.0.202501151204/tools/bin/../lib/gcc/arm-none-eabi/14.2.1/../../../../arm-none-eabi/lib/thumb/v6-m/nofp\libcr_c.a(printf.o)
                0x00004654                _sprintf
 .text.setvbuf  0x000046c0       0x4c C:/nxp/MCUXpressoIDE_25.6.136/ide/plugins/com.nxp.mcuxpresso.tools.win32_25.6.0.202501151204/tools/bin/../lib/gcc/arm-none-eabi/14.2.1/../../../../arm-none-eabi/lib/thumb/v6-m/nofp\libcr_c.a(setvbuf.o)
                0x000046c0                setvbuf
 .text.strlen   0x0000470c       0x5c C:/nxp/MCUXpressoIDE_25.6.136/ide/plugins/com.nxp.mcuxpresso.tools.win32_25.6.0.202501151204/tools/bin/../lib/gcc/arm-none-eabi/14.2.1/../../../../arm-none-eabi/lib/thumb/v6-m/nofp\libcr_c.a(strlen.o)
                0x0000470c                strlen
 .text._sbrk    0x00004768       0x40 C:/nxp/MCUXpressoIDE_25.6.136/ide/plugins/com.nxp.mcuxpresso.tools.win32_25.6.0.202501151204/tools/bin/../lib/gcc/arm-none-eabi/14.2.1/../../../../arm-none-eabi/lib/thumb/v6-m/nofp\libcr_c.a(_cr_sbrk.o)
                0x00004768                _sbrk
 .text._deferredlazyseek
                0x000047a8       0x44 C:/nxp/MCUXpressoIDE_25.6.136/ide/plugins/com.nxp.mcuxpresso.tools.win32_25.6.0.202501151204/tools/bin/../lib/gcc/arm-none-eabi/14.2.1/../../../../arm-none-eabi/lib/thumb/v6-m/nofp\libcr_c.a(_deferredlazyseek.o)
                0x000047a8                _deferredlazyseek
 .text.__flsbuf
                0x000047ec      0x130 C:/nxp/MCUXpressoIDE_25.6.136/ide/plugins/com.nxp.mcuxpresso.tools.win32_25.6.0.202501151204/tools/bin/../lib/gcc/arm-none-eabi/14.2.1/../../../../arm-none-eabi/lib/thumb/v6-m/nofp\libcr_c.a(_deferredlazyseek.o)
                0x000047ec                __flsbuf
 .text._fdopen  0x0000491c       0x74 C:/nxp/MCUXpressoIDE_25.6.136/ide/plugins/com.nxp.mcuxpresso.tools.win32_25.6.0.202501151204/tools/bin/../lib/gcc/arm-none-eabi/14.2.1/../../../../arm-none-eabi/lib/thumb/v6-m/nofp\libcr_c.a(_fdopen.o)
                0x0000491c                _fdopen
 .text._fflush  0x00004990       0x5c C:/nxp/MCUXpressoIDE_25.6.136/ide/plugins/com.nxp.mcuxpresso.tools.win32_25.6.0.202501151204/tools/bin/../lib/gcc/arm-none-eabi/14.2.1/../../../../arm-none-eabi/lib/thumb/v6-m/nofp\libcr_c.a(_fflush.o)
                0x00004990                _fflush
 .text._Cwritebuf
                0x000049ec       0x68 C:/nxp/MCUXpressoIDE_25.6.136/ide/plugins/com.nxp.mcuxpresso.tools.win32_25.6.0.202501151204/tools/bin/../lib/gcc/arm-none-eabi/14.2.1/../../../../arm-none-eabi/lib/thumb/v6-m/nofp\libcr_c.a(_writebuf.o)
                0x000049ec                _Cwritebuf
 .text.fclose   0x00004a54       0x5c C:/nxp/MCUXpressoIDE_25.6.136/ide/plugins/com.nxp.mcuxpresso.tools.win32_25.6.0.202501151204/tools/bin/../lib/gcc/arm-none-eabi/14.2.1/../../../../arm-none-eabi/lib/thumb/v6-m/nofp\libcr_c.a(fclose.o)
                0x00004a54                fclose
 .text.fflush   0x00004ab0       0x40 C:/nxp/MCUXpressoIDE_25.6.136/ide/plugins/com.nxp.mcuxpresso.tools.win32_25.6.0.202501151204/tools/bin/../lib/gcc/arm-none-eabi/14.2.1/../../../../arm-none-eabi/lib/thumb/v6-m/nofp\libcr_c.a(fflush.o)
                0x00004ab0                fflush
 .text.fseek    0x00004af0       0xec C:/nxp/MCUXpressoIDE_25.6.136/ide/plugins/com.nxp.mcuxpresso.tools.win32_25.6.0.202501151204/tools/bin/../lib/gcc/arm-none-eabi/14.2.1/../../../../arm-none-eabi/lib/thumb/v6-m/nofp\libcr_c.a(fseek.o)
                0x00004af0                fseek
 .text.ftell    0x00004bdc       0x4c C:/nxp/MCUXpressoIDE_25.6.136/ide/plugins/com.nxp.mcuxpresso.tools.win32_25.6.0.202501151204/tools/bin/../lib/gcc/arm-none-eabi/14.2.1/../../../../arm-none-eabi/lib/thumb/v6-m/nofp\libcr_c.a(ftell.o)
                0x00004bdc                ftell
 .text.__check_heap_overflow
                0x00004c28       0x18 C:/nxp/MCUXpressoIDE_25.6.136/ide/plugins/com.nxp.mcuxpresso.tools.win32_25.6.0.202501151204/tools/bin/../lib/gcc/arm-none-eabi/14.2.1/../../../../arm-none-eabi/lib/thumb/v6-m/nofp\libcr_c.a(_cr_check_heap.o)
                0x00004c28                __check_heap_overflow
 .text._do_fflush
                0x00004c40       0x48 C:/nxp/MCUXpressoIDE_25.6.136/ide/plugins/com.nxp.mcuxpresso.tools.win32_25.6.0.202501151204/tools/bin/../lib/gcc/arm-none-eabi/14.2.1/../../../../arm-none-eabi/lib/thumb/v6-m/nofp\libcr_c.a(_do_fflush.o)
                0x00004c40                _do_fflush
 .text.PrintGetWidth
                0x00004c88       0x7c ./utilities/str/fsl_str.o
 .text.PrintGetPrecision
                0x00004d04       0xa0 ./utilities/str/fsl_str.o
 .text.PrintIsobpu
                0x00004da4       0x3e ./utilities/str/fsl_str.o
 .text.PrintIsdi
                0x00004de2       0x2e ./utilities/str/fsl_str.o
 .text.PrintOutputdifFobpu
                0x00004e10       0x48 ./utilities/str/fsl_str.o
 .text.PrintOutputxX
                0x00004e58       0x48 ./utilities/str/fsl_str.o
 .text.PrintIsfF
                0x00004ea0       0x2e ./utilities/str/fsl_str.o
 .text.PrintIsxX
                0x00004ece       0x2e ./utilities/str/fsl_str.o
 .text.PrintFilterLengthFlag
                0x00004efc       0x44 ./utilities/str/fsl_str.o
 .text.PrintGetRadixFromobpu
                0x00004f40       0x58 ./utilities/str/fsl_str.o
 .text.ConvertRadixNumToString
                0x00004f98       0xc0 ./utilities/str/fsl_str.o
 .text.StrFormatExaminedi
                0x00005058       0x22 ./utilities/str/fsl_str.o
 .text.StrFormatExaminexX
                0x0000507a       0x22 ./utilities/str/fsl_str.o
 .text.StrFormatExamineobpu
                0x0000509c       0x22 ./utilities/str/fsl_str.o
 .text.ConvertPrecisionWidthToLength
                0x000050be       0x22 ./utilities/str/fsl_str.o
 .text.StrFormatPrintf
                0x000050e0      0x2d6 ./utilities/str/fsl_str.o
                0x000050e0                StrFormatPrintf
 .text.DbgConsole_PrintCallback
                0x000053b6       0x6c ./utilities/debug_console/fsl_debug_console.o
 .text.DbgConsole_Printf
                0x00005422       0x32 ./utilities/debug_console/fsl_debug_console.o
                0x00005422                DbgConsole_Printf
 .text.__sys_write
                0x00005454       0x40 ./utilities/debug_console/fsl_debug_console.o
                0x00005454                __sys_write
 .text.fsl_assert_hook
                0x00005494       0x16 ./utilities/fsl_assert.o
                0x00005494                fsl_assert_hook
 .text.LED_AllOff
                0x000054aa       0x1c ./source/led.o
                0x000054aa                LED_AllOff
 .text.LightSensor_IsDark
                0x000054c6       0x10 ./source/lightSensor.o
                0x000054c6                LightSensor_IsDark
 .text.SoilMoisture_IsDry
                0x000054d6       0x10 ./source/soilMoisture.o
                0x000054d6                SoilMoisture_IsDry
 .text.UART_SendString
                0x000054e6       0x2a ./source/uart_comm.o
                0x000054e6                UART_SendString
 .text.vPortSVCHandler_C
                0x00005510       0x38 ./freertos/freertos-kernel/portable/GCC/ARM_CM0/port.o
                0x00005510                vPortSVCHandler_C
 .text.ulSetInterruptMask
                0x00005548        0xc ./freertos/freertos-kernel/portable/GCC/ARM_CM0/portasm.o
                0x00005548                ulSetInterruptMask
 .text.vClearInterruptMask
                0x00005554        0x8 ./freertos/freertos-kernel/portable/GCC/ARM_CM0/portasm.o
                0x00005554                vClearInterruptMask
 .text.vListInitialise
                0x0000555c       0x3c ./freertos/freertos-kernel/list.o
                0x0000555c                vListInitialise
 .text.vListInitialiseItem
                0x00005598       0x16 ./freertos/freertos-kernel/list.o
                0x00005598                vListInitialiseItem
 .text.vListInsert
                0x000055ae       0x6c ./freertos/freertos-kernel/list.o
                0x000055ae                vListInsert
 .text.uxListRemove
                0x0000561a       0x50 ./freertos/freertos-kernel/list.o
                0x0000561a                uxListRemove
 .text.xQueueGenericReset
                0x0000566a      0x116 ./freertos/freertos-kernel/queue.o
                0x0000566a                xQueueGenericReset
 .text.xQueueGenericCreate
                0x00005780       0xbe ./freertos/freertos-kernel/queue.o
                0x00005780                xQueueGenericCreate
 .text.prvInitialiseNewQueue
                0x0000583e       0x4e ./freertos/freertos-kernel/queue.o
 .text.prvInitialiseMutex
                0x0000588c       0x34 ./freertos/freertos-kernel/queue.o
 .text.xQueueCreateMutex
                0x000058c0       0x38 ./freertos/freertos-kernel/queue.o
                0x000058c0                xQueueCreateMutex
 .text.xQueueGenericSend
                0x000058f8      0x190 ./freertos/freertos-kernel/queue.o
                0x000058f8                xQueueGenericSend
 .text.xQueueReceive
                0x00005a88      0x170 ./freertos/freertos-kernel/queue.o
                0x00005a88                xQueueReceive
 .text.xQueueSemaphoreTake
                0x00005bf8      0x1b0 ./freertos/freertos-kernel/queue.o
                0x00005bf8                xQueueSemaphoreTake
 .text.prvGetDisinheritPriorityAfterTimeout
                0x00005da8       0x2c ./freertos/freertos-kernel/queue.o
 .text.prvCopyDataToQueue
                0x00005dd4       0xd6 ./freertos/freertos-kernel/queue.o
 .text.prvCopyDataFromQueue
                0x00005eaa       0x4c ./freertos/freertos-kernel/queue.o
 .text.prvUnlockQueue
                0x00005ef6       0xbc ./freertos/freertos-kernel/queue.o
 .text.prvIsQueueEmpty
                0x00005fb2       0x2c ./freertos/freertos-kernel/queue.o
 .text.prvIsQueueFull
                0x00005fde       0x30 ./freertos/freertos-kernel/queue.o
 .text.vQueueWaitForMessageRestricted
                0x0000600e       0x66 ./freertos/freertos-kernel/queue.o
                0x0000600e                vQueueWaitForMessageRestricted
 .text.prvCreateTask
                0x00006074       0x82 ./freertos/freertos-kernel/tasks.o
 .text.xTaskCreate
                0x000060f6       0x4c ./freertos/freertos-kernel/tasks.o
                0x000060f6                xTaskCreate
 .text.prvDeleteTCB
                0x00006142       0x22 ./freertos/freertos-kernel/tasks.o
 .text.prvReloadTimer
                0x00006164       0x42 ./freertos/freertos-kernel/timers.o
 .text.prvTimerTask
                0x000061a6       0x2a ./freertos/freertos-kernel/timers.o
 .text.SystemInitHook
                0x000061d0        0xa ./device/system_MCXC444.o
                0x000061d0                SystemInitHook
 .text.SerialManager_Write
                0x000061da       0x44 ./component/serial_manager/fsl_component_serial_manager.o
 .text.SerialManager_WriteBlocking
                0x0000621e       0x22 ./component/serial_manager/fsl_component_serial_manager.o
                0x0000621e                SerialManager_WriteBlocking
 .text.Serial_UartWrite
                0x00006240       0x38 ./component/serial_manager/fsl_component_serial_port_uart.o
                0x00006240                Serial_UartWrite
 .text.__main   0x00006278        0xc C:/nxp/MCUXpressoIDE_25.6.136/ide/plugins/com.nxp.mcuxpresso.tools.win32_25.6.0.202501151204/tools/bin/../lib/gcc/arm-none-eabi/14.2.1/../../../../arm-none-eabi/lib/thumb/v6-m/nofp\libcr_nohost_nf.a(_cr__main.o)
                0x00006278                __main
 .text.memcpy   0x00006284        0x8 C:/nxp/MCUXpressoIDE_25.6.136/ide/plugins/com.nxp.mcuxpresso.tools.win32_25.6.0.202501151204/tools/bin/../lib/gcc/arm-none-eabi/14.2.1/../../../../arm-none-eabi/lib/thumb/v6-m/nofp\libcr_c.a(memcpy.o)
                0x00006284                memcpy
 .text.memset   0x0000628c        0x8 C:/nxp/MCUXpressoIDE_25.6.136/ide/plugins/com.nxp.mcuxpresso.tools.win32_25.6.0.202501151204/tools/bin/../lib/gcc/arm-none-eabi/14.2.1/../../../../arm-none-eabi/lib/thumb/v6-m/nofp\libcr_c.a(memset.o)
                0x0000628c                memset
 .text.free     0x00006294       0x2c C:/nxp/MCUXpressoIDE_25.6.136/ide/plugins/com.nxp.mcuxpresso.tools.win32_25.6.0.202501151204/tools/bin/../lib/gcc/arm-none-eabi/14.2.1/../../../../arm-none-eabi/lib/thumb/v6-m/nofp\libcr_c.a(alloc.o)
                0x00006294                free
 .text.no_fp_display
                0x000062c0        0x4 C:/nxp/MCUXpressoIDE_25.6.136/ide/plugins/com.nxp.mcuxpresso.tools.win32_25.6.0.202501151204/tools/bin/../lib/gcc/arm-none-eabi/14.2.1/../../../../arm-none-eabi/lib/thumb/v6-m/nofp\libcr_c.a(printf.o)
 .text.remove   0x000062c4       0x12 C:/nxp/MCUXpressoIDE_25.6.136/ide/plugins/com.nxp.mcuxpresso.tools.win32_25.6.0.202501151204/tools/bin/../lib/gcc/arm-none-eabi/14.2.1/../../../../arm-none-eabi/lib/thumb/v6-m/nofp\libcr_c.a(remove.o)
                0x000062c4                remove
 .text.__aeabi_division_idivmod
                0x000062d6       0x78 C:/nxp/MCUXpressoIDE_25.6.136/ide/plugins/com.nxp.mcuxpresso.tools.win32_25.6.0.202501151204/tools/bin/../lib/gcc/arm-none-eabi/14.2.1/thumb/v6-m/nofp\libcr_eabihelpers.a(division_32.o)
                0x000062d6                __aeabi_idivmod
                0x000062d6                __aeabi_idiv
                0x000062dc                __aeabi_uidivmod
                0x000062dc                __aeabi_uidiv
 .text.__aeabi_division_idiv0
                0x0000634e        0x2 C:/nxp/MCUXpressoIDE_25.6.136/ide/plugins/com.nxp.mcuxpresso.tools.win32_25.6.0.202501151204/tools/bin/../lib/gcc/arm-none-eabi/14.2.1/thumb/v6-m/nofp\libcr_eabihelpers.a(division_idiv0.o)
                0x0000634e                __aeabi_idiv0
 .text.__aeabi_llong_lmul
                0x00006350       0x2e C:/nxp/MCUXpressoIDE_25.6.136/ide/plugins/com.nxp.mcuxpresso.tools.win32_25.6.0.202501151204/tools/bin/../lib/gcc/arm-none-eabi/14.2.1/thumb/v6-m/nofp\libcr_eabihelpers.a(llong.o)
                0x00006350                __aeabi_lmul
 .text.__aeabi_memcpy
                0x0000637e       0x2c C:/nxp/MCUXpressoIDE_25.6.136/ide/plugins/com.nxp.mcuxpresso.tools.win32_25.6.0.202501151204/tools/bin/../lib/gcc/arm-none-eabi/14.2.1/thumb/v6-m/nofp\libcr_eabihelpers.a(memcpy.o)
                0x0000637e                __aeabi_memcpy4
                0x0000637e                __aeabi_memcpy8
                0x0000637e                __aeabi_memcpy
 .text.__aeabi_memset_lowlevel
                0x000063aa       0x2a C:/nxp/MCUXpressoIDE_25.6.136/ide/plugins/com.nxp.mcuxpresso.tools.win32_25.6.0.202501151204/tools/bin/../lib/gcc/arm-none-eabi/14.2.1/thumb/v6-m/nofp\libcr_eabihelpers.a(memcpy.o)
                0x000063aa                __aeabi_lowlevel_memset
 .text.__gnu_thumb1_case_uqi
                0x000063d4       0x10 C:/nxp/MCUXpressoIDE_25.6.136/ide/plugins/com.nxp.mcuxpresso.tools.win32_25.6.0.202501151204/tools/bin/../lib/gcc/arm-none-eabi/14.2.1/thumb/v6-m/nofp\libcr_eabihelpers.a(thumb1_switch_helpers.o)
                0x000063d4                __gnu_thumb1_case_uqi
 .text.__gnu_thumb1_case_uhi
                0x000063e4       0x10 C:/nxp/MCUXpressoIDE_25.6.136/ide/plugins/com.nxp.mcuxpresso.tools.win32_25.6.0.202501151204/tools/bin/../lib/gcc/arm-none-eabi/14.2.1/thumb/v6-m/nofp\libcr_eabihelpers.a(thumb1_switch_helpers.o)
                0x000063e4                __gnu_thumb1_case_uhi
 .text.__sys_appexit
                0x000063f4        0x2 C:/nxp/MCUXpressoIDE_25.6.136/ide/plugins/com.nxp.mcuxpresso.tools.win32_25.6.0.202501151204/tools/bin/../lib/gcc/arm-none-eabi/14.2.1/../../../../arm-none-eabi/lib/thumb/v6-m/nofp\libcr_nohost_nf.a(__sys_appexit.o)
                0x000063f4                __sys_appexit
                0x000063f4                __exit
 .text.__sys_close
                0x000063f6        0x6 C:/nxp/MCUXpressoIDE_25.6.136/ide/plugins/com.nxp.mcuxpresso.tools.win32_25.6.0.202501151204/tools/bin/../lib/gcc/arm-none-eabi/14.2.1/../../../../arm-none-eabi/lib/thumb/v6-m/nofp\libcr_nohost_nf.a(__sys_close.o)
                0x000063f6                __sys_close
 .text.__sys_flen
                0x000063fc        0x6 C:/nxp/MCUXpressoIDE_25.6.136/ide/plugins/com.nxp.mcuxpresso.tools.win32_25.6.0.202501151204/tools/bin/../lib/gcc/arm-none-eabi/14.2.1/../../../../arm-none-eabi/lib/thumb/v6-m/nofp\libcr_nohost_nf.a(__sys_flen.o)
                0x000063fc                __sys_flen
 .text.__sys_istty
                0x00006402        0x6 C:/nxp/MCUXpressoIDE_25.6.136/ide/plugins/com.nxp.mcuxpresso.tools.win32_25.6.0.202501151204/tools/bin/../lib/gcc/arm-none-eabi/14.2.1/../../../../arm-none-eabi/lib/thumb/v6-m/nofp\libcr_nohost_nf.a(__sys_istty.o)
                0x00006402                __sys_istty
 .text.__sys_remove
                0x00006408        0x6 C:/nxp/MCUXpressoIDE_25.6.136/ide/plugins/com.nxp.mcuxpresso.tools.win32_25.6.0.202501151204/tools/bin/../lib/gcc/arm-none-eabi/14.2.1/../../../../arm-none-eabi/lib/thumb/v6-m/nofp\libcr_nohost_nf.a(__sys_remove.o)
                0x00006408                __sys_remove
 .text.__sys_seek
                0x0000640e        0x6 C:/nxp/MCUXpressoIDE_25.6.136/ide/plugins/com.nxp.mcuxpresso.tools.win32_25.6.0.202501151204/tools/bin/../lib/gcc/arm-none-eabi/14.2.1/../../../../arm-none-eabi/lib/thumb/v6-m/nofp\libcr_nohost_nf.a(__sys_seek.o)
                0x0000640e                __sys_seek
 .text.__sys_tmpnam
                0x00006414        0x6 C:/nxp/MCUXpressoIDE_25.6.136/ide/plugins/com.nxp.mcuxpresso.tools.win32_25.6.0.202501151204/tools/bin/../lib/gcc/arm-none-eabi/14.2.1/../../../../arm-none-eabi/lib/thumb/v6-m/nofp\libcr_nohost_nf.a(__sys_tmpnam.o)
                0x00006414                __sys_tmpnam
 *freertos*/tasks.o(SORT_BY_ALIGNMENT(.rodata*))
 *fill*         0x0000641a        0x2 ff
 .rodata.uxTopUsedPriority
                0x0000641c        0x4 ./freertos/freertos-kernel/tasks.o
 .rodata.prvCreateIdleTasks.str1.4
                0x00006420        0x5 ./freertos/freertos-kernel/tasks.o
 .rodata.xTaskGenericNotify
                0x00006420       0x14 ./freertos/freertos-kernel/tasks.o
 .rodata.xTaskGenericNotifyFromISR
                0x00006434       0x14 ./freertos/freertos-kernel/tasks.o
 *(SORT_BY_ALIGNMENT(.rodata) SORT_BY_ALIGNMENT(.rodata.*) SORT_BY_ALIGNMENT(.constdata) SORT_BY_ALIGNMENT(.constdata.*))
 .rodata.__assertion_failed.str1.4
                0x00006448      0x21b ./utilities/fsl_assert.o
                                 0x14 (size before relaxing)
 .rodata.main.str1.4
                0x00006663       0x74 ./source/main.o
 .rodata.SensorTask.str1.4
                0x00006663       0x1c ./source/main.o
 .rodata.UARTTask.str1.4
                0x00006663       0x63 ./source/main.o
 *fill*         0x00006663        0x1 ff
 .rodata.UARTTask
                0x00006664       0x24 ./source/main.o
 .rodata.SafetyTask.str1.4
                0x00006688       0x21 ./source/main.o
 .rodata.UART_SendStatus.str1.4
                0x00006688       0x36 ./source/uart_comm.o
 .rodata.xTimerCreateTimerTask.str1.4
                0x00006688        0x8 ./freertos/freertos-kernel/timers.o
 .rodata.prvProcessReceivedCommands
                0x00006688       0x28 ./freertos/freertos-kernel/timers.o
 .rodata.prvCheckForValidListAndQueue.str1.4
                0x000066b0        0x5 ./freertos/freertos-kernel/timers.o
 .rodata.LPUART_WriteBlocking.str1.4
                0x000066b0       0x21 ./drivers/fsl_lpuart.o
 .rodata.s_LpuartAdapterBase
                0x000066b0        0x8 ./component/uart/fsl_adapter_lpuart.o
 .rodata.HAL_UartSendBlocking.str1.4
                0x000066b8       0x7b ./component/uart/fsl_adapter_lpuart.o
 .rodata.__num_Ciob_streams
                0x000066b8        0x4 C:/nxp/MCUXpressoIDE_25.6.136/ide/plugins/com.nxp.mcuxpresso.tools.win32_25.6.0.202501151204/tools/bin/../lib/gcc/arm-none-eabi/14.2.1/../../../../arm-none-eabi/lib/thumb/v6-m/nofp\libcr_nohost_nf.a(__ciob.o)
                0x000066b8                __num_Ciob_streams
 .rodata._Csys_alloc.str1.1
                0x000066bc       0x53 C:/nxp/MCUXpressoIDE_25.6.136/ide/plugins/com.nxp.mcuxpresso.tools.win32_25.6.0.202501151204/tools/bin/../lib/gcc/arm-none-eabi/14.2.1/../../../../arm-none-eabi/lib/thumb/v6-m/nofp\libcr_c.a(alloc.o)
                                 0x18 (size before relaxing)
 .rodata._initio.str1.1
                0x0000670f        0x4 C:/nxp/MCUXpressoIDE_25.6.136/ide/plugins/com.nxp.mcuxpresso.tools.win32_25.6.0.202501151204/tools/bin/../lib/gcc/arm-none-eabi/14.2.1/../../../../arm-none-eabi/lib/thumb/v6-m/nofp\libcr_c.a(initio.o)
 .rodata.__vfprintf.str1.1
                0x0000670f       0x38 C:/nxp/MCUXpressoIDE_25.6.136/ide/plugins/com.nxp.mcuxpresso.tools.win32_25.6.0.202501151204/tools/bin/../lib/gcc/arm-none-eabi/14.2.1/../../../../arm-none-eabi/lib/thumb/v6-m/nofp\libcr_c.a(printf.o)
                0x00006748                        . = ALIGN (0x4)
 *fill*         0x0000670f        0x1 ff

.glue_7         0x00006710        0x0
 .glue_7        0x00006710        0x0 linker stubs

.glue_7t        0x00006710        0x0
 .glue_7t       0x00006710        0x0 linker stubs

.vfp11_veneer   0x00006710        0x0
 .vfp11_veneer  0x00006710        0x0 linker stubs

.v4_bx          0x00006710        0x0
 .v4_bx         0x00006710        0x0 linker stubs

.iplt           0x00006710        0x0
 .iplt          0x00006710        0x0 ./utilities/str/fsl_str.o

.rel.dyn        0x00006710        0x0
 .rel.iplt      0x00006710        0x0 ./utilities/str/fsl_str.o

.ARM.extab
 *(SORT_BY_ALIGNMENT(.ARM.extab*) SORT_BY_ALIGNMENT(.gnu.linkonce.armextab.*))

.ARM.exidx      0x00006710        0x0
                0x00006710                        __exidx_start = .
 *(SORT_BY_ALIGNMENT(.ARM.exidx*) SORT_BY_ALIGNMENT(.gnu.linkonce.armexidx.*))
                0x00006710                        __exidx_end = .
                0x00006710                        _etext = .

.mtb_buffer_default
                0x1fffe000       0x80
 *(SORT_BY_ALIGNMENT(.mtb*))
 .mtb.$RAM1     0x1fffe000       0x80 ./source/mtb.o
                0x1fffe000                __mtb_buffer__

.uninit_RESERVED
                0x1fffe080        0x0
                0x1fffe080                        _start_uninit_RESERVED = .
 *(SORT_BY_ALIGNMENT(.bss.$RESERVED*))
                0x1fffe080                        . = ALIGN (0x4)
                0x1fffe080                        _end_uninit_RESERVED = .

.data           0x1fffe080        0xc load address 0x00006710
 FILL mask 0xff
                0x1fffe080                        _data = .
                [!provide]                        PROVIDE (__start_data_RAM = .)
                [!provide]                        PROVIDE (__start_data_SRAM = .)
 *(SORT_BY_ALIGNMENT(vtable))
 *(SORT_BY_ALIGNMENT(.ramfunc*))
 *(SORT_BY_ALIGNMENT(CodeQuickAccess))
 *(SORT_BY_ALIGNMENT(DataQuickAccess))
 *(SORT_BY_ALIGNMENT(RamFunction))
 *(SORT_BY_ALIGNMENT(.data*))
 .data.ulCriticalNesting
                0x1fffe080        0x4 ./freertos/freertos-kernel/portable/GCC/ARM_CM0/port.o
 .data.SystemCoreClock
                0x1fffe084        0x4 ./device/system_MCXC444.o
                0x1fffe084                SystemCoreClock
 .data.waterLevel
                0x1fffe088        0x1 ./source/main.o
                0x1fffe08c                        . = ALIGN (0x4)
 *fill*         0x1fffe089        0x3 ff
                0x1fffe08c                        _edata = .
                [!provide]                        PROVIDE (__end_data_RAM = .)
                [!provide]                        PROVIDE (__end_data_SRAM = .)

.igot.plt       0x1fffe08c        0x0 load address 0x0000671c
 .igot.plt      0x1fffe08c        0x0 ./utilities/str/fsl_str.o

.bss            0x1fffe08c     0x2af0
                0x1fffe08c                        _bss = .
                [!provide]                        PROVIDE (__start_bss_RAM = .)
                [!provide]                        PROVIDE (__start_bss_SRAM = .)
 *(SORT_BY_ALIGNMENT(.bss*))
 .bss.s_debugConsoleState
                0x1fffe08c       0x20 ./utilities/debug_console/fsl_debug_console.o
 .bss.g_serialHandle
                0x1fffe0ac        0x4 ./utilities/debug_console/fsl_debug_console.o
                0x1fffe0ac                g_serialHandle
 .bss.ledStatus
                0x1fffe0b0        0x3 ./source/led.o
 *fill*         0x1fffe0b3        0x1 
 .bss.pumpStartTicks
                0x1fffe0b4        0x4 ./source/main.o
 .bss.sensorDataQueue
                0x1fffe0b8        0x4 ./source/main.o
 .bss.commandQueue
                0x1fffe0bc        0x4 ./source/main.o
 .bss.systemModeMutex
                0x1fffe0c0        0x4 ./source/main.o
 .bss.pumpControlMutex
                0x1fffe0c4        0x4 ./source/main.o
 .bss.rxBuffer  0x1fffe0c8       0x40 ./source/uart_comm.o
 .bss.ucHeap    0x1fffe108     0x2800 ./freertos/freertos-kernel/portable/MemMang/heap_4.o
 .bss.xStart    0x20000908        0x8 ./freertos/freertos-kernel/portable/MemMang/heap_4.o
 .bss.pxEnd     0x20000910        0x4 ./freertos/freertos-kernel/portable/MemMang/heap_4.o
 .bss.xFreeBytesRemaining
                0x20000914        0x4 ./freertos/freertos-kernel/portable/MemMang/heap_4.o
 .bss.xMinimumEverFreeBytesRemaining
                0x20000918        0x4 ./freertos/freertos-kernel/portable/MemMang/heap_4.o
 .bss.xNumberOfSuccessfulAllocations
                0x2000091c        0x4 ./freertos/freertos-kernel/portable/MemMang/heap_4.o
 .bss.xNumberOfSuccessfulFrees
                0x20000920        0x4 ./freertos/freertos-kernel/portable/MemMang/heap_4.o
 .bss.xQueueRegistry
                0x20000924       0x40 ./freertos/freertos-kernel/queue.o
                0x20000924                xQueueRegistry
 .bss.pxCurrentTCB
                0x20000964        0x4 ./freertos/freertos-kernel/tasks.o
                0x20000964                pxCurrentTCB
 .bss.pxReadyTasksLists
                0x20000968       0x64 ./freertos/freertos-kernel/tasks.o
 .bss.xDelayedTaskList1
                0x200009cc       0x14 ./freertos/freertos-kernel/tasks.o
 .bss.xDelayedTaskList2
                0x200009e0       0x14 ./freertos/freertos-kernel/tasks.o
 .bss.pxDelayedTaskList
                0x200009f4        0x4 ./freertos/freertos-kernel/tasks.o
 .bss.pxOverflowDelayedTaskList
                0x200009f8        0x4 ./freertos/freertos-kernel/tasks.o
 .bss.xPendingReadyList
                0x200009fc       0x14 ./freertos/freertos-kernel/tasks.o
 .bss.xTasksWaitingTermination
                0x20000a10       0x14 ./freertos/freertos-kernel/tasks.o
 .bss.uxDeletedTasksWaitingCleanUp
                0x20000a24        0x4 ./freertos/freertos-kernel/tasks.o
 .bss.xSuspendedTaskList
                0x20000a28       0x14 ./freertos/freertos-kernel/tasks.o
 .bss.uxCurrentNumberOfTasks
                0x20000a3c        0x4 ./freertos/freertos-kernel/tasks.o
 .bss.xTickCount
                0x20000a40        0x4 ./freertos/freertos-kernel/tasks.o
 .bss.uxTopReadyPriority
                0x20000a44        0x4 ./freertos/freertos-kernel/tasks.o
 .bss.xSchedulerRunning
                0x20000a48        0x4 ./freertos/freertos-kernel/tasks.o
 .bss.xPendedTicks
                0x20000a4c        0x4 ./freertos/freertos-kernel/tasks.o
 .bss.xYieldPendings
                0x20000a50        0x4 ./freertos/freertos-kernel/tasks.o
 .bss.xNumOfOverflows
                0x20000a54        0x4 ./freertos/freertos-kernel/tasks.o
 .bss.uxTaskNumber
                0x20000a58        0x4 ./freertos/freertos-kernel/tasks.o
 .bss.xNextTaskUnblockTime
                0x20000a5c        0x4 ./freertos/freertos-kernel/tasks.o
 .bss.xIdleTaskHandles
                0x20000a60        0x4 ./freertos/freertos-kernel/tasks.o
 .bss.uxSchedulerSuspended
                0x20000a64        0x4 ./freertos/freertos-kernel/tasks.o
 .bss.xActiveTimerList1
                0x20000a68       0x14 ./freertos/freertos-kernel/timers.o
 .bss.xActiveTimerList2
                0x20000a7c       0x14 ./freertos/freertos-kernel/timers.o
 .bss.pxCurrentTimerList
                0x20000a90        0x4 ./freertos/freertos-kernel/timers.o
 .bss.pxOverflowTimerList
                0x20000a94        0x4 ./freertos/freertos-kernel/timers.o
 .bss.xTimerQueue
                0x20000a98        0x4 ./freertos/freertos-kernel/timers.o
 .bss.xTimerTaskHandle
                0x20000a9c        0x4 ./freertos/freertos-kernel/timers.o
 .bss.xLastTime.0
                0x20000aa0        0x4 ./freertos/freertos-kernel/timers.o
 .bss.s_lpuartHandle
                0x20000aa4        0x8 ./drivers/fsl_lpuart.o
                0x20000aa4                s_lpuartHandle
 .bss.s_lpuartIsr
                0x20000aac        0x8 ./drivers/fsl_lpuart.o
                0x20000aac                s_lpuartIsr
 .bss.errno     0x20000ab4        0x4 C:/nxp/MCUXpressoIDE_25.6.136/ide/plugins/com.nxp.mcuxpresso.tools.win32_25.6.0.202501151204/tools/bin/../lib/gcc/arm-none-eabi/14.2.1/../../../../arm-none-eabi/lib/thumb/v6-m/nofp\libcr_c.a(errno.o)
                0x20000ab4                errno
 .bss.__end_of_heap
                0x20000ab8        0x4 C:/nxp/MCUXpressoIDE_25.6.136/ide/plugins/com.nxp.mcuxpresso.tools.win32_25.6.0.202501151204/tools/bin/../lib/gcc/arm-none-eabi/14.2.1/../../../../arm-none-eabi/lib/thumb/v6-m/nofp\libcr_c.a(__init_alloc.o)
                0x20000ab8                __end_of_heap
 .bss.__heaps   0x20000abc        0x4 C:/nxp/MCUXpressoIDE_25.6.136/ide/plugins/com.nxp.mcuxpresso.tools.win32_25.6.0.202501151204/tools/bin/../lib/gcc/arm-none-eabi/14.2.1/../../../../arm-none-eabi/lib/thumb/v6-m/nofp\libcr_c.a(__init_alloc.o)
                0x20000abc                __heaps
 .bss.__Ciob    0x20000ac0       0xb4 C:/nxp/MCUXpressoIDE_25.6.136/ide/plugins/com.nxp.mcuxpresso.tools.win32_25.6.0.202501151204/tools/bin/../lib/gcc/arm-none-eabi/14.2.1/../../../../arm-none-eabi/lib/thumb/v6-m/nofp\libcr_nohost_nf.a(__ciob.o)
                0x20000ac0                __Ciob
 .bss.buzzerStatus
                0x20000b74        0x1 ./source/buzzer.o
 .bss.systemMode
                0x20000b75        0x1 ./source/main.o
 .bss.rxIndex   0x20000b76        0x1 ./source/uart_comm.o
 .bss.commandReady
                0x20000b77        0x1 ./source/uart_comm.o
 .bss.pumpStatus
                0x20000b78        0x1 ./source/waterPump.o
 *(SORT_BY_ALIGNMENT(COMMON))
                0x20000b7c                        . = ALIGN (0x4)
 *fill*         0x20000b79        0x3 
                0x20000b7c                        _ebss = .
                [!provide]                        PROVIDE (__end_bss_RAM = .)
                [!provide]                        PROVIDE (__end_bss_SRAM = .)
                [!provide]                        PROVIDE (end = .)

.noinit         0x20000b7c        0x0
                0x20000b7c                        _noinit = .
                [!provide]                        PROVIDE (__start_noinit_RAM = .)
                [!provide]                        PROVIDE (__start_noinit_SRAM = .)
 *(SORT_BY_ALIGNMENT(.noinit*))
                0x20000b7c                        . = ALIGN (0x4)
                0x20000b7c                        _end_noinit = .
                [!provide]                        PROVIDE (__end_noinit_RAM = .)
                [!provide]                        PROVIDE (__end_noinit_SRAM = .)
                0x00000800                        _HeapSize = 0x800

.heap           0x20000b7c      0x800
                0x20000b7c                        _pvHeapStart = .
                0x2000137c                        . = (. + _HeapSize)
 *fill*         0x20000b7c      0x800 
                0x2000137c                        . = ALIGN (0x4)
                0x2000137c                        _pvHeapLimit = .
                0x00000800                        _StackSize = 0x800

.heap2stackfill
                0x2000137c      0x800
                0x20001b7c                        . = (. + _StackSize)
 *fill*         0x2000137c      0x800 

.stack          0x20005800        0x0
                0x20005800                        _vStackBase = .
                0x20005800                        . = ALIGN (0x4)
                0x20006000                        _vStackTop = (. + _StackSize)
                0x00000000                        _image_start = LOADADDR (.text)
                0x0000671c                        _image_end = (LOADADDR (.data) + SIZEOF (.data))
                0x0000671c                        _image_size = (_image_end - _image_start)
OUTPUT(Final Project.axf elf32-littlearm)
LOAD linker stubs

.debug_info     0x00000000    0x12c70
 .debug_info    0x00000000      0xd5e ./utilities/str/fsl_str.o
 .debug_info    0x00000d5e      0xecf ./utilities/debug_console/fsl_debug_console.o
 .debug_info    0x00001c2d      0x135 ./utilities/fsl_assert.o
 .debug_info    0x00001d62      0x686 ./startup/startup_mcxc444.o
 .debug_info    0x000023e8      0x742 ./source/buzzer.o
 .debug_info    0x00002b2a      0x7cd ./source/led.o
 .debug_info    0x000032f7      0x396 ./source/lightSensor.o
 .debug_info    0x0000368d      0xa2e ./source/main.o
 .debug_info    0x000040bb       0x53 ./source/mtb.o
 .debug_info    0x0000410e       0x3c ./source/semihost_hardfault.o
 .debug_info    0x0000414a      0x396 ./source/soilMoisture.o
 .debug_info    0x000044e0      0xdbf ./source/uart_comm.o
 .debug_info    0x0000529f      0x6f9 ./source/waterPump.o
 .debug_info    0x00005998      0x4db ./freertos/freertos-kernel/portable/MemMang/heap_4.o
 .debug_info    0x00005e73      0x335 ./freertos/freertos-kernel/portable/GCC/ARM_CM0/port.o
 .debug_info    0x000061a8      0x150 ./freertos/freertos-kernel/portable/GCC/ARM_CM0/portasm.o
 .debug_info    0x000062f8      0x2b9 ./freertos/freertos-kernel/list.o
 .debug_info    0x000065b1     0x13b2 ./freertos/freertos-kernel/queue.o
 .debug_info    0x00007963     0x225e ./freertos/freertos-kernel/tasks.o
 .debug_info    0x00009bc1      0xf5d ./freertos/freertos-kernel/timers.o
 .debug_info    0x0000ab1e     0x1f47 ./drivers/fsl_lpuart.o
 .debug_info    0x0000ca65      0x42a ./device/system_MCXC444.o
 .debug_info    0x0000ce8f      0xb14 ./component/uart/fsl_adapter_lpuart.o
 .debug_info    0x0000d9a3      0xdcc ./component/serial_manager/fsl_component_serial_manager.o
 .debug_info    0x0000e76f      0x558 ./component/serial_manager/fsl_component_serial_port_uart.o
 .debug_info    0x0000ecc7       0x85 C:/nxp/MCUXpressoIDE_25.6.136/ide/plugins/com.nxp.mcuxpresso.tools.win32_25.6.0.202501151204/tools/bin/../lib/gcc/arm-none-eabi/14.2.1/../../../../arm-none-eabi/lib/thumb/v6-m/nofp\libcr_nohost_nf.a(_cr__main.o)
 .debug_info    0x0000ed4c      0x12b C:/nxp/MCUXpressoIDE_25.6.136/ide/plugins/com.nxp.mcuxpresso.tools.win32_25.6.0.202501151204/tools/bin/../lib/gcc/arm-none-eabi/14.2.1/../../../../arm-none-eabi/lib/thumb/v6-m/nofp\libcr_c.a(memcpy.o)
 .debug_info    0x0000ee77       0xfc C:/nxp/MCUXpressoIDE_25.6.136/ide/plugins/com.nxp.mcuxpresso.tools.win32_25.6.0.202501151204/tools/bin/../lib/gcc/arm-none-eabi/14.2.1/../../../../arm-none-eabi/lib/thumb/v6-m/nofp\libcr_c.a(memset.o)
 .debug_info    0x0000ef73      0x526 C:/nxp/MCUXpressoIDE_25.6.136/ide/plugins/com.nxp.mcuxpresso.tools.win32_25.6.0.202501151204/tools/bin/../lib/gcc/arm-none-eabi/14.2.1/../../../../arm-none-eabi/lib/thumb/v6-m/nofp\libcr_c.a(alloc.o)
 .debug_info    0x0000f499       0x44 C:/nxp/MCUXpressoIDE_25.6.136/ide/plugins/com.nxp.mcuxpresso.tools.win32_25.6.0.202501151204/tools/bin/../lib/gcc/arm-none-eabi/14.2.1/../../../../arm-none-eabi/lib/thumb/v6-m/nofp\libcr_c.a(errno.o)
 .debug_info    0x0000f4dd      0x353 C:/nxp/MCUXpressoIDE_25.6.136/ide/plugins/com.nxp.mcuxpresso.tools.win32_25.6.0.202501151204/tools/bin/../lib/gcc/arm-none-eabi/14.2.1/../../../../arm-none-eabi/lib/thumb/v6-m/nofp\libcr_c.a(initio.o)
 .debug_info    0x0000f830     0x12d8 C:/nxp/MCUXpressoIDE_25.6.136/ide/plugins/com.nxp.mcuxpresso.tools.win32_25.6.0.202501151204/tools/bin/../lib/gcc/arm-none-eabi/14.2.1/../../../../arm-none-eabi/lib/thumb/v6-m/nofp\libcr_c.a(printf.o)
 .debug_info    0x00010b08      0x1fd C:/nxp/MCUXpressoIDE_25.6.136/ide/plugins/com.nxp.mcuxpresso.tools.win32_25.6.0.202501151204/tools/bin/../lib/gcc/arm-none-eabi/14.2.1/../../../../arm-none-eabi/lib/thumb/v6-m/nofp\libcr_c.a(setvbuf.o)
 .debug_info    0x00010d05       0xdd C:/nxp/MCUXpressoIDE_25.6.136/ide/plugins/com.nxp.mcuxpresso.tools.win32_25.6.0.202501151204/tools/bin/../lib/gcc/arm-none-eabi/14.2.1/../../../../arm-none-eabi/lib/thumb/v6-m/nofp\libcr_c.a(strlen.o)
 .debug_info    0x00010de2       0xd4 C:/nxp/MCUXpressoIDE_25.6.136/ide/plugins/com.nxp.mcuxpresso.tools.win32_25.6.0.202501151204/tools/bin/../lib/gcc/arm-none-eabi/14.2.1/../../../../arm-none-eabi/lib/thumb/v6-m/nofp\libcr_c.a(__init_alloc.o)
 .debug_info    0x00010eb6      0x107 C:/nxp/MCUXpressoIDE_25.6.136/ide/plugins/com.nxp.mcuxpresso.tools.win32_25.6.0.202501151204/tools/bin/../lib/gcc/arm-none-eabi/14.2.1/../../../../arm-none-eabi/lib/thumb/v6-m/nofp\libcr_c.a(_cr_sbrk.o)
 .debug_info    0x00010fbd      0x391 C:/nxp/MCUXpressoIDE_25.6.136/ide/plugins/com.nxp.mcuxpresso.tools.win32_25.6.0.202501151204/tools/bin/../lib/gcc/arm-none-eabi/14.2.1/../../../../arm-none-eabi/lib/thumb/v6-m/nofp\libcr_c.a(_deferredlazyseek.o)
 .debug_info    0x0001134e      0x24b C:/nxp/MCUXpressoIDE_25.6.136/ide/plugins/com.nxp.mcuxpresso.tools.win32_25.6.0.202501151204/tools/bin/../lib/gcc/arm-none-eabi/14.2.1/../../../../arm-none-eabi/lib/thumb/v6-m/nofp\libcr_c.a(_fdopen.o)
 .debug_info    0x00011599      0x1ea C:/nxp/MCUXpressoIDE_25.6.136/ide/plugins/com.nxp.mcuxpresso.tools.win32_25.6.0.202501151204/tools/bin/../lib/gcc/arm-none-eabi/14.2.1/../../../../arm-none-eabi/lib/thumb/v6-m/nofp\libcr_c.a(_fflush.o)
 .debug_info    0x00011783      0x28a C:/nxp/MCUXpressoIDE_25.6.136/ide/plugins/com.nxp.mcuxpresso.tools.win32_25.6.0.202501151204/tools/bin/../lib/gcc/arm-none-eabi/14.2.1/../../../../arm-none-eabi/lib/thumb/v6-m/nofp\libcr_c.a(_writebuf.o)
 .debug_info    0x00011a0d      0x325 C:/nxp/MCUXpressoIDE_25.6.136/ide/plugins/com.nxp.mcuxpresso.tools.win32_25.6.0.202501151204/tools/bin/../lib/gcc/arm-none-eabi/14.2.1/../../../../arm-none-eabi/lib/thumb/v6-m/nofp\libcr_c.a(fclose.o)
 .debug_info    0x00011d32      0x210 C:/nxp/MCUXpressoIDE_25.6.136/ide/plugins/com.nxp.mcuxpresso.tools.win32_25.6.0.202501151204/tools/bin/../lib/gcc/arm-none-eabi/14.2.1/../../../../arm-none-eabi/lib/thumb/v6-m/nofp\libcr_c.a(fflush.o)
 .debug_info    0x00011f42      0x27f C:/nxp/MCUXpressoIDE_25.6.136/ide/plugins/com.nxp.mcuxpresso.tools.win32_25.6.0.202501151204/tools/bin/../lib/gcc/arm-none-eabi/14.2.1/../../../../arm-none-eabi/lib/thumb/v6-m/nofp\libcr_c.a(fseek.o)
 .debug_info    0x000121c1      0x197 C:/nxp/MCUXpressoIDE_25.6.136/ide/plugins/com.nxp.mcuxpresso.tools.win32_25.6.0.202501151204/tools/bin/../lib/gcc/arm-none-eabi/14.2.1/../../../../arm-none-eabi/lib/thumb/v6-m/nofp\libcr_c.a(ftell.o)
 .debug_info    0x00012358      0x1d0 C:/nxp/MCUXpressoIDE_25.6.136/ide/plugins/com.nxp.mcuxpresso.tools.win32_25.6.0.202501151204/tools/bin/../lib/gcc/arm-none-eabi/14.2.1/../../../../arm-none-eabi/lib/thumb/v6-m/nofp\libcr_c.a(remove.o)
 .debug_info    0x00012528       0x71 C:/nxp/MCUXpressoIDE_25.6.136/ide/plugins/com.nxp.mcuxpresso.tools.win32_25.6.0.202501151204/tools/bin/../lib/gcc/arm-none-eabi/14.2.1/../../../../arm-none-eabi/lib/thumb/v6-m/nofp\libcr_c.a(_cr_check_heap.o)
 .debug_info    0x00012599      0x241 C:/nxp/MCUXpressoIDE_25.6.136/ide/plugins/com.nxp.mcuxpresso.tools.win32_25.6.0.202501151204/tools/bin/../lib/gcc/arm-none-eabi/14.2.1/../../../../arm-none-eabi/lib/thumb/v6-m/nofp\libcr_c.a(_do_fflush.o)
 .debug_info    0x000127da      0x18b C:/nxp/MCUXpressoIDE_25.6.136/ide/plugins/com.nxp.mcuxpresso.tools.win32_25.6.0.202501151204/tools/bin/../lib/gcc/arm-none-eabi/14.2.1/../../../../arm-none-eabi/lib/thumb/v6-m/nofp\libcr_nohost_nf.a(__ciob.o)
 .debug_info    0x00012965       0x38 C:/nxp/MCUXpressoIDE_25.6.136/ide/plugins/com.nxp.mcuxpresso.tools.win32_25.6.0.202501151204/tools/bin/../lib/gcc/arm-none-eabi/14.2.1/../../../../arm-none-eabi/lib/thumb/v6-m/nofp\libcr_nohost_nf.a(__sys_appexit.o)
 .debug_info    0x0001299d       0x6a C:/nxp/MCUXpressoIDE_25.6.136/ide/plugins/com.nxp.mcuxpresso.tools.win32_25.6.0.202501151204/tools/bin/../lib/gcc/arm-none-eabi/14.2.1/../../../../arm-none-eabi/lib/thumb/v6-m/nofp\libcr_nohost_nf.a(__sys_close.o)
 .debug_info    0x00012a07       0x6a C:/nxp/MCUXpressoIDE_25.6.136/ide/plugins/com.nxp.mcuxpresso.tools.win32_25.6.0.202501151204/tools/bin/../lib/gcc/arm-none-eabi/14.2.1/../../../../arm-none-eabi/lib/thumb/v6-m/nofp\libcr_nohost_nf.a(__sys_flen.o)
 .debug_info    0x00012a71       0x6a C:/nxp/MCUXpressoIDE_25.6.136/ide/plugins/com.nxp.mcuxpresso.tools.win32_25.6.0.202501151204/tools/bin/../lib/gcc/arm-none-eabi/14.2.1/../../../../arm-none-eabi/lib/thumb/v6-m/nofp\libcr_nohost_nf.a(__sys_istty.o)
 .debug_info    0x00012adb       0x8a C:/nxp/MCUXpressoIDE_25.6.136/ide/plugins/com.nxp.mcuxpresso.tools.win32_25.6.0.202501151204/tools/bin/../lib/gcc/arm-none-eabi/14.2.1/../../../../arm-none-eabi/lib/thumb/v6-m/nofp\libcr_nohost_nf.a(__sys_remove.o)
 .debug_info    0x00012b65       0x78 C:/nxp/MCUXpressoIDE_25.6.136/ide/plugins/com.nxp.mcuxpresso.tools.win32_25.6.0.202501151204/tools/bin/../lib/gcc/arm-none-eabi/14.2.1/../../../../arm-none-eabi/lib/thumb/v6-m/nofp\libcr_nohost_nf.a(__sys_seek.o)
 .debug_info    0x00012bdd       0x93 C:/nxp/MCUXpressoIDE_25.6.136/ide/plugins/com.nxp.mcuxpresso.tools.win32_25.6.0.202501151204/tools/bin/../lib/gcc/arm-none-eabi/14.2.1/../../../../arm-none-eabi/lib/thumb/v6-m/nofp\libcr_nohost_nf.a(__sys_tmpnam.o)

.debug_abbrev   0x00000000     0x4762
 .debug_abbrev  0x00000000      0x270 ./utilities/str/fsl_str.o
 .debug_abbrev  0x00000270      0x28e ./utilities/debug_console/fsl_debug_console.o
 .debug_abbrev  0x000004fe       0xbd ./utilities/fsl_assert.o
 .debug_abbrev  0x000005bb      0x1a7 ./startup/startup_mcxc444.o
 .debug_abbrev  0x00000762      0x17c ./source/buzzer.o
 .debug_abbrev  0x000008de      0x179 ./source/led.o
 .debug_abbrev  0x00000a57      0x108 ./source/lightSensor.o
 .debug_abbrev  0x00000b5f      0x1ef ./source/main.o
 .debug_abbrev  0x00000d4e       0x46 ./source/mtb.o
 .debug_abbrev  0x00000d94       0x31 ./source/semihost_hardfault.o
 .debug_abbrev  0x00000dc5      0x108 ./source/soilMoisture.o
 .debug_abbrev  0x00000ecd      0x29d ./source/uart_comm.o
 .debug_abbrev  0x0000116a      0x135 ./source/waterPump.o
 .debug_abbrev  0x0000129f      0x1ec ./freertos/freertos-kernel/portable/MemMang/heap_4.o
 .debug_abbrev  0x0000148b      0x1ba ./freertos/freertos-kernel/portable/GCC/ARM_CM0/port.o
 .debug_abbrev  0x00001645       0xb9 ./freertos/freertos-kernel/portable/GCC/ARM_CM0/portasm.o
 .debug_abbrev  0x000016fe       0xeb ./freertos/freertos-kernel/list.o
 .debug_abbrev  0x000017e9      0x2bd ./freertos/freertos-kernel/queue.o
 .debug_abbrev  0x00001aa6      0x30f ./freertos/freertos-kernel/tasks.o
 .debug_abbrev  0x00001db5      0x2c1 ./freertos/freertos-kernel/timers.o
 .debug_abbrev  0x00002076      0x422 ./drivers/fsl_lpuart.o
 .debug_abbrev  0x00002498      0x139 ./device/system_MCXC444.o
 .debug_abbrev  0x000025d1      0x1e7 ./component/uart/fsl_adapter_lpuart.o
 .debug_abbrev  0x000027b8      0x2be ./component/serial_manager/fsl_component_serial_manager.o
 .debug_abbrev  0x00002a76      0x18c ./component/serial_manager/fsl_component_serial_port_uart.o
 .debug_abbrev  0x00002c02       0x62 C:/nxp/MCUXpressoIDE_25.6.136/ide/plugins/com.nxp.mcuxpresso.tools.win32_25.6.0.202501151204/tools/bin/../lib/gcc/arm-none-eabi/14.2.1/../../../../arm-none-eabi/lib/thumb/v6-m/nofp\libcr_nohost_nf.a(_cr__main.o)
 .debug_abbrev  0x00002c64       0xb3 C:/nxp/MCUXpressoIDE_25.6.136/ide/plugins/com.nxp.mcuxpresso.tools.win32_25.6.0.202501151204/tools/bin/../lib/gcc/arm-none-eabi/14.2.1/../../../../arm-none-eabi/lib/thumb/v6-m/nofp\libcr_c.a(memcpy.o)
 .debug_abbrev  0x00002d17       0xa5 C:/nxp/MCUXpressoIDE_25.6.136/ide/plugins/com.nxp.mcuxpresso.tools.win32_25.6.0.202501151204/tools/bin/../lib/gcc/arm-none-eabi/14.2.1/../../../../arm-none-eabi/lib/thumb/v6-m/nofp\libcr_c.a(memset.o)
 .debug_abbrev  0x00002dbc      0x27b C:/nxp/MCUXpressoIDE_25.6.136/ide/plugins/com.nxp.mcuxpresso.tools.win32_25.6.0.202501151204/tools/bin/../lib/gcc/arm-none-eabi/14.2.1/../../../../arm-none-eabi/lib/thumb/v6-m/nofp\libcr_c.a(alloc.o)
 .debug_abbrev  0x00003037       0x44 C:/nxp/MCUXpressoIDE_25.6.136/ide/plugins/com.nxp.mcuxpresso.tools.win32_25.6.0.202501151204/tools/bin/../lib/gcc/arm-none-eabi/14.2.1/../../../../arm-none-eabi/lib/thumb/v6-m/nofp\libcr_c.a(errno.o)
 .debug_abbrev  0x0000307b      0x14b C:/nxp/MCUXpressoIDE_25.6.136/ide/plugins/com.nxp.mcuxpresso.tools.win32_25.6.0.202501151204/tools/bin/../lib/gcc/arm-none-eabi/14.2.1/../../../../arm-none-eabi/lib/thumb/v6-m/nofp\libcr_c.a(initio.o)
 .debug_abbrev  0x000031c6      0x3af C:/nxp/MCUXpressoIDE_25.6.136/ide/plugins/com.nxp.mcuxpresso.tools.win32_25.6.0.202501151204/tools/bin/../lib/gcc/arm-none-eabi/14.2.1/../../../../arm-none-eabi/lib/thumb/v6-m/nofp\libcr_c.a(printf.o)
 .debug_abbrev  0x00003575       0xe1 C:/nxp/MCUXpressoIDE_25.6.136/ide/plugins/com.nxp.mcuxpresso.tools.win32_25.6.0.202501151204/tools/bin/../lib/gcc/arm-none-eabi/14.2.1/../../../../arm-none-eabi/lib/thumb/v6-m/nofp\libcr_c.a(setvbuf.o)
 .debug_abbrev  0x00003656       0xa5 C:/nxp/MCUXpressoIDE_25.6.136/ide/plugins/com.nxp.mcuxpresso.tools.win32_25.6.0.202501151204/tools/bin/../lib/gcc/arm-none-eabi/14.2.1/../../../../arm-none-eabi/lib/thumb/v6-m/nofp\libcr_c.a(strlen.o)
 .debug_abbrev  0x000036fb       0xaf C:/nxp/MCUXpressoIDE_25.6.136/ide/plugins/com.nxp.mcuxpresso.tools.win32_25.6.0.202501151204/tools/bin/../lib/gcc/arm-none-eabi/14.2.1/../../../../arm-none-eabi/lib/thumb/v6-m/nofp\libcr_c.a(__init_alloc.o)
 .debug_abbrev  0x000037aa       0xd3 C:/nxp/MCUXpressoIDE_25.6.136/ide/plugins/com.nxp.mcuxpresso.tools.win32_25.6.0.202501151204/tools/bin/../lib/gcc/arm-none-eabi/14.2.1/../../../../arm-none-eabi/lib/thumb/v6-m/nofp\libcr_c.a(_cr_sbrk.o)
 .debug_abbrev  0x0000387d      0x183 C:/nxp/MCUXpressoIDE_25.6.136/ide/plugins/com.nxp.mcuxpresso.tools.win32_25.6.0.202501151204/tools/bin/../lib/gcc/arm-none-eabi/14.2.1/../../../../arm-none-eabi/lib/thumb/v6-m/nofp\libcr_c.a(_deferredlazyseek.o)
 .debug_abbrev  0x00003a00      0x119 C:/nxp/MCUXpressoIDE_25.6.136/ide/plugins/com.nxp.mcuxpresso.tools.win32_25.6.0.202501151204/tools/bin/../lib/gcc/arm-none-eabi/14.2.1/../../../../arm-none-eabi/lib/thumb/v6-m/nofp\libcr_c.a(_fdopen.o)
 .debug_abbrev  0x00003b19       0xf1 C:/nxp/MCUXpressoIDE_25.6.136/ide/plugins/com.nxp.mcuxpresso.tools.win32_25.6.0.202501151204/tools/bin/../lib/gcc/arm-none-eabi/14.2.1/../../../../arm-none-eabi/lib/thumb/v6-m/nofp\libcr_c.a(_fflush.o)
 .debug_abbrev  0x00003c0a      0x126 C:/nxp/MCUXpressoIDE_25.6.136/ide/plugins/com.nxp.mcuxpresso.tools.win32_25.6.0.202501151204/tools/bin/../lib/gcc/arm-none-eabi/14.2.1/../../../../arm-none-eabi/lib/thumb/v6-m/nofp\libcr_c.a(_writebuf.o)
 .debug_abbrev  0x00003d30      0x158 C:/nxp/MCUXpressoIDE_25.6.136/ide/plugins/com.nxp.mcuxpresso.tools.win32_25.6.0.202501151204/tools/bin/../lib/gcc/arm-none-eabi/14.2.1/../../../../arm-none-eabi/lib/thumb/v6-m/nofp\libcr_c.a(fclose.o)
 .debug_abbrev  0x00003e88      0x122 C:/nxp/MCUXpressoIDE_25.6.136/ide/plugins/com.nxp.mcuxpresso.tools.win32_25.6.0.202501151204/tools/bin/../lib/gcc/arm-none-eabi/14.2.1/../../../../arm-none-eabi/lib/thumb/v6-m/nofp\libcr_c.a(fflush.o)
 .debug_abbrev  0x00003faa      0x11b C:/nxp/MCUXpressoIDE_25.6.136/ide/plugins/com.nxp.mcuxpresso.tools.win32_25.6.0.202501151204/tools/bin/../lib/gcc/arm-none-eabi/14.2.1/../../../../arm-none-eabi/lib/thumb/v6-m/nofp\libcr_c.a(fseek.o)
 .debug_abbrev  0x000040c5       0xc2 C:/nxp/MCUXpressoIDE_25.6.136/ide/plugins/com.nxp.mcuxpresso.tools.win32_25.6.0.202501151204/tools/bin/../lib/gcc/arm-none-eabi/14.2.1/../../../../arm-none-eabi/lib/thumb/v6-m/nofp\libcr_c.a(ftell.o)
 .debug_abbrev  0x00004187       0xed C:/nxp/MCUXpressoIDE_25.6.136/ide/plugins/com.nxp.mcuxpresso.tools.win32_25.6.0.202501151204/tools/bin/../lib/gcc/arm-none-eabi/14.2.1/../../../../arm-none-eabi/lib/thumb/v6-m/nofp\libcr_c.a(remove.o)
 .debug_abbrev  0x00004274       0x6b C:/nxp/MCUXpressoIDE_25.6.136/ide/plugins/com.nxp.mcuxpresso.tools.win32_25.6.0.202501151204/tools/bin/../lib/gcc/arm-none-eabi/14.2.1/../../../../arm-none-eabi/lib/thumb/v6-m/nofp\libcr_c.a(_cr_check_heap.o)
 .debug_abbrev  0x000042df      0x12c C:/nxp/MCUXpressoIDE_25.6.136/ide/plugins/com.nxp.mcuxpresso.tools.win32_25.6.0.202501151204/tools/bin/../lib/gcc/arm-none-eabi/14.2.1/../../../../arm-none-eabi/lib/thumb/v6-m/nofp\libcr_c.a(_do_fflush.o)
 .debug_abbrev  0x0000440b       0xb5 C:/nxp/MCUXpressoIDE_25.6.136/ide/plugins/com.nxp.mcuxpresso.tools.win32_25.6.0.202501151204/tools/bin/../lib/gcc/arm-none-eabi/14.2.1/../../../../arm-none-eabi/lib/thumb/v6-m/nofp\libcr_nohost_nf.a(__ciob.o)
 .debug_abbrev  0x000044c0       0x2e C:/nxp/MCUXpressoIDE_25.6.136/ide/plugins/com.nxp.mcuxpresso.tools.win32_25.6.0.202501151204/tools/bin/../lib/gcc/arm-none-eabi/14.2.1/../../../../arm-none-eabi/lib/thumb/v6-m/nofp\libcr_nohost_nf.a(__sys_appexit.o)
 .debug_abbrev  0x000044ee       0x5c C:/nxp/MCUXpressoIDE_25.6.136/ide/plugins/com.nxp.mcuxpresso.tools.win32_25.6.0.202501151204/tools/bin/../lib/gcc/arm-none-eabi/14.2.1/../../../../arm-none-eabi/lib/thumb/v6-m/nofp\libcr_nohost_nf.a(__sys_close.o)
 .debug_abbrev  0x0000454a       0x5c C:/nxp/MCUXpressoIDE_25.6.136/ide/plugins/com.nxp.mcuxpresso.tools.win32_25.6.0.202501151204/tools/bin/../lib/gcc/arm-none-eabi/14.2.1/../../../../arm-none-eabi/lib/thumb/v6-m/nofp\libcr_nohost_nf.a(__sys_flen.o)
 .debug_abbrev  0x000045a6       0x5c C:/nxp/MCUXpressoIDE_25.6.136/ide/plugins/com.nxp.mcuxpresso.tools.win32_25.6.0.202501151204/tools/bin/../lib/gcc/arm-none-eabi/14.2.1/../../../../arm-none-eabi/lib/thumb/v6-m/nofp\libcr_nohost_nf.a(__sys_istty.o)
 .debug_abbrev  0x00004602       0x7d C:/nxp/MCUXpressoIDE_25.6.136/ide/plugins/com.nxp.mcuxpresso.tools.win32_25.6.0.202501151204/tools/bin/../lib/gcc/arm-none-eabi/14.2.1/../../../../arm-none-eabi/lib/thumb/v6-m/nofp\libcr_nohost_nf.a(__sys_remove.o)
 .debug_abbrev  0x0000467f       0x6d C:/nxp/MCUXpressoIDE_25.6.136/ide/plugins/com.nxp.mcuxpresso.tools.win32_25.6.0.202501151204/tools/bin/../lib/gcc/arm-none-eabi/14.2.1/../../../../arm-none-eabi/lib/thumb/v6-m/nofp\libcr_nohost_nf.a(__sys_seek.o)
 .debug_abbrev  0x000046ec       0x76 C:/nxp/MCUXpressoIDE_25.6.136/ide/plugins/com.nxp.mcuxpresso.tools.win32_25.6.0.202501151204/tools/bin/../lib/gcc/arm-none-eabi/14.2.1/../../../../arm-none-eabi/lib/thumb/v6-m/nofp\libcr_nohost_nf.a(__sys_tmpnam.o)

.debug_aranges  0x00000000     0x1278
 .debug_aranges
                0x00000000       0xe8 ./utilities/str/fsl_str.o
 .debug_aranges
                0x000000e8       0xb8 ./utilities/debug_console/fsl_debug_console.o
 .debug_aranges
                0x000001a0       0x28 ./utilities/fsl_assert.o
 .debug_aranges
                0x000001c8      0x160 ./startup/startup_mcxc444.o
 .debug_aranges
                0x00000328       0x48 ./source/buzzer.o
 .debug_aranges
                0x00000370       0x50 ./source/led.o
 .debug_aranges
                0x000003c0       0x30 ./source/lightSensor.o
 .debug_aranges
                0x000003f0       0x50 ./source/main.o
 .debug_aranges
                0x00000440       0x18 ./source/mtb.o
 .debug_aranges
                0x00000458       0x20 ./source/semihost_hardfault.o
 .debug_aranges
                0x00000478       0x30 ./source/soilMoisture.o
 .debug_aranges
                0x000004a8       0x60 ./source/uart_comm.o
 .debug_aranges
                0x00000508       0x40 ./source/waterPump.o
 .debug_aranges
                0x00000548       0x70 ./freertos/freertos-kernel/portable/MemMang/heap_4.o
 .debug_aranges
                0x000005b8       0x70 ./freertos/freertos-kernel/portable/GCC/ARM_CM0/port.o
 .debug_aranges
                0x00000628       0x60 ./freertos/freertos-kernel/portable/GCC/ARM_CM0/portasm.o
 .debug_aranges
                0x00000688       0x40 ./freertos/freertos-kernel/list.o
 .debug_aranges
                0x000006c8      0x140 ./freertos/freertos-kernel/queue.o
 .debug_aranges
                0x00000808      0x238 ./freertos/freertos-kernel/tasks.o
 .debug_aranges
                0x00000a40      0x108 ./freertos/freertos-kernel/timers.o
 .debug_aranges
                0x00000b48      0x188 ./drivers/fsl_lpuart.o
 .debug_aranges
                0x00000cd0       0x30 ./device/system_MCXC444.o
 .debug_aranges
                0x00000d00       0x58 ./component/uart/fsl_adapter_lpuart.o
 .debug_aranges
                0x00000d58       0xa0 ./component/serial_manager/fsl_component_serial_manager.o
 .debug_aranges
                0x00000df8       0x48 ./component/serial_manager/fsl_component_serial_port_uart.o
 .debug_aranges
                0x00000e40       0x20 C:/nxp/MCUXpressoIDE_25.6.136/ide/plugins/com.nxp.mcuxpresso.tools.win32_25.6.0.202501151204/tools/bin/../lib/gcc/arm-none-eabi/14.2.1/../../../../arm-none-eabi/lib/thumb/v6-m/nofp\libcr_nohost_nf.a(_cr__main.o)
 .debug_aranges
                0x00000e60       0x20 C:/nxp/MCUXpressoIDE_25.6.136/ide/plugins/com.nxp.mcuxpresso.tools.win32_25.6.0.202501151204/tools/bin/../lib/gcc/arm-none-eabi/14.2.1/../../../../arm-none-eabi/lib/thumb/v6-m/nofp\libcr_c.a(memcpy.o)
 .debug_aranges
                0x00000e80       0x20 C:/nxp/MCUXpressoIDE_25.6.136/ide/plugins/com.nxp.mcuxpresso.tools.win32_25.6.0.202501151204/tools/bin/../lib/gcc/arm-none-eabi/14.2.1/../../../../arm-none-eabi/lib/thumb/v6-m/nofp\libcr_c.a(memset.o)
 .debug_aranges
                0x00000ea0       0x40 C:/nxp/MCUXpressoIDE_25.6.136/ide/plugins/com.nxp.mcuxpresso.tools.win32_25.6.0.202501151204/tools/bin/../lib/gcc/arm-none-eabi/14.2.1/../../../../arm-none-eabi/lib/thumb/v6-m/nofp\libcr_c.a(alloc.o)
 .debug_aranges
                0x00000ee0       0x18 C:/nxp/MCUXpressoIDE_25.6.136/ide/plugins/com.nxp.mcuxpresso.tools.win32_25.6.0.202501151204/tools/bin/../lib/gcc/arm-none-eabi/14.2.1/../../../../arm-none-eabi/lib/thumb/v6-m/nofp\libcr_c.a(errno.o)
 .debug_aranges
                0x00000ef8       0x28 C:/nxp/MCUXpressoIDE_25.6.136/ide/plugins/com.nxp.mcuxpresso.tools.win32_25.6.0.202501151204/tools/bin/../lib/gcc/arm-none-eabi/14.2.1/../../../../arm-none-eabi/lib/thumb/v6-m/nofp\libcr_c.a(initio.o)
 .debug_aranges
                0x00000f20       0x70 C:/nxp/MCUXpressoIDE_25.6.136/ide/plugins/com.nxp.mcuxpresso.tools.win32_25.6.0.202501151204/tools/bin/../lib/gcc/arm-none-eabi/14.2.1/../../../../arm-none-eabi/lib/thumb/v6-m/nofp\libcr_c.a(printf.o)
 .debug_aranges
                0x00000f90       0x20 C:/nxp/MCUXpressoIDE_25.6.136/ide/plugins/com.nxp.mcuxpresso.tools.win32_25.6.0.202501151204/tools/bin/../lib/gcc/arm-none-eabi/14.2.1/../../../../arm-none-eabi/lib/thumb/v6-m/nofp\libcr_c.a(setvbuf.o)
 .debug_aranges
                0x00000fb0       0x20 C:/nxp/MCUXpressoIDE_25.6.136/ide/plugins/com.nxp.mcuxpresso.tools.win32_25.6.0.202501151204/tools/bin/../lib/gcc/arm-none-eabi/14.2.1/../../../../arm-none-eabi/lib/thumb/v6-m/nofp\libcr_c.a(strlen.o)
 .debug_aranges
                0x00000fd0       0x20 C:/nxp/MCUXpressoIDE_25.6.136/ide/plugins/com.nxp.mcuxpresso.tools.win32_25.6.0.202501151204/tools/bin/../lib/gcc/arm-none-eabi/14.2.1/../../../../arm-none-eabi/lib/thumb/v6-m/nofp\libcr_c.a(__init_alloc.o)
 .debug_aranges
                0x00000ff0       0x20 C:/nxp/MCUXpressoIDE_25.6.136/ide/plugins/com.nxp.mcuxpresso.tools.win32_25.6.0.202501151204/tools/bin/../lib/gcc/arm-none-eabi/14.2.1/../../../../arm-none-eabi/lib/thumb/v6-m/nofp\libcr_c.a(_cr_sbrk.o)
 .debug_aranges
                0x00001010       0x28 C:/nxp/MCUXpressoIDE_25.6.136/ide/plugins/com.nxp.mcuxpresso.tools.win32_25.6.0.202501151204/tools/bin/../lib/gcc/arm-none-eabi/14.2.1/../../../../arm-none-eabi/lib/thumb/v6-m/nofp\libcr_c.a(_deferredlazyseek.o)
 .debug_aranges
                0x00001038       0x20 C:/nxp/MCUXpressoIDE_25.6.136/ide/plugins/com.nxp.mcuxpresso.tools.win32_25.6.0.202501151204/tools/bin/../lib/gcc/arm-none-eabi/14.2.1/../../../../arm-none-eabi/lib/thumb/v6-m/nofp\libcr_c.a(_fdopen.o)
 .debug_aranges
                0x00001058       0x20 C:/nxp/MCUXpressoIDE_25.6.136/ide/plugins/com.nxp.mcuxpresso.tools.win32_25.6.0.202501151204/tools/bin/../lib/gcc/arm-none-eabi/14.2.1/../../../../arm-none-eabi/lib/thumb/v6-m/nofp\libcr_c.a(_fflush.o)
 .debug_aranges
                0x00001078       0x20 C:/nxp/MCUXpressoIDE_25.6.136/ide/plugins/com.nxp.mcuxpresso.tools.win32_25.6.0.202501151204/tools/bin/../lib/gcc/arm-none-eabi/14.2.1/../../../../arm-none-eabi/lib/thumb/v6-m/nofp\libcr_c.a(_writebuf.o)
 .debug_aranges
                0x00001098       0x20 C:/nxp/MCUXpressoIDE_25.6.136/ide/plugins/com.nxp.mcuxpresso.tools.win32_25.6.0.202501151204/tools/bin/../lib/gcc/arm-none-eabi/14.2.1/../../../../arm-none-eabi/lib/thumb/v6-m/nofp\libcr_c.a(fclose.o)
 .debug_aranges
                0x000010b8       0x20 C:/nxp/MCUXpressoIDE_25.6.136/ide/plugins/com.nxp.mcuxpresso.tools.win32_25.6.0.202501151204/tools/bin/../lib/gcc/arm-none-eabi/14.2.1/../../../../arm-none-eabi/lib/thumb/v6-m/nofp\libcr_c.a(fflush.o)
 .debug_aranges
                0x000010d8       0x20 C:/nxp/MCUXpressoIDE_25.6.136/ide/plugins/com.nxp.mcuxpresso.tools.win32_25.6.0.202501151204/tools/bin/../lib/gcc/arm-none-eabi/14.2.1/../../../../arm-none-eabi/lib/thumb/v6-m/nofp\libcr_c.a(fseek.o)
 .debug_aranges
                0x000010f8       0x20 C:/nxp/MCUXpressoIDE_25.6.136/ide/plugins/com.nxp.mcuxpresso.tools.win32_25.6.0.202501151204/tools/bin/../lib/gcc/arm-none-eabi/14.2.1/../../../../arm-none-eabi/lib/thumb/v6-m/nofp\libcr_c.a(ftell.o)
 .debug_aranges
                0x00001118       0x28 C:/nxp/MCUXpressoIDE_25.6.136/ide/plugins/com.nxp.mcuxpresso.tools.win32_25.6.0.202501151204/tools/bin/../lib/gcc/arm-none-eabi/14.2.1/../../../../arm-none-eabi/lib/thumb/v6-m/nofp\libcr_c.a(remove.o)
 .debug_aranges
                0x00001140       0x20 C:/nxp/MCUXpressoIDE_25.6.136/ide/plugins/com.nxp.mcuxpresso.tools.win32_25.6.0.202501151204/tools/bin/../lib/gcc/arm-none-eabi/14.2.1/../../../../arm-none-eabi/lib/thumb/v6-m/nofp\libcr_c.a(_cr_check_heap.o)
 .debug_aranges
                0x00001160       0x20 C:/nxp/MCUXpressoIDE_25.6.136/ide/plugins/com.nxp.mcuxpresso.tools.win32_25.6.0.202501151204/tools/bin/../lib/gcc/arm-none-eabi/14.2.1/../../../../arm-none-eabi/lib/thumb/v6-m/nofp\libcr_c.a(_do_fflush.o)
 .debug_aranges
                0x00001180       0x18 C:/nxp/MCUXpressoIDE_25.6.136/ide/plugins/com.nxp.mcuxpresso.tools.win32_25.6.0.202501151204/tools/bin/../lib/gcc/arm-none-eabi/14.2.1/../../../../arm-none-eabi/lib/thumb/v6-m/nofp\libcr_nohost_nf.a(__ciob.o)
 .debug_aranges
                0x00001198       0x20 C:/nxp/MCUXpressoIDE_25.6.136/ide/plugins/com.nxp.mcuxpresso.tools.win32_25.6.0.202501151204/tools/bin/../lib/gcc/arm-none-eabi/14.2.1/../../../../arm-none-eabi/lib/thumb/v6-m/nofp\libcr_nohost_nf.a(__sys_appexit.o)
 .debug_aranges
                0x000011b8       0x20 C:/nxp/MCUXpressoIDE_25.6.136/ide/plugins/com.nxp.mcuxpresso.tools.win32_25.6.0.202501151204/tools/bin/../lib/gcc/arm-none-eabi/14.2.1/../../../../arm-none-eabi/lib/thumb/v6-m/nofp\libcr_nohost_nf.a(__sys_close.o)
 .debug_aranges
                0x000011d8       0x20 C:/nxp/MCUXpressoIDE_25.6.136/ide/plugins/com.nxp.mcuxpresso.tools.win32_25.6.0.202501151204/tools/bin/../lib/gcc/arm-none-eabi/14.2.1/../../../../arm-none-eabi/lib/thumb/v6-m/nofp\libcr_nohost_nf.a(__sys_flen.o)
 .debug_aranges
                0x000011f8       0x20 C:/nxp/MCUXpressoIDE_25.6.136/ide/plugins/com.nxp.mcuxpresso.tools.win32_25.6.0.202501151204/tools/bin/../lib/gcc/arm-none-eabi/14.2.1/../../../../arm-none-eabi/lib/thumb/v6-m/nofp\libcr_nohost_nf.a(__sys_istty.o)
 .debug_aranges
                0x00001218       0x20 C:/nxp/MCUXpressoIDE_25.6.136/ide/plugins/com.nxp.mcuxpresso.tools.win32_25.6.0.202501151204/tools/bin/../lib/gcc/arm-none-eabi/14.2.1/../../../../arm-none-eabi/lib/thumb/v6-m/nofp\libcr_nohost_nf.a(__sys_remove.o)
 .debug_aranges
                0x00001238       0x20 C:/nxp/MCUXpressoIDE_25.6.136/ide/plugins/com.nxp.mcuxpresso.tools.win32_25.6.0.202501151204/tools/bin/../lib/gcc/arm-none-eabi/14.2.1/../../../../arm-none-eabi/lib/thumb/v6-m/nofp\libcr_nohost_nf.a(__sys_seek.o)
 .debug_aranges
                0x00001258       0x20 C:/nxp/MCUXpressoIDE_25.6.136/ide/plugins/com.nxp.mcuxpresso.tools.win32_25.6.0.202501151204/tools/bin/../lib/gcc/arm-none-eabi/14.2.1/../../../../arm-none-eabi/lib/thumb/v6-m/nofp\libcr_nohost_nf.a(__sys_tmpnam.o)

.debug_ranges   0x00000000     0x11e0
 .debug_ranges  0x00000000      0x108 ./utilities/str/fsl_str.o
 .debug_ranges  0x00000108       0xa8 ./utilities/debug_console/fsl_debug_console.o
 .debug_ranges  0x000001b0       0x18 ./utilities/fsl_assert.o
 .debug_ranges  0x000001c8      0x150 ./startup/startup_mcxc444.o
 .debug_ranges  0x00000318       0x38 ./source/buzzer.o
 .debug_ranges  0x00000350       0x40 ./source/led.o
 .debug_ranges  0x00000390       0x20 ./source/lightSensor.o
 .debug_ranges  0x000003b0       0x40 ./source/main.o
 .debug_ranges  0x000003f0       0x10 ./source/semihost_hardfault.o
 .debug_ranges  0x00000400       0x20 ./source/soilMoisture.o
 .debug_ranges  0x00000420       0x50 ./source/uart_comm.o
 .debug_ranges  0x00000470       0x30 ./source/waterPump.o
 .debug_ranges  0x000004a0       0x60 ./freertos/freertos-kernel/portable/MemMang/heap_4.o
 .debug_ranges  0x00000500       0x60 ./freertos/freertos-kernel/portable/GCC/ARM_CM0/port.o
 .debug_ranges  0x00000560       0x50 ./freertos/freertos-kernel/portable/GCC/ARM_CM0/portasm.o
 .debug_ranges  0x000005b0       0x30 ./freertos/freertos-kernel/list.o
 .debug_ranges  0x000005e0      0x130 ./freertos/freertos-kernel/queue.o
 .debug_ranges  0x00000710      0x248 ./freertos/freertos-kernel/tasks.o
 .debug_ranges  0x00000958       0xf8 ./freertos/freertos-kernel/timers.o
 .debug_ranges  0x00000a50      0x178 ./drivers/fsl_lpuart.o
 .debug_ranges  0x00000bc8       0x20 ./device/system_MCXC444.o
 .debug_ranges  0x00000be8       0x48 ./component/uart/fsl_adapter_lpuart.o
 .debug_ranges  0x00000c30       0x90 ./component/serial_manager/fsl_component_serial_manager.o
 .debug_ranges  0x00000cc0       0x38 ./component/serial_manager/fsl_component_serial_port_uart.o
 .debug_ranges  0x00000cf8       0x10 C:/nxp/MCUXpressoIDE_25.6.136/ide/plugins/com.nxp.mcuxpresso.tools.win32_25.6.0.202501151204/tools/bin/../lib/gcc/arm-none-eabi/14.2.1/../../../../arm-none-eabi/lib/thumb/v6-m/nofp\libcr_nohost_nf.a(_cr__main.o)
 .debug_ranges  0x00000d08       0x10 C:/nxp/MCUXpressoIDE_25.6.136/ide/plugins/com.nxp.mcuxpresso.tools.win32_25.6.0.202501151204/tools/bin/../lib/gcc/arm-none-eabi/14.2.1/../../../../arm-none-eabi/lib/thumb/v6-m/nofp\libcr_c.a(memcpy.o)
 .debug_ranges  0x00000d18       0x10 C:/nxp/MCUXpressoIDE_25.6.136/ide/plugins/com.nxp.mcuxpresso.tools.win32_25.6.0.202501151204/tools/bin/../lib/gcc/arm-none-eabi/14.2.1/../../../../arm-none-eabi/lib/thumb/v6-m/nofp\libcr_c.a(memset.o)
 .debug_ranges  0x00000d28       0x50 C:/nxp/MCUXpressoIDE_25.6.136/ide/plugins/com.nxp.mcuxpresso.tools.win32_25.6.0.202501151204/tools/bin/../lib/gcc/arm-none-eabi/14.2.1/../../../../arm-none-eabi/lib/thumb/v6-m/nofp\libcr_c.a(alloc.o)
 .debug_ranges  0x00000d78       0x38 C:/nxp/MCUXpressoIDE_25.6.136/ide/plugins/com.nxp.mcuxpresso.tools.win32_25.6.0.202501151204/tools/bin/../lib/gcc/arm-none-eabi/14.2.1/../../../../arm-none-eabi/lib/thumb/v6-m/nofp\libcr_c.a(initio.o)
 .debug_ranges  0x00000db0      0x248 C:/nxp/MCUXpressoIDE_25.6.136/ide/plugins/com.nxp.mcuxpresso.tools.win32_25.6.0.202501151204/tools/bin/../lib/gcc/arm-none-eabi/14.2.1/../../../../arm-none-eabi/lib/thumb/v6-m/nofp\libcr_c.a(printf.o)
 .debug_ranges  0x00000ff8       0x10 C:/nxp/MCUXpressoIDE_25.6.136/ide/plugins/com.nxp.mcuxpresso.tools.win32_25.6.0.202501151204/tools/bin/../lib/gcc/arm-none-eabi/14.2.1/../../../../arm-none-eabi/lib/thumb/v6-m/nofp\libcr_c.a(setvbuf.o)
 .debug_ranges  0x00001008       0x28 C:/nxp/MCUXpressoIDE_25.6.136/ide/plugins/com.nxp.mcuxpresso.tools.win32_25.6.0.202501151204/tools/bin/../lib/gcc/arm-none-eabi/14.2.1/../../../../arm-none-eabi/lib/thumb/v6-m/nofp\libcr_c.a(strlen.o)
 .debug_ranges  0x00001030       0x10 C:/nxp/MCUXpressoIDE_25.6.136/ide/plugins/com.nxp.mcuxpresso.tools.win32_25.6.0.202501151204/tools/bin/../lib/gcc/arm-none-eabi/14.2.1/../../../../arm-none-eabi/lib/thumb/v6-m/nofp\libcr_c.a(__init_alloc.o)
 .debug_ranges  0x00001040       0x10 C:/nxp/MCUXpressoIDE_25.6.136/ide/plugins/com.nxp.mcuxpresso.tools.win32_25.6.0.202501151204/tools/bin/../lib/gcc/arm-none-eabi/14.2.1/../../../../arm-none-eabi/lib/thumb/v6-m/nofp\libcr_c.a(_cr_sbrk.o)
 .debug_ranges  0x00001050       0x48 C:/nxp/MCUXpressoIDE_25.6.136/ide/plugins/com.nxp.mcuxpresso.tools.win32_25.6.0.202501151204/tools/bin/../lib/gcc/arm-none-eabi/14.2.1/../../../../arm-none-eabi/lib/thumb/v6-m/nofp\libcr_c.a(_deferredlazyseek.o)
 .debug_ranges  0x00001098       0x10 C:/nxp/MCUXpressoIDE_25.6.136/ide/plugins/com.nxp.mcuxpresso.tools.win32_25.6.0.202501151204/tools/bin/../lib/gcc/arm-none-eabi/14.2.1/../../../../arm-none-eabi/lib/thumb/v6-m/nofp\libcr_c.a(_fdopen.o)
 .debug_ranges  0x000010a8       0x10 C:/nxp/MCUXpressoIDE_25.6.136/ide/plugins/com.nxp.mcuxpresso.tools.win32_25.6.0.202501151204/tools/bin/../lib/gcc/arm-none-eabi/14.2.1/../../../../arm-none-eabi/lib/thumb/v6-m/nofp\libcr_c.a(_fflush.o)
 .debug_ranges  0x000010b8       0x10 C:/nxp/MCUXpressoIDE_25.6.136/ide/plugins/com.nxp.mcuxpresso.tools.win32_25.6.0.202501151204/tools/bin/../lib/gcc/arm-none-eabi/14.2.1/../../../../arm-none-eabi/lib/thumb/v6-m/nofp\libcr_c.a(_writebuf.o)
 .debug_ranges  0x000010c8       0x10 C:/nxp/MCUXpressoIDE_25.6.136/ide/plugins/com.nxp.mcuxpresso.tools.win32_25.6.0.202501151204/tools/bin/../lib/gcc/arm-none-eabi/14.2.1/../../../../arm-none-eabi/lib/thumb/v6-m/nofp\libcr_c.a(fclose.o)
 .debug_ranges  0x000010d8       0x28 C:/nxp/MCUXpressoIDE_25.6.136/ide/plugins/com.nxp.mcuxpresso.tools.win32_25.6.0.202501151204/tools/bin/../lib/gcc/arm-none-eabi/14.2.1/../../../../arm-none-eabi/lib/thumb/v6-m/nofp\libcr_c.a(fflush.o)
 .debug_ranges  0x00001100       0x10 C:/nxp/MCUXpressoIDE_25.6.136/ide/plugins/com.nxp.mcuxpresso.tools.win32_25.6.0.202501151204/tools/bin/../lib/gcc/arm-none-eabi/14.2.1/../../../../arm-none-eabi/lib/thumb/v6-m/nofp\libcr_c.a(fseek.o)
 .debug_ranges  0x00001110       0x10 C:/nxp/MCUXpressoIDE_25.6.136/ide/plugins/com.nxp.mcuxpresso.tools.win32_25.6.0.202501151204/tools/bin/../lib/gcc/arm-none-eabi/14.2.1/../../../../arm-none-eabi/lib/thumb/v6-m/nofp\libcr_c.a(ftell.o)
 .debug_ranges  0x00001120       0x18 C:/nxp/MCUXpressoIDE_25.6.136/ide/plugins/com.nxp.mcuxpresso.tools.win32_25.6.0.202501151204/tools/bin/../lib/gcc/arm-none-eabi/14.2.1/../../../../arm-none-eabi/lib/thumb/v6-m/nofp\libcr_c.a(remove.o)
 .debug_ranges  0x00001138       0x10 C:/nxp/MCUXpressoIDE_25.6.136/ide/plugins/com.nxp.mcuxpresso.tools.win32_25.6.0.202501151204/tools/bin/../lib/gcc/arm-none-eabi/14.2.1/../../../../arm-none-eabi/lib/thumb/v6-m/nofp\libcr_c.a(_cr_check_heap.o)
 .debug_ranges  0x00001148       0x28 C:/nxp/MCUXpressoIDE_25.6.136/ide/plugins/com.nxp.mcuxpresso.tools.win32_25.6.0.202501151204/tools/bin/../lib/gcc/arm-none-eabi/14.2.1/../../../../arm-none-eabi/lib/thumb/v6-m/nofp\libcr_c.a(_do_fflush.o)
 .debug_ranges  0x00001170       0x10 C:/nxp/MCUXpressoIDE_25.6.136/ide/plugins/com.nxp.mcuxpresso.tools.win32_25.6.0.202501151204/tools/bin/../lib/gcc/arm-none-eabi/14.2.1/../../../../arm-none-eabi/lib/thumb/v6-m/nofp\libcr_nohost_nf.a(__sys_appexit.o)
 .debug_ranges  0x00001180       0x10 C:/nxp/MCUXpressoIDE_25.6.136/ide/plugins/com.nxp.mcuxpresso.tools.win32_25.6.0.202501151204/tools/bin/../lib/gcc/arm-none-eabi/14.2.1/../../../../arm-none-eabi/lib/thumb/v6-m/nofp\libcr_nohost_nf.a(__sys_close.o)
 .debug_ranges  0x00001190       0x10 C:/nxp/MCUXpressoIDE_25.6.136/ide/plugins/com.nxp.mcuxpresso.tools.win32_25.6.0.202501151204/tools/bin/../lib/gcc/arm-none-eabi/14.2.1/../../../../arm-none-eabi/lib/thumb/v6-m/nofp\libcr_nohost_nf.a(__sys_flen.o)
 .debug_ranges  0x000011a0       0x10 C:/nxp/MCUXpressoIDE_25.6.136/ide/plugins/com.nxp.mcuxpresso.tools.win32_25.6.0.202501151204/tools/bin/../lib/gcc/arm-none-eabi/14.2.1/../../../../arm-none-eabi/lib/thumb/v6-m/nofp\libcr_nohost_nf.a(__sys_istty.o)
 .debug_ranges  0x000011b0       0x10 C:/nxp/MCUXpressoIDE_25.6.136/ide/plugins/com.nxp.mcuxpresso.tools.win32_25.6.0.202501151204/tools/bin/../lib/gcc/arm-none-eabi/14.2.1/../../../../arm-none-eabi/lib/thumb/v6-m/nofp\libcr_nohost_nf.a(__sys_remove.o)
 .debug_ranges  0x000011c0       0x10 C:/nxp/MCUXpressoIDE_25.6.136/ide/plugins/com.nxp.mcuxpresso.tools.win32_25.6.0.202501151204/tools/bin/../lib/gcc/arm-none-eabi/14.2.1/../../../../arm-none-eabi/lib/thumb/v6-m/nofp\libcr_nohost_nf.a(__sys_seek.o)
 .debug_ranges  0x000011d0       0x10 C:/nxp/MCUXpressoIDE_25.6.136/ide/plugins/com.nxp.mcuxpresso.tools.win32_25.6.0.202501151204/tools/bin/../lib/gcc/arm-none-eabi/14.2.1/../../../../arm-none-eabi/lib/thumb/v6-m/nofp\libcr_nohost_nf.a(__sys_tmpnam.o)

.debug_macro    0x00000000    0x1286c
 .debug_macro   0x00000000      0x2b4 ./utilities/str/fsl_str.o
 .debug_macro   0x000002b4      0xaea ./utilities/str/fsl_str.o
 .debug_macro   0x00000d9e       0x10 ./utilities/str/fsl_str.o
 .debug_macro   0x00000dae       0xc4 ./utilities/str/fsl_str.o
 .debug_macro   0x00000e72       0x1c ./utilities/str/fsl_str.o
 .debug_macro   0x00000e8e      0x12e ./utilities/str/fsl_str.o
 .debug_macro   0x00000fbc       0x28 ./utilities/str/fsl_str.o
 .debug_macro   0x00000fe4      0x1c7 ./utilities/str/fsl_str.o
 .debug_macro   0x000011ab       0x16 ./utilities/str/fsl_str.o
 .debug_macro   0x000011c1       0x22 ./utilities/str/fsl_str.o
 .debug_macro   0x000011e3      0x5b3 ./utilities/str/fsl_str.o
 .debug_macro   0x00001796       0x3e ./utilities/str/fsl_str.o
 .debug_macro   0x000017d4       0x2e ./utilities/str/fsl_str.o
 .debug_macro   0x00001802       0x10 ./utilities/str/fsl_str.o
 .debug_macro   0x00001812       0x2e ./utilities/str/fsl_str.o
 .debug_macro   0x00001840       0xb4 ./utilities/str/fsl_str.o
 .debug_macro   0x000018f4       0x28 ./utilities/str/fsl_str.o
 .debug_macro   0x0000191c      0x3bc ./utilities/str/fsl_str.o
 .debug_macro   0x00001cd8       0x3a ./utilities/str/fsl_str.o
 .debug_macro   0x00001d12     0x1210 ./utilities/str/fsl_str.o