Archive member included to satisfy reference by file (symbol)

C:/nxp/MCUXpressoIDE_25.6.136/ide/plugins/com.nxp.mcuxpresso.tools.win32_25.6.0.202501151204/tools/bin/../lib/gcc/arm-none-eabi/14.2.1/../../../../arm-none-eabi/lib/thumb/v6-m/nofp\libcr_nohost_nf.a(_cr__main.o)
                              ./startup/startup_mcxc444.o (__main)
C:/nxp/MCUXpressoIDE_25.6.136/ide/plugins/com.nxp.mcuxpresso.tools.win32_25.6.0.202501151204/tools/bin/../lib/gcc/arm-none-eabi/14.2.1/../../../../arm-none-eabi/lib/thumb/v6-m/nofp\libcr_c.a(memcpy.o)
                              ./utilities/str/fsl_str.o (memcpy)
C:/nxp/MCUXpressoIDE_25.6.136/ide/plugins/com.nxp.mcuxpresso.tools.win32_25.6.0.202501151204/tools/bin/../lib/gcc/arm-none-eabi/14.2.1/../../../../arm-none-eabi/lib/thumb/v6-m/nofp\libcr_c.a(memset.o)
                              ./utilities/debug_console/fsl_debug_console.o (memset)
C:/nxp/MCUXpressoIDE_25.6.136/ide/plugins/com.nxp.mcuxpresso.tools.win32_25.6.0.202501151204/tools/bin/../lib/gcc/arm-none-eabi/14.2.1/../../../../arm-none-eabi/lib/thumb/v6-m/nofp\libcr_c.a(alloc.o)
                              ./drivers/fsl_common.o (malloc)
C:/nxp/MCUXpressoIDE_25.6.136/ide/plugins/com.nxp.mcuxpresso.tools.win32_25.6.0.202501151204/tools/bin/../lib/gcc/arm-none-eabi/14.2.1/../../../../arm-none-eabi/lib/thumb/v6-m/nofp\libcr_c.a(errno.o)
                              ./utilities/str/fsl_str.o (errno)
C:/nxp/MCUXpressoIDE_25.6.136/ide/plugins/com.nxp.mcuxpresso.tools.win32_25.6.0.202501151204/tools/bin/../lib/gcc/arm-none-eabi/14.2.1/../../../../arm-none-eabi/lib/thumb/v6-m/nofp\libcr_c.a(initio.o)
                              C:/nxp/MCUXpressoIDE_25.6.136/ide/plugins/com.nxp.mcuxpresso.tools.win32_25.6.0.202501151204/tools/bin/../lib/gcc/arm-none-eabi/14.2.1/../../../../arm-none-eabi/lib/thumb/v6-m/nofp\libcr_nohost_nf.a(_cr__main.o) (_initio)
C:/nxp/MCUXpressoIDE_25.6.136/ide/plugins/com.nxp.mcuxpresso.tools.win32_25.6.0.202501151204/tools/bin/../lib/gcc/arm-none-eabi/14.2.1/../../../../arm-none-eabi/lib/thumb/v6-m/nofp\libcr_c.a(printf.o)
                              ./source/uart_comm.o (_sprintf)
C:/nxp/MCUXpressoIDE_25.6.136/ide/plugins/com.nxp.mcuxpresso.tools.win32_25.6.0.202501151204/tools/bin/../lib/gcc/arm-none-eabi/14.2.1/../../../../arm-none-eabi/lib/thumb/v6-m/nofp\libcr_c.a(scanf.o)
                              ./utilities/str/fsl_str.o (strtoul)
C:/nxp/MCUXpressoIDE_25.6.136/ide/plugins/com.nxp.mcuxpresso.tools.win32_25.6.0.202501151204/tools/bin/../lib/gcc/arm-none-eabi/14.2.1/../../../../arm-none-eabi/lib/thumb/v6-m/nofp\libcr_c.a(setvbuf.o)
                              C:/nxp/MCUXpressoIDE_25.6.136/ide/plugins/com.nxp.mcuxpresso.tools.win32_25.6.0.202501151204/tools/bin/../lib/gcc/arm-none-eabi/14.2.1/../../../../arm-none-eabi/lib/thumb/v6-m/nofp\libcr_c.a(initio.o) (setvbuf)
C:/nxp/MCUXpressoIDE_25.6.136/ide/plugins/com.nxp.mcuxpresso.tools.win32_25.6.0.202501151204/tools/bin/../lib/gcc/arm-none-eabi/14.2.1/../../../../arm-none-eabi/lib/thumb/v6-m/nofp\libcr_c.a(strlen.o)
                              ./utilities/str/fsl_str.o (strlen)
C:/nxp/MCUXpressoIDE_25.6.136/ide/plugins/com.nxp.mcuxpresso.tools.win32_25.6.0.202501151204/tools/bin/../lib/gcc/arm-none-eabi/14.2.1/../../../../arm-none-eabi/lib/thumb/v6-m/nofp\libcr_c.a(ungetc.o)
                              C:/nxp/MCUXpressoIDE_25.6.136/ide/plugins/com.nxp.mcuxpresso.tools.win32_25.6.0.202501151204/tools/bin/../lib/gcc/arm-none-eabi/14.2.1/../../../../arm-none-eabi/lib/thumb/v6-m/nofp\libcr_c.a(scanf.o) (ungetc)
C:/nxp/MCUXpressoIDE_25.6.136/ide/plugins/com.nxp.mcuxpresso.tools.win32_25.6.0.202501151204/tools/bin/../lib/gcc/arm-none-eabi/14.2.1/../../../../arm-none-eabi/lib/thumb/v6-m/nofp\libcr_c.a(__fillbuf.o)
                              C:/nxp/MCUXpressoIDE_25.6.136/ide/plugins/com.nxp.mcuxpresso.tools.win32_25.6.0.202501151204/tools/bin/../lib/gcc/arm-none-eabi/14.2.1/../../../../arm-none-eabi/lib/thumb/v6-m/nofp\libcr_c.a(scanf.o) (__filbuf)
C:/nxp/MCUXpressoIDE_25.6.136/ide/plugins/com.nxp.mcuxpresso.tools.win32_25.6.0.202501151204/tools/bin/../lib/gcc/arm-none-eabi/14.2.1/../../../../arm-none-eabi/lib/thumb/v6-m/nofp\libcr_c.a(__init_alloc.o)
                              C:/nxp/MCUXpressoIDE_25.6.136/ide/plugins/com.nxp.mcuxpresso.tools.win32_25.6.0.202501151204/tools/bin/../lib/gcc/arm-none-eabi/14.2.1/../../../../arm-none-eabi/lib/thumb/v6-m/nofp\libcr_c.a(alloc.o) (__heaps)
C:/nxp/MCUXpressoIDE_25.6.136/ide/plugins/com.nxp.mcuxpresso.tools.win32_25.6.0.202501151204/tools/bin/../lib/gcc/arm-none-eabi/14.2.1/../../../../arm-none-eabi/lib/thumb/v6-m/nofp\libcr_c.a(_cr_sbrk.o)
                              C:/nxp/MCUXpressoIDE_25.6.136/ide/plugins/com.nxp.mcuxpresso.tools.win32_25.6.0.202501151204/tools/bin/../lib/gcc/arm-none-eabi/14.2.1/../../../../arm-none-eabi/lib/thumb/v6-m/nofp\libcr_c.a(alloc.o) (_sbrk)
[...]
Memory Configuration

Name             Origin             Length             Attributes
PROGRAM_FLASH    0x00000000         0x00040000         xr
SRAM             0x1fffe000         0x00008000         xrw
*default*        0x00000000         0xffffffff

Linker script and memory map

LOAD ./utilities/str/fsl_str.o
LOAD ./utilities/debug_console/fsl_debug_console.o
LOAD ./utilities/fsl_assert.o
LOAD ./startup/startup_mcxc444.o
LOAD ./source/buzzer.o
LOAD ./source/led.o
LOAD ./source/lightSensor.o
LOAD ./source/main.o
LOAD ./source/mtb.o
LOAD ./source/semihost_hardfault.o
LOAD ./source/soilMoisture.o
LOAD ./source/uart_comm.o
LOAD ./source/waterPump.o
LOAD ./freertos/freertos-kernel/portable/MemMang/heap_4.o
LOAD ./freertos/freertos-kernel/portable/GCC/ARM_CM0/mpu_wrappers_v2_asm.o
LOAD ./freertos/freertos-kernel/portable/GCC/ARM_CM0/port.o
LOAD ./freertos/freertos-kernel/portable/GCC/ARM_CM0/portasm.o
LOAD ./freertos/freertos-kernel/croutine.o
LOAD ./freertos/freertos-kernel/event_groups.o
LOAD ./freertos/freertos-kernel/list.o
LOAD ./freertos/freertos-kernel/queue.o
LOAD ./freertos/freertos-kernel/stream_buffer.o
LOAD ./freertos/freertos-kernel/tasks.o
LOAD ./freertos/freertos-kernel/timers.o
LOAD ./drivers/fsl_clock.o
LOAD ./drivers/fsl_common.o
LOAD ./drivers/fsl_common_arm.o
LOAD ./drivers/fsl_gpio.o
LOAD ./drivers/fsl_lpuart.o
LOAD ./drivers/fsl_smc.o
LOAD ./device/system_MCXC444.o
LOAD ./component/uart/fsl_adapter_lpuart.o
LOAD ./component/serial_manager/fsl_component_serial_manager.o
LOAD ./component/serial_manager/fsl_component_serial_port_uart.o
LOAD ./component/lists/fsl_component_generic_list.o
LOAD ./board/board.o
LOAD ./board/clock_config.o
LOAD ./board/peripherals.o
LOAD ./board/pin_mux.o
START GROUP
LOAD C:/nxp/MCUXpressoIDE_25.6.136/ide/plugins/com.nxp.mcuxpresso.tools.win32_25.6.0.202501151204/tools/bin/../lib/gcc/arm-none-eabi/14.2.1/../../../../arm-none-eabi/lib/thumb/v6-m/nofp\libcr_nohost_nf.a
LOAD C:/nxp/MCUXpressoIDE_25.6.136/ide/plugins/com.nxp.mcuxpresso.tools.win32_25.6.0.202501151204/tools/bin/../lib/gcc/arm-none-eabi/14.2.1/../../../../arm-none-eabi/lib/thumb/v6-m/nofp\libcr_c.a
LOAD C:/nxp/MCUXpressoIDE_25.6.136/ide/plugins/com.nxp.mcuxpresso.tools.win32_25.6.0.202501151204/tools/bin/../lib/gcc/arm-none-eabi/14.2.1/thumb/v6-m/nofp\libcr_eabihelpers.a
LOAD C:/nxp/MCUXpressoIDE_25.6.136/ide/plugins/com.nxp.mcuxpresso.tools.win32_25.6.0.202501151204/tools/bin/../lib/gcc/arm-none-eabi/14.2.1/thumb/v6-m/nofp\libgcc.a
END GROUP
                0x00000000                        __base_PROGRAM_FLASH = 0x0
                0x00000000                        __base_Flash = 0x0
                0x00040000                        __top_PROGRAM_FLASH = 0x40000
                0x00040000                        __top_Flash = 0x40000
                0x1fffe000                        __base_SRAM = 0x1fffe000
                0x1fffe000                        __base_RAM = 0x1fffe000
                0x20006000                        __top_SRAM = 0x20006000
                0x20006000                        __top_RAM = 0x20006000

.text           0x00000000     0x61b0
 FILL mask 0xff
                0x00000000                        __vectors_start__ = ABSOLUTE (.)
 *(SORT_BY_ALIGNMENT(.isr_vector))
 .isr_vector    0x00000000       0xc0 ./startup/startup_mcxc444.o
                0x00000000                g_pfnVectors
                0x00000000                __Vectors
                0x000000c0                        . = ALIGN (0x4)
                0x000000c0                        __section_table_start = .
                0x000000c0                        __data_section_table = .
                0x000000c0        0x4 LONG 0x61b0 LOADADDR (.data)
                0x000000c4        0x4 LONG 0x1fffe080 ADDR (.data)
                0x000000c8        0x4 LONG 0x8 SIZEOF (.data)
                0x000000cc                        __data_section_table_end = .
                0x000000cc                        __bss_section_table = .
                0x000000cc        0x4 LONG 0x1fffe088 ADDR (.bss)
                0x000000d0        0x4 LONG 0x2274 SIZEOF (.bss)
                0x000000d4                        __bss_section_table_end = .
                0x000000d4                        __section_table_end = .
 *(SORT_BY_ALIGNMENT(.after_vectors*))
 .after_vectors.reset
                0x000000d4       0x4c ./startup/startup_mcxc444.o
                0x000000d4                ResetISR
 .after_vectors.init_data
                0x00000120       0x12 ./startup/startup_mcxc444.o
                0x00000120                data_init
 .after_vectors.init_bss
                0x00000132       0x10 ./startup/startup_mcxc444.o
                0x00000132                bss_init
 .after_vectors
                0x00000142      0x126 ./startup/startup_mcxc444.o
                0x00000142                NMI_Handler
                0x00000166                PIT_DriverIRQHandler
                0x00000166                I2C0_DriverIRQHandler
                0x00000166                DMA0_DriverIRQHandler
                0x00000166                Reserved42_DriverIRQHandler
                0x00000166                SPI1_DriverIRQHandler
                0x00000166                LPTMR0_DriverIRQHandler
                0x00000166                PORTC_PORTD_DriverIRQHandler
                0x00000166                PMC_DriverIRQHandler
                0x00000166                Reserved43_DriverIRQHandler
                0x00000166                I2S0_DriverIRQHandler
                0x00000166                DMA2_DriverIRQHandler
                0x00000166                TPM2_DriverIRQHandler
                0x00000166                CMP0_DriverIRQHandler
                0x00000166                ADC0_DriverIRQHandler
                0x00000166                SPI0_DriverIRQHandler
                0x00000166                RTC_Seconds_DriverIRQHandler
                0x00000166                LLWU_DriverIRQHandler
                0x00000166                I2C1_DriverIRQHandler
                0x00000166                DMA1_DriverIRQHandler
                0x00000166                LCD_DriverIRQHandler
                0x00000166                FTFA_DriverIRQHandler
                0x00000166                IntDefaultHandler
                0x00000166                USB0_DriverIRQHandler
                0x00000166                DAC0_DriverIRQHandler
                0x00000166                TPM0_DriverIRQHandler
                0x00000166                RTC_DriverIRQHandler
                0x00000166                TPM1_DriverIRQHandler
                0x00000166                PORTA_DriverIRQHandler
                0x00000166                UART2_FLEXIO_DriverIRQHandler
                0x00000166                Reserved20_DriverIRQHandler
                0x00000166                DMA3_DriverIRQHandler
                0x00000168                DMA0_IRQHandler
                0x00000170                DMA1_IRQHandler
                0x00000178                DMA2_IRQHandler
                0x00000180                DMA3_IRQHandler
                0x00000188                Reserved20_IRQHandler
                0x00000190                FTFA_IRQHandler
                0x00000198                PMC_IRQHandler
                0x000001a0                LLWU_IRQHandler
                0x000001a8                I2C0_IRQHandler
                0x000001b0                I2C1_IRQHandler
                0x000001b8                SPI0_IRQHandler
                0x000001c0                SPI1_IRQHandler
                0x000001c8                LPUART0_IRQHandler
                0x000001d0                LPUART1_IRQHandler
                0x000001e0                ADC0_IRQHandler
                0x000001e8                CMP0_IRQHandler
                0x000001f0                TPM0_IRQHandler
                0x000001f8                TPM1_IRQHandler
                0x00000200                TPM2_IRQHandler
                0x00000208                RTC_IRQHandler
                0x00000210                RTC_Seconds_IRQHandler
                0x00000218                PIT_IRQHandler
                0x00000220                I2S0_IRQHandler
                0x00000228                USB0_IRQHandler
                0x00000230                DAC0_IRQHandler
                0x00000238                Reserved42_IRQHandler
                0x00000240                Reserved43_IRQHandler
                0x00000248                LPTMR0_IRQHandler
                0x00000250                LCD_IRQHandler
                0x00000400                        . = 0x400
 *fill*         0x00000268      0x198 ff
                0x00000400                        PROVIDE (__FLASH_CONFIG_START__ = .)
 *(SORT_BY_ALIGNMENT(.FlashConfig))
 .FlashConfig   0x00000400       0x10 ./startup/startup_mcxc444.o
                0x00000400                Flash_Config
                0x00000410                        PROVIDE (__FLASH_CONFIG_END__ = .)
                0x00000001                        ASSERT (! ((__FLASH_CONFIG_START__ == __FLASH_CONFIG_END__)), Linker Flash Config Support Enabled, but no .FlashConfig section provided within application)
 *(SORT_BY_ALIGNMENT(.text*))
 .text.vRestoreContextOfFirstTask
                0x00000410       0x28 ./freertos/freertos-kernel/portable/GCC/ARM_CM0/portasm.o
                0x00000410                vRestoreContextOfFirstTask
 *fill*         0x00000438        0x8 ff
 .text.vStartFirstTask
                0x00000440       0x14 ./freertos/freertos-kernel/portable/GCC/ARM_CM0/portasm.o
                0x00000440                vStartFirstTask
 *fill*         0x00000454        0xc ff
 .text.PendSV_Handler
                0x00000460       0x48 ./freertos/freertos-kernel/portable/GCC/ARM_CM0/portasm.o
                0x00000460                PendSV_Handler
 *fill*         0x000004a8        0x8 ff
 .text.SVC_Handler
                0x000004b0       0x28 ./freertos/freertos-kernel/portable/GCC/ARM_CM0/portasm.o
                0x000004b0                SVC_Handler
 .text.DbgConsole_SendDataReliable
                0x000004d8       0x5c ./utilities/debug_console/fsl_debug_console.o
                0x000004d8                DbgConsole_SendDataReliable
 .text.DbgConsole_Vprintf
                0x00000534       0x70 ./utilities/debug_console/fsl_debug_console.o
                0x00000534                DbgConsole_Vprintf
 .text.__assertion_failed
                0x000005a4       0x34 ./utilities/fsl_assert.o
                0x000005a4                __assertion_failed
 .text.Buzzer_Init
                0x000005d8       0x44 ./source/buzzer.o
                0x000005d8                Buzzer_Init
 .text.Buzzer_On
                0x0000061c       0x20 ./source/buzzer.o
                0x0000061c                Buzzer_On
 .text.Buzzer_Off
                0x0000063c       0x20 ./source/buzzer.o
                0x0000063c                Buzzer_Off
 .text.LED_Init
                0x0000065c       0x74 ./source/led.o
                0x0000065c                LED_Init
 .text.LED_On   0x000006d0       0x60 ./source/led.o
                0x000006d0                LED_On
 .text.LED_Off  0x00000730       0x60 ./source/led.o
                0x00000730                LED_Off
 .text.LED_GetStatus
                0x00000790       0x20 ./source/led.o
                0x00000790                LED_GetStatus
 .text.__NVIC_EnableIRQ
                0x000007b0       0x34 ./source/lightSensor.o
 .text.__NVIC_DisableIRQ
                0x000007e4       0x44 ./source/lightSensor.o
 .text.__NVIC_ClearPendingIRQ
                0x00000828       0x38 ./source/lightSensor.o
 .text.__NVIC_SetPriority
                0x00000860       0xdc ./source/lightSensor.o
 .text.LightSensor_Init
                0x0000093c       0xb4 ./source/lightSensor.o
                0x0000093c                LightSensor_Init
 .text.LightSensor_Read
                0x000009f0       0x14 ./source/lightSensor.o
                0x000009f0                LightSensor_Read
 .text.LightSensor_IsDark
                0x00000a04       0x14 ./source/lightSensor.o
                0x00000a04                LightSensor_IsDark
 .text.PORTC_PORTD_IRQHandler
                0x00000a18       0x78 ./source/lightSensor.o
                0x00000a18                PORTC_PORTD_IRQHandler
 .text.main     0x00000a90      0x158 ./source/main.o
                0x00000a90                main
 .text.SensorTask
                0x00000be8       0x70 ./source/main.o
                0x00000be8                SensorTask
 .text.ControlTask
                0x00000c58       0xf8 ./source/main.o
                0x00000c58                ControlTask
 .text.UARTTask
                0x00000d50      0x1a4 ./source/main.o
                0x00000d50                UARTTask
 .text.SafetyTask
                0x00000ef4       0x70 ./source/main.o
                0x00000ef4                SafetyTask
 .text.vApplicationStackOverflowHook
                0x00000f64       0x30 ./source/main.o
                0x00000f64                vApplicationStackOverflowHook
 .text.vApplicationMallocFailedHook
                0x00000f94       0x14 ./source/main.o
                0x00000f94                vApplicationMallocFailedHook
 .text.HardFault_Handler
                0x00000fa8       0x38 ./source/semihost_hardfault.o
                0x00000fa8                HardFault_Handler
 .text.__NVIC_EnableIRQ
                0x00000fe0       0x34 ./source/soilMoisture.o
 .text.__NVIC_DisableIRQ
                0x00001014       0x44 ./source/soilMoisture.o
 .text.__NVIC_ClearPendingIRQ
                0x00001058       0x38 ./source/soilMoisture.o
 .text.__NVIC_SetPriority
                0x00001090       0xdc ./source/soilMoisture.o
 .text.SoilMoisture_Init
                0x0000116c       0xb4 ./source/soilMoisture.o
                0x0000116c                SoilMoisture_Init
 .text.SoilMoisture_Read
                0x00001220       0x14 ./source/soilMoisture.o
                0x00001220                SoilMoisture_Read
 .text.SoilMoisture_IsDry
                0x00001234       0x14 ./source/soilMoisture.o
                0x00001234                SoilMoisture_IsDry
 .text.PORTA_IRQHandler
                0x00001248       0x4c ./source/soilMoisture.o
                0x00001248                PORTA_IRQHandler
 .text.__NVIC_EnableIRQ
                0x00001294       0x34 ./source/uart_comm.o
 .text.__NVIC_ClearPendingIRQ
                0x000012c8       0x38 ./source/uart_comm.o
 .text.__NVIC_SetPriority
                0x00001300       0xdc ./source/uart_comm.o
 .text.UART_Init
                0x000013dc       0xdc ./source/uart_comm.o
                0x000013dc                UART_Init
 .text.UART_SendChar
                0x000014b8       0x30 ./source/uart_comm.o
                0x000014b8                UART_SendChar
 .text.UART_SendStatus
                0x000014e8       0x50 ./source/uart_comm.o
                0x000014e8                UART_SendStatus
 .text.UART_ReceiveCommand
                0x00001538      0x1c8 ./source/uart_comm.o
                0x00001538                UART_ReceiveCommand
 .text.UART2_FLEXIO_IRQHandler
                0x00001700       0x88 ./source/uart_comm.o
                0x00001700                UART2_FLEXIO_IRQHandler
 .text.WaterPump_Init
                0x00001788       0x44 ./source/waterPump.o
                0x00001788                WaterPump_Init
 .text.WaterPump_On
                0x000017cc       0x20 ./source/waterPump.o
                0x000017cc                WaterPump_On
 .text.WaterPump_Off
                0x000017ec       0x20 ./source/waterPump.o
                0x000017ec                WaterPump_Off
 .text.WaterPump_GetStatus
                0x0000180c       0x14 ./source/waterPump.o
                0x0000180c                WaterPump_GetStatus
 .text.pvPortMalloc
                0x00001820      0x164 ./freertos/freertos-kernel/portable/MemMang/heap_4.o
                0x00001820                pvPortMalloc
 .text.vPortFree
                0x00001984       0x74 ./freertos/freertos-kernel/portable/MemMang/heap_4.o
                0x00001984                vPortFree
 .text.prvHeapInit
                0x000019f8       0xb0 ./freertos/freertos-kernel/portable/MemMang/heap_4.o
 .text.prvInsertBlockIntoFreeList
                0x00001aa8       0xb0 ./freertos/freertos-kernel/portable/MemMang/heap_4.o
 .text.vPortSetupTimerInterrupt
                0x00001b58       0x34 ./freertos/freertos-kernel/portable/GCC/ARM_CM0/port.o
                0x00001b58                vPortSetupTimerInterrupt
 .text.vPortYield
                0x00001b8c       0x20 ./freertos/freertos-kernel/portable/GCC/ARM_CM0/port.o
                0x00001b8c                vPortYield
 .text.vPortEnterCritical
                0x00001bac       0x24 ./freertos/freertos-kernel/portable/GCC/ARM_CM0/port.o
                0x00001bac                vPortEnterCritical
 .text.vPortExitCritical
                0x00001bd0       0x24 ./freertos/freertos-kernel/portable/GCC/ARM_CM0/port.o
                0x00001bd0                vPortExitCritical
 .text.SysTick_Handler
                0x00001bf4       0x34 ./freertos/freertos-kernel/portable/GCC/ARM_CM0/port.o
                0x00001bf4                SysTick_Handler
 .text.pxPortInitialiseStack
                0x00001c28      0x11c ./freertos/freertos-kernel/portable/GCC/ARM_CM0/port.o
                0x00001c28                pxPortInitialiseStack
 .text.xPortStartScheduler
                0x00001d44       0x60 ./freertos/freertos-kernel/portable/GCC/ARM_CM0/port.o
                0x00001d44                xPortStartScheduler
 .text.prvInitialiseNewTask
                0x00001da4       0xe8 ./freertos/freertos-kernel/tasks.o
 .text.prvAddNewTaskToReadyList
                0x00001e8c      0x118 ./freertos/freertos-kernel/tasks.o
 .text.xTaskDelayUntil
                0x00001fa4       0x94 ./freertos/freertos-kernel/tasks.o
                0x00001fa4                xTaskDelayUntil
 .text.prvCreateIdleTasks
                0x00002038       0x98 ./freertos/freertos-kernel/tasks.o
 .text.vTaskStartScheduler
                0x000020d0       0x4c ./freertos/freertos-kernel/tasks.o
                0x000020d0                vTaskStartScheduler
 .text.vTaskSuspendAll
                0x0000211c       0x18 ./freertos/freertos-kernel/tasks.o
                0x0000211c                vTaskSuspendAll
 .text.xTaskResumeAll
                0x00002134      0x1dc ./freertos/freertos-kernel/tasks.o
                0x00002134                xTaskResumeAll
 .text.xTaskGetTickCount
                0x00002310       0x1c ./freertos/freertos-kernel/tasks.o
                0x00002310                xTaskGetTickCount
 .text.xTaskIncrementTick
                0x0000232c      0x20c ./freertos/freertos-kernel/tasks.o
                0x0000232c                xTaskIncrementTick
 .text.vTaskSwitchContext
                0x00002538       0xf0 ./freertos/freertos-kernel/tasks.o
                0x00002538                vTaskSwitchContext
 .text.vTaskPlaceOnEventList
                0x00002628       0x34 ./freertos/freertos-kernel/tasks.o
                0x00002628                vTaskPlaceOnEventList
 .text.xTaskRemoveFromEventList
                0x0000265c      0x190 ./freertos/freertos-kernel/tasks.o
                0x0000265c                xTaskRemoveFromEventList
 .text.vTaskInternalSetTimeOutState
                0x000027ec       0x28 ./freertos/freertos-kernel/tasks.o
                0x000027ec                vTaskInternalSetTimeOutState
 .text.xTaskCheckForTimeOut
                0x00002814       0x94 ./freertos/freertos-kernel/tasks.o
                0x00002814                xTaskCheckForTimeOut
 .text.vTaskMissedYield
                0x000028a8       0x14 ./freertos/freertos-kernel/tasks.o
                0x000028a8                vTaskMissedYield
 .text.prvIdleTask
                0x000028bc       0x20 ./freertos/freertos-kernel/tasks.o
 .text.prvInitialiseTaskLists
                0x000028dc       0x88 ./freertos/freertos-kernel/tasks.o
 .text.prvCheckTasksWaitingTermination
                0x00002964       0x5c ./freertos/freertos-kernel/tasks.o
 .text.prvResetNextTaskUnblockTime
                0x000029c0       0x34 ./freertos/freertos-kernel/tasks.o
 .text.xTaskPriorityInherit
                0x000029f4      0x124 ./freertos/freertos-kernel/tasks.o
                0x000029f4                xTaskPriorityInherit
 .text.xTaskPriorityDisinherit
                0x00002b18       0xe8 ./freertos/freertos-kernel/tasks.o
                0x00002b18                xTaskPriorityDisinherit
 .text.vTaskPriorityDisinheritAfterTimeout
                0x00002c00      0x114 ./freertos/freertos-kernel/tasks.o
                0x00002c00                vTaskPriorityDisinheritAfterTimeout
 .text.pvTaskIncrementMutexHeldCount
                0x00002d14       0x2c ./freertos/freertos-kernel/tasks.o
                0x00002d14                pvTaskIncrementMutexHeldCount
 .text.xTaskGenericNotify
                0x00002d40      0x1dc ./freertos/freertos-kernel/tasks.o
                0x00002d40                xTaskGenericNotify
 .text.xTaskGenericNotifyFromISR
                0x00002f1c      0x244 ./freertos/freertos-kernel/tasks.o
                0x00002f1c                xTaskGenericNotifyFromISR
 .text.prvAddCurrentTaskToDelayedList
                0x00003160       0xe4 ./freertos/freertos-kernel/tasks.o
 .text.LPUART_WriteBlocking
                0x00003244       0x6c ./drivers/fsl_lpuart.o
                0x00003244                LPUART_WriteBlocking
 .text.LPUART0_DriverIRQHandler
                0x000032b0       0x24 ./drivers/fsl_lpuart.o
                0x000032b0                LPUART0_DriverIRQHandler
 .text.LPUART1_DriverIRQHandler
                0x000032d4       0x24 ./drivers/fsl_lpuart.o
                0x000032d4                LPUART1_DriverIRQHandler
 .text.SystemInit
                0x000032f8       0x40 ./device/system_MCXC444.o
                0x000032f8                SystemInit
 .text.HAL_UartSendBlocking
                0x00003338       0x6c ./component/uart/fsl_adapter_lpuart.o
                0x00003338                HAL_UartSendBlocking
 .text.SerialManager_StartWriting
                0x000033a4       0x44 ./component/serial_manager/fsl_component_serial_manager.o
 .text.malloc   0x000033e8       0xd4 C:/nxp/MCUXpressoIDE_25.6.136/ide/plugins/com.nxp.mcuxpresso.tools.win32_25.6.0.202501151204/tools/bin/../lib/gcc/arm-none-eabi/14.2.1/../../../../arm-none-eabi/lib/thumb/v6-m/nofp\libcr_c.a(alloc.o)
                0x000033e8                malloc
 .text._Csys_alloc
                0x000034bc       0x20 C:/nxp/MCUXpressoIDE_25.6.136/ide/plugins/com.nxp.mcuxpresso.tools.win32_25.6.0.202501151204/tools/bin/../lib/gcc/arm-none-eabi/14.2.1/../../../../arm-none-eabi/lib/thumb/v6-m/nofp\libcr_c.a(alloc.o)
                0x000034bc                _Csys_alloc
 .text._initio  0x000034dc       0x7c C:/nxp/MCUXpressoIDE_25.6.136/ide/plugins/com.nxp.mcuxpresso.tools.win32_25.6.0.202501151204/tools/bin/../lib/gcc/arm-none-eabi/14.2.1/../../../../arm-none-eabi/lib/thumb/v6-m/nofp\libcr_c.a(initio.o)
                0x000034dc                _initio
 .text.__vfprintf
                0x00003558      0xd50 C:/nxp/MCUXpressoIDE_25.6.136/ide/plugins/com.nxp.mcuxpresso.tools.win32_25.6.0.202501151204/tools/bin/../lib/gcc/arm-none-eabi/14.2.1/../../../../arm-none-eabi/lib/thumb/v6-m/nofp\libcr_c.a(printf.o)
                0x00003558                __vfprintf
 .text._sprintf
                0x000042a8       0x6c C:/nxp/MCUXpressoIDE_25.6.136/ide/plugins/com.nxp.mcuxpresso.tools.win32_25.6.0.202501151204/tools/bin/../lib/gcc/arm-none-eabi/14.2.1/../../../../arm-none-eabi/lib/thumb/v6-m/nofp\libcr_c.a(printf.o)
                0x000042a8                _sprintf
 .text.setvbuf  0x00004314       0x4c C:/nxp/MCUXpressoIDE_25.6.136/ide/plugins/com.nxp.mcuxpresso.tools.win32_25.6.0.202501151204/tools/bin/../lib/gcc/arm-none-eabi/14.2.1/../../../../arm-none-eabi/lib/thumb/v6-m/nofp\libcr_c.a(setvbuf.o)
                0x00004314                setvbuf
 .text.strlen   0x00004360       0x5c C:/nxp/MCUXpressoIDE_25.6.136/ide/plugins/com.nxp.mcuxpresso.tools.win32_25.6.0.202501151204/tools/bin/../lib/gcc/arm-none-eabi/14.2.1/../../../../arm-none-eabi/lib/thumb/v6-m/nofp\libcr_c.a(strlen.o)
                0x00004360                strlen
 .text._sbrk    0x000043bc       0x40 C:/nxp/MCUXpressoIDE_25.6.136/ide/plugins/com.nxp.mcuxpresso.tools.win32_25.6.0.202501151204/tools/bin/../lib/gcc/arm-none-eabi/14.2.1/../../../../arm-none-eabi/lib/thumb/v6-m/nofp\libcr_c.a(_cr_sbrk.o)
                0x000043bc                _sbrk
 .text._deferredlazyseek
                0x000043fc       0x44 C:/nxp/MCUXpressoIDE_25.6.136/ide/plugins/com.nxp.mcuxpresso.tools.win32_25.6.0.202501151204/tools/bin/../lib/gcc/arm-none-eabi/14.2.1/../../../../arm-none-eabi/lib/thumb/v6-m/nofp\libcr_c.a(_deferredlazyseek.o)
                0x000043fc                _deferredlazyseek
 .text.__flsbuf
                0x00004440      0x130 C:/nxp/MCUXpressoIDE_25.6.136/ide/plugins/com.nxp.mcuxpresso.tools.win32_25.6.0.202501151204/tools/bin/../lib/gcc/arm-none-eabi/14.2.1/../../../../arm-none-eabi/lib/thumb/v6-m/nofp\libcr_c.a(_deferredlazyseek.o)
                0x00004440                __flsbuf
 .text._fdopen  0x00004570       0x74 C:/nxp/MCUXpressoIDE_25.6.136/ide/plugins/com.nxp.mcuxpresso.tools.win32_25.6.0.202501151204/tools/bin/../lib/gcc/arm-none-eabi/14.2.1/../../../../arm-none-eabi/lib/thumb/v6-m/nofp\libcr_c.a(_fdopen.o)
                0x00004570                _fdopen
 .text._fflush  0x000045e4       0x5c C:/nxp/MCUXpressoIDE_25.6.136/ide/plugins/com.nxp.mcuxpresso.tools.win32_25.6.0.202501151204/tools/bin/../lib/gcc/arm-none-eabi/14.2.1/../../../../arm-none-eabi/lib/thumb/v6-m/nofp\libcr_c.a(_fflush.o)
                0x000045e4                _fflush
 .text._Cwritebuf
                0x00004640       0x68 C:/nxp/MCUXpressoIDE_25.6.136/ide/plugins/com.nxp.mcuxpresso.tools.win32_25.6.0.202501151204/tools/bin/../lib/gcc/arm-none-eabi/14.2.1/../../../../arm-none-eabi/lib/thumb/v6-m/nofp\libcr_c.a(_writebuf.o)
                0x00004640                _Cwritebuf
 .text.fclose   0x000046a8       0x5c C:/nxp/MCUXpressoIDE_25.6.136/ide/plugins/com.nxp.mcuxpresso.tools.win32_25.6.0.202501151204/tools/bin/../lib/gcc/arm-none-eabi/14.2.1/../../../../arm-none-eabi/lib/thumb/v6-m/nofp\libcr_c.a(fclose.o)
                0x000046a8                fclose
 .text.fflush   0x00004704       0x40 C:/nxp/MCUXpressoIDE_25.6.136/ide/plugins/com.nxp.mcuxpresso.tools.win32_25.6.0.202501151204/tools/bin/../lib/gcc/arm-none-eabi/14.2.1/../../../../arm-none-eabi/lib/thumb/v6-m/nofp\libcr_c.a(fflush.o)
                0x00004704                fflush
 .text.fseek    0x00004744       0xec C:/nxp/MCUXpressoIDE_25.6.136/ide/plugins/com.nxp.mcuxpresso.tools.win32_25.6.0.202501151204/tools/bin/../lib/gcc/arm-none-eabi/14.2.1/../../../../arm-none-eabi/lib/thumb/v6-m/nofp\libcr_c.a(fseek.o)
                0x00004744                fseek
 .text.ftell    0x00004830       0x4c C:/nxp/MCUXpressoIDE_25.6.136/ide/plugins/com.nxp.mcuxpresso.tools.win32_25.6.0.202501151204/tools/bin/../lib/gcc/arm-none-eabi/14.2.1/../../../../arm-none-eabi/lib/thumb/v6-m/nofp\libcr_c.a(ftell.o)
                0x00004830                ftell
 .text.__check_heap_overflow
                0x0000487c       0x18 C:/nxp/MCUXpressoIDE_25.6.136/ide/plugins/com.nxp.mcuxpresso.tools.win32_25.6.0.202501151204/tools/bin/../lib/gcc/arm-none-eabi/14.2.1/../../../../arm-none-eabi/lib/thumb/v6-m/nofp\libcr_c.a(_cr_check_heap.o)
                0x0000487c                __check_heap_overflow
 .text._do_fflush
                0x00004894       0x48 C:/nxp/MCUXpressoIDE_25.6.136/ide/plugins/com.nxp.mcuxpresso.tools.win32_25.6.0.202501151204/tools/bin/../lib/gcc/arm-none-eabi/14.2.1/../../../../arm-none-eabi/lib/thumb/v6-m/nofp\libcr_c.a(_do_fflush.o)
                0x00004894                _do_fflush
 .text.PrintGetWidth
                0x000048dc       0x7c ./utilities/str/fsl_str.o
 .text.PrintGetPrecision
                0x00004958       0xa0 ./utilities/str/fsl_str.o
 .text.PrintIsobpu
                0x000049f8       0x3e ./utilities/str/fsl_str.o
 .text.PrintIsdi
                0x00004a36       0x2e ./utilities/str/fsl_str.o
 .text.PrintOutputdifFobpu
                0x00004a64       0x48 ./utilities/str/fsl_str.o
 .text.PrintOutputxX
                0x00004aac       0x48 ./utilities/str/fsl_str.o
 .text.PrintIsfF
                0x00004af4       0x2e ./utilities/str/fsl_str.o
 .text.PrintIsxX
                0x00004b22       0x2e ./utilities/str/fsl_str.o
 .text.PrintFilterLengthFlag
                0x00004b50       0x44 ./utilities/str/fsl_str.o
 .text.PrintGetRadixFromobpu
                0x00004b94       0x58 ./utilities/str/fsl_str.o
 .text.ConvertRadixNumToString
                0x00004bec       0xc0 ./utilities/str/fsl_str.o
 .text.StrFormatExaminedi
                0x00004cac       0x22 ./utilities/str/fsl_str.o
 .text.StrFormatExaminexX
                0x00004cce       0x22 ./utilities/str/fsl_str.o
 .text.StrFormatExamineobpu
                0x00004cf0       0x22 ./utilities/str/fsl_str.o
 .text.ConvertPrecisionWidthToLength
                0x00004d12       0x22 ./utilities/str/fsl_str.o
 .text.StrFormatPrintf
                0x00004d34      0x2d6 ./utilities/str/fsl_str.o
                0x00004d34                StrFormatPrintf
 .text.DbgConsole_PrintCallback
                0x0000500a       0x6c ./utilities/debug_console/fsl_debug_console.o
 .text.DbgConsole_Printf
                0x00005076       0x32 ./utilities/debug_console/fsl_debug_console.o
                0x00005076                DbgConsole_Printf
 .text.__sys_write
                0x000050a8       0x40 ./utilities/debug_console/fsl_debug_console.o
                0x000050a8                __sys_write
 .text.fsl_assert_hook
                0x000050e8       0x16 ./utilities/fsl_assert.o
                0x000050e8                fsl_assert_hook
 .text.LED_AllOff
                0x000050fe       0x1c ./source/led.o
                0x000050fe                LED_AllOff
 .text.UART_SendString
                0x0000511a       0x2a ./source/uart_comm.o
                0x0000511a                UART_SendString
 .text.prvTaskExitError
                0x00005144       0x1e ./freertos/freertos-kernel/portable/GCC/ARM_CM0/port.o
 .text.vPortSVCHandler_C
                0x00005162       0x32 ./freertos/freertos-kernel/portable/GCC/ARM_CM0/port.o
                0x00005162                vPortSVCHandler_C
 .text.ulSetInterruptMask
                0x00005194        0xc ./freertos/freertos-kernel/portable/GCC/ARM_CM0/portasm.o
                0x00005194                ulSetInterruptMask
 .text.vClearInterruptMask
                0x000051a0        0x8 ./freertos/freertos-kernel/portable/GCC/ARM_CM0/portasm.o
                0x000051a0                vClearInterruptMask
 .text.vListInitialise
                0x000051a8       0x3c ./freertos/freertos-kernel/list.o
                0x000051a8                vListInitialise
 .text.vListInitialiseItem
                0x000051e4       0x16 ./freertos/freertos-kernel/list.o
                0x000051e4                vListInitialiseItem
 .text.vListInsert
                0x000051fa       0x6c ./freertos/freertos-kernel/list.o
                0x000051fa                vListInsert
 .text.uxListRemove
                0x00005266       0x50 ./freertos/freertos-kernel/list.o
                0x00005266                uxListRemove
 .text.xQueueGenericReset
                0x000052b6       0xfe ./freertos/freertos-kernel/queue.o
                0x000052b6                xQueueGenericReset
 .text.xQueueGenericCreate
                0x000053b4       0xb0 ./freertos/freertos-kernel/queue.o
                0x000053b4                xQueueGenericCreate
 .text.prvInitialiseNewQueue
                0x00005464       0x44 ./freertos/freertos-kernel/queue.o
 .text.prvInitialiseMutex
                0x000054a8       0x34 ./freertos/freertos-kernel/queue.o
 .text.xQueueCreateMutex
                0x000054dc       0x38 ./freertos/freertos-kernel/queue.o
                0x000054dc                xQueueCreateMutex
 .text.xQueueGenericSend
                0x00005514      0x12a ./freertos/freertos-kernel/queue.o
                0x00005514                xQueueGenericSend
 .text.xQueueReceive
                0x0000563e      0x128 ./freertos/freertos-kernel/queue.o
                0x0000563e                xQueueReceive
 .text.xQueueSemaphoreTake
                0x00005766      0x178 ./freertos/freertos-kernel/queue.o
                0x00005766                xQueueSemaphoreTake
 .text.prvGetDisinheritPriorityAfterTimeout
                0x000058de       0x2c ./freertos/freertos-kernel/queue.o
 .text.prvCopyDataToQueue
                0x0000590a       0xd6 ./freertos/freertos-kernel/queue.o
 .text.prvCopyDataFromQueue
                0x000059e0       0x4c ./freertos/freertos-kernel/queue.o
 .text.prvUnlockQueue
                0x00005a2c       0xbc ./freertos/freertos-kernel/queue.o
 .text.prvIsQueueEmpty
                0x00005ae8       0x2c ./freertos/freertos-kernel/queue.o
 .text.prvIsQueueFull
                0x00005b14       0x30 ./freertos/freertos-kernel/queue.o
 .text.prvCreateTask
                0x00005b44       0x82 ./freertos/freertos-kernel/tasks.o
 .text.xTaskCreate
                0x00005bc6       0x4c ./freertos/freertos-kernel/tasks.o
                0x00005bc6                xTaskCreate
 .text.vTaskDelay
                0x00005c12       0x3a ./freertos/freertos-kernel/tasks.o
                0x00005c12                vTaskDelay
 .text.prvDeleteTCB
                0x00005c4c       0x22 ./freertos/freertos-kernel/tasks.o
 .text.SystemInitHook
                0x00005c6e        0xa ./device/system_MCXC444.o
                0x00005c6e                SystemInitHook
 .text.SerialManager_Write
                0x00005c78       0x44 ./component/serial_manager/fsl_component_serial_manager.o
 .text.SerialManager_WriteBlocking
                0x00005cbc       0x22 ./component/serial_manager/fsl_component_serial_manager.o
                0x00005cbc                SerialManager_WriteBlocking
 .text.Serial_UartWrite
                0x00005cde       0x38 ./component/serial_manager/fsl_component_serial_port_uart.o
                0x00005cde                Serial_UartWrite
 .text.__main   0x00005d16        0xc C:/nxp/MCUXpressoIDE_25.6.136/ide/plugins/com.nxp.mcuxpresso.tools.win32_25.6.0.202501151204/tools/bin/../lib/gcc/arm-none-eabi/14.2.1/../../../../arm-none-eabi/lib/thumb/v6-m/nofp\libcr_nohost_nf.a(_cr__main.o)
                0x00005d16                __main
 .text.memcpy   0x00005d22        0x8 C:/nxp/MCUXpressoIDE_25.6.136/ide/plugins/com.nxp.mcuxpresso.tools.win32_25.6.0.202501151204/tools/bin/../lib/gcc/arm-none-eabi/14.2.1/../../../../arm-none-eabi/lib/thumb/v6-m/nofp\libcr_c.a(memcpy.o)
                0x00005d22                memcpy
 .text.memset   0x00005d2a        0x8 C:/nxp/MCUXpressoIDE_25.6.136/ide/plugins/com.nxp.mcuxpresso.tools.win32_25.6.0.202501151204/tools/bin/../lib/gcc/arm-none-eabi/14.2.1/../../../../arm-none-eabi/lib/thumb/v6-m/nofp\libcr_c.a(memset.o)
                0x00005d2a                memset
 .text.free     0x00005d32       0x2c C:/nxp/MCUXpressoIDE_25.6.136/ide/plugins/com.nxp.mcuxpresso.tools.win32_25.6.0.202501151204/tools/bin/../lib/gcc/arm-none-eabi/14.2.1/../../../../arm-none-eabi/lib/thumb/v6-m/nofp\libcr_c.a(alloc.o)
                0x00005d32                free
 .text.no_fp_display
                0x00005d5e        0x4 C:/nxp/MCUXpressoIDE_25.6.136/ide/plugins/com.nxp.mcuxpresso.tools.win32_25.6.0.202501151204/tools/bin/../lib/gcc/arm-none-eabi/14.2.1/../../../../arm-none-eabi/lib/thumb/v6-m/nofp\libcr_c.a(printf.o)
 .text.remove   0x00005d62       0x12 C:/nxp/MCUXpressoIDE_25.6.136/ide/plugins/com.nxp.mcuxpresso.tools.win32_25.6.0.202501151204/tools/bin/../lib/gcc/arm-none-eabi/14.2.1/../../../../arm-none-eabi/lib/thumb/v6-m/nofp\libcr_c.a(remove.o)
                0x00005d62                remove
 .text.__aeabi_division_idivmod
                0x00005d74       0x78 C:/nxp/MCUXpressoIDE_25.6.136/ide/plugins/com.nxp.mcuxpresso.tools.win32_25.6.0.202501151204/tools/bin/../lib/gcc/arm-none-eabi/14.2.1/thumb/v6-m/nofp\libcr_eabihelpers.a(division_32.o)
                0x00005d74                __aeabi_idivmod
                0x00005d74                __aeabi_idiv
                0x00005d7a                __aeabi_uidivmod
                0x00005d7a                __aeabi_uidiv
 .text.__aeabi_division_idiv0
                0x00005dec        0x2 C:/nxp/MCUXpressoIDE_25.6.136/ide/plugins/com.nxp.mcuxpresso.tools.win32_25.6.0.202501151204/tools/bin/../lib/gcc/arm-none-eabi/14.2.1/thumb/v6-m/nofp\libcr_eabihelpers.a(division_idiv0.o)
                0x00005dec                __aeabi_idiv0
 .text.__aeabi_llong_lmul
                0x00005dee       0x2e C:/nxp/MCUXpressoIDE_25.6.136/ide/plugins/com.nxp.mcuxpresso.tools.win32_25.6.0.202501151204/tools/bin/../lib/gcc/arm-none-eabi/14.2.1/thumb/v6-m/nofp\libcr_eabihelpers.a(llong.o)
                0x00005dee                __aeabi_lmul
 .text.__aeabi_memcpy
                0x00005e1c       0x2c C:/nxp/MCUXpressoIDE_25.6.136/ide/plugins/com.nxp.mcuxpresso.tools.win32_25.6.0.202501151204/tools/bin/../lib/gcc/arm-none-eabi/14.2.1/thumb/v6-m/nofp\libcr_eabihelpers.a(memcpy.o)
                0x00005e1c                __aeabi_memcpy4
                0x00005e1c                __aeabi_memcpy8
                0x00005e1c                __aeabi_memcpy
 .text.__aeabi_memset_lowlevel
                0x00005e48       0x2a C:/nxp/MCUXpressoIDE_25.6.136/ide/plugins/com.nxp.mcuxpresso.tools.win32_25.6.0.202501151204/tools/bin/../lib/gcc/arm-none-eabi/14.2.1/thumb/v6-m/nofp\libcr_eabihelpers.a(memcpy.o)
                0x00005e48                __aeabi_lowlevel_memset
 .text.__gnu_thumb1_case_uqi
                0x00005e72       0x10 C:/nxp/MCUXpressoIDE_25.6.136/ide/plugins/com.nxp.mcuxpresso.tools.win32_25.6.0.202501151204/tools/bin/../lib/gcc/arm-none-eabi/14.2.1/thumb/v6-m/nofp\libcr_eabihelpers.a(thumb1_switch_helpers.o)
                0x00005e72                __gnu_thumb1_case_uqi
 .text.__gnu_thumb1_case_uhi
                0x00005e82       0x10 C:/nxp/MCUXpressoIDE_25.6.136/ide/plugins/com.nxp.mcuxpresso.tools.win32_25.6.0.202501151204/tools/bin/../lib/gcc/arm-none-eabi/14.2.1/thumb/v6-m/nofp\libcr_eabihelpers.a(thumb1_switch_helpers.o)
                0x00005e82                __gnu_thumb1_case_uhi
 .text.__sys_appexit
                0x00005e92        0x2 C:/nxp/MCUXpressoIDE_25.6.136/ide/plugins/com.nxp.mcuxpresso.tools.win32_25.6.0.202501151204/tools/bin/../lib/gcc/arm-none-eabi/14.2.1/../../../../arm-none-eabi/lib/thumb/v6-m/nofp\libcr_nohost_nf.a(__sys_appexit.o)
                0x00005e92                __sys_appexit
                0x00005e92                __exit
 .text.__sys_close
                0x00005e94        0x6 C:/nxp/MCUXpressoIDE_25.6.136/ide/plugins/com.nxp.mcuxpresso.tools.win32_25.6.0.202501151204/tools/bin/../lib/gcc/arm-none-eabi/14.2.1/../../../../arm-none-eabi/lib/thumb/v6-m/nofp\libcr_nohost_nf.a(__sys_close.o)
                0x00005e94                __sys_close
 .text.__sys_flen
                0x00005e9a        0x6 C:/nxp/MCUXpressoIDE_25.6.136/ide/plugins/com.nxp.mcuxpresso.tools.win32_25.6.0.202501151204/tools/bin/../lib/gcc/arm-none-eabi/14.2.1/../../../../arm-none-eabi/lib/thumb/v6-m/nofp\libcr_nohost_nf.a(__sys_flen.o)
                0x00005e9a                __sys_flen
 .text.__sys_istty
                0x00005ea0        0x6 C:/nxp/MCUXpressoIDE_25.6.136/ide/plugins/com.nxp.mcuxpresso.tools.win32_25.6.0.202501151204/tools/bin/../lib/gcc/arm-none-eabi/14.2.1/../../../../arm-none-eabi/lib/thumb/v6-m/nofp\libcr_nohost_nf.a(__sys_istty.o)
                0x00005ea0                __sys_istty
 .text.__sys_remove
                0x00005ea6        0x6 C:/nxp/MCUXpressoIDE_25.6.136/ide/plugins/com.nxp.mcuxpresso.tools.win32_25.6.0.202501151204/tools/bin/../lib/gcc/arm-none-eabi/14.2.1/../../../../arm-none-eabi/lib/thumb/v6-m/nofp\libcr_nohost_nf.a(__sys_remove.o)
                0x00005ea6                __sys_remove
 .text.__sys_seek
                0x00005eac        0x6 C:/nxp/MCUXpressoIDE_25.6.136/ide/plugins/com.nxp.mcuxpresso.tools.win32_25.6.0.202501151204/tools/bin/../lib/gcc/arm-none-eabi/14.2.1/../../../../arm-none-eabi/lib/thumb/v6-m/nofp\libcr_nohost_nf.a(__sys_seek.o)
                0x00005eac                __sys_seek
 .text.__sys_tmpnam
                0x00005eb2        0x6 C:/nxp/MCUXpressoIDE_25.6.136/ide/plugins/com.nxp.mcuxpresso.tools.win32_25.6.0.202501151204/tools/bin/../lib/gcc/arm-none-eabi/14.2.1/../../../../arm-none-eabi/lib/thumb/v6-m/nofp\libcr_nohost_nf.a(__sys_tmpnam.o)
                0x00005eb2                __sys_tmpnam
 *freertos*/tasks.o(SORT_BY_ALIGNMENT(.rodata*))
 .rodata.uxTopUsedPriority
                0x00005eb8        0x4 ./freertos/freertos-kernel/tasks.o
 .rodata.prvCreateIdleTasks.str1.4
                0x00005ebc        0x5 ./freertos/freertos-kernel/tasks.o
 .rodata.xTaskGenericNotify
                0x00005ebc       0x14 ./freertos/freertos-kernel/tasks.o
 .rodata.xTaskGenericNotifyFromISR
                0x00005ed0       0x14 ./freertos/freertos-kernel/tasks.o
 *(SORT_BY_ALIGNMENT(.rodata) SORT_BY_ALIGNMENT(.rodata.*) SORT_BY_ALIGNMENT(.constdata) SORT_BY_ALIGNMENT(.constdata.*))
 .rodata.__assertion_failed.str1.4
                0x00005ee4      0x247 ./utilities/fsl_assert.o
                                 0x14 (size before relaxing)
 .rodata.main.str1.4
                0x0000612b       0x74 ./source/main.o
 .rodata.SensorTask.str1.4
                0x0000612b       0x1c ./source/main.o
 .rodata.UARTTask.str1.4
                0x0000612b       0x63 ./source/main.o
 *fill*         0x0000612b        0x1 ff
 .rodata.UARTTask
                0x0000612c       0x24 ./source/main.o
 .rodata.SafetyTask.str1.4
                0x00006150       0x21 ./source/main.o
 .rodata.vApplicationStackOverflowHook.str1.4
                0x00006150       0x22 ./source/main.o
 .rodata.vApplicationMallocFailedHook.str1.4
                0x00006150       0x16 ./source/main.o
 .rodata.UART_SendStatus.str1.4
                0x00006150       0x36 ./source/uart_comm.o
 .rodata.LPUART_WriteBlocking.str1.4
                0x00006150       0x21 ./drivers/fsl_lpuart.o
 .rodata.s_LpuartAdapterBase
                0x00006150        0x8 ./component/uart/fsl_adapter_lpuart.o
 .rodata.HAL_UartSendBlocking.str1.4
                0x00006158       0x7b ./component/uart/fsl_adapter_lpuart.o
 .rodata.__num_Ciob_streams
                0x00006158        0x4 C:/nxp/MCUXpressoIDE_25.6.136/ide/plugins/com.nxp.mcuxpresso.tools.win32_25.6.0.202501151204/tools/bin/../lib/gcc/arm-none-eabi/14.2.1/../../../../arm-none-eabi/lib/thumb/v6-m/nofp\libcr_nohost_nf.a(__ciob.o)
                0x00006158                __num_Ciob_streams
 .rodata._Csys_alloc.str1.1
                0x0000615c       0x53 C:/nxp/MCUXpressoIDE_25.6.136/ide/plugins/com.nxp.mcuxpresso.tools.win32_25.6.0.202501151204/tools/bin/../lib/gcc/arm-none-eabi/14.2.1/../../../../arm-none-eabi/lib/thumb/v6-m/nofp\libcr_c.a(alloc.o)
                                 0x18 (size before relaxing)
 .rodata._initio.str1.1
                0x000061af        0x4 C:/nxp/MCUXpressoIDE_25.6.136/ide/plugins/com.nxp.mcuxpresso.tools.win32_25.6.0.202501151204/tools/bin/../lib/gcc/arm-none-eabi/14.2.1/../../../../arm-none-eabi/lib/thumb/v6-m/nofp\libcr_c.a(initio.o)
 .rodata.__vfprintf.str1.1
                0x000061af       0x38 C:/nxp/MCUXpressoIDE_25.6.136/ide/plugins/com.nxp.mcuxpresso.tools.win32_25.6.0.202501151204/tools/bin/../lib/gcc/arm-none-eabi/14.2.1/../../../../arm-none-eabi/lib/thumb/v6-m/nofp\libcr_c.a(printf.o)
                0x000061e8                        . = ALIGN (0x4)
 *fill*         0x000061af        0x1 ff

.glue_7         0x000061b0        0x0
 .glue_7        0x000061b0        0x0 linker stubs

.glue_7t        0x000061b0        0x0
 .glue_7t       0x000061b0        0x0 linker stubs

.vfp11_veneer   0x000061b0        0x0
 .vfp11_veneer  0x000061b0        0x0 linker stubs

.v4_bx          0x000061b0        0x0
 .v4_bx         0x000061b0        0x0 linker stubs

.iplt           0x000061b0        0x0
 .iplt          0x000061b0        0x0 ./utilities/str/fsl_str.o

.rel.dyn        0x000061b0        0x0
 .rel.iplt      0x000061b0        0x0 ./utilities/str/fsl_str.o

.ARM.extab
 *(SORT_BY_ALIGNMENT(.ARM.extab*) SORT_BY_ALIGNMENT(.gnu.linkonce.armextab.*))

.ARM.exidx      0x000061b0        0x0
                0x000061b0                        __exidx_start = .
 *(SORT_BY_ALIGNMENT(.ARM.exidx*) SORT_BY_ALIGNMENT(.gnu.linkonce.armexidx.*))
                0x000061b0                        __exidx_end = .
                0x000061b0                        _etext = .

.mtb_buffer_default
                0x1fffe000       0x80
 *(SORT_BY_ALIGNMENT(.mtb*))
 .mtb.$RAM1     0x1fffe000       0x80 ./source/mtb.o
                0x1fffe000                __mtb_buffer__

.uninit_RESERVED
                0x1fffe080        0x0
                0x1fffe080                        _start_uninit_RESERVED = .
 *(SORT_BY_ALIGNMENT(.bss.$RESERVED*))
                0x1fffe080                        . = ALIGN (0x4)
                0x1fffe080                        _end_uninit_RESERVED = .

.data           0x1fffe080        0x8 load address 0x000061b0
 FILL mask 0xff
                0x1fffe080                        _data = .
                [!provide]                        PROVIDE (__start_data_RAM = .)
                [!provide]                        PROVIDE (__start_data_SRAM = .)
 *(SORT_BY_ALIGNMENT(vtable))
 *(SORT_BY_ALIGNMENT(.ramfunc*))
 *(SORT_BY_ALIGNMENT(CodeQuickAccess))
 *(SORT_BY_ALIGNMENT(DataQuickAccess))
 *(SORT_BY_ALIGNMENT(RamFunction))
 *(SORT_BY_ALIGNMENT(.data*))
 .data.ulCriticalNesting
                0x1fffe080        0x4 ./freertos/freertos-kernel/portable/GCC/ARM_CM0/port.o
 .data.waterLevel
                0x1fffe084        0x1 ./source/main.o
                0x1fffe088                        . = ALIGN (0x4)
 *fill*         0x1fffe085        0x3 ff
                0x1fffe088                        _edata = .
                [!provide]                        PROVIDE (__end_data_RAM = .)
                [!provide]                        PROVIDE (__end_data_SRAM = .)

.igot.plt       0x1fffe088        0x0 load address 0x000061b8
 .igot.plt      0x1fffe088        0x0 ./utilities/str/fsl_str.o

.bss            0x1fffe088     0x2274
                0x1fffe088                        _bss = .
                [!provide]                        PROVIDE (__start_bss_RAM = .)
                [!provide]                        PROVIDE (__start_bss_SRAM = .)
 *(SORT_BY_ALIGNMENT(.bss*))
 .bss.s_debugConsoleState
                0x1fffe088       0x20 ./utilities/debug_console/fsl_debug_console.o
 .bss.g_serialHandle
                0x1fffe0a8        0x4 ./utilities/debug_console/fsl_debug_console.o
                0x1fffe0a8                g_serialHandle
 .bss.ledStatus
                0x1fffe0ac        0x3 ./source/led.o
 *fill*         0x1fffe0af        0x1 
 .bss.pumpStartTicks
                0x1fffe0b0        0x4 ./source/main.o
 .bss.sensorDataQueue
                0x1fffe0b4        0x4 ./source/main.o
 .bss.commandQueue
                0x1fffe0b8        0x4 ./source/main.o
 .bss.systemModeMutex
                0x1fffe0bc        0x4 ./source/main.o
 .bss.pumpControlMutex
                0x1fffe0c0        0x4 ./source/main.o
 .bss.rxBuffer  0x1fffe0c4       0x40 ./source/uart_comm.o
 .bss.ucHeap    0x1fffe104     0x2000 ./freertos/freertos-kernel/portable/MemMang/heap_4.o
 .bss.xStart    0x20000104        0x8 ./freertos/freertos-kernel/portable/MemMang/heap_4.o
 .bss.pxEnd     0x2000010c        0x4 ./freertos/freertos-kernel/portable/MemMang/heap_4.o
 .bss.xFreeBytesRemaining
                0x20000110        0x4 ./freertos/freertos-kernel/portable/MemMang/heap_4.o
 .bss.xMinimumEverFreeBytesRemaining
                0x20000114        0x4 ./freertos/freertos-kernel/portable/MemMang/heap_4.o
 .bss.xNumberOfSuccessfulAllocations
                0x20000118        0x4 ./freertos/freertos-kernel/portable/MemMang/heap_4.o
 .bss.xNumberOfSuccessfulFrees
                0x2000011c        0x4 ./freertos/freertos-kernel/portable/MemMang/heap_4.o
 .bss.pxCurrentTCB
                0x20000120        0x4 ./freertos/freertos-kernel/tasks.o
                0x20000120                pxCurrentTCB
 .bss.pxReadyTasksLists
                0x20000124       0x64 ./freertos/freertos-kernel/tasks.o
 .bss.xDelayedTaskList1
                0x20000188       0x14 ./freertos/freertos-kernel/tasks.o
 .bss.xDelayedTaskList2
                0x2000019c       0x14 ./freertos/freertos-kernel/tasks.o
 .bss.pxDelayedTaskList
                0x200001b0        0x4 ./freertos/freertos-kernel/tasks.o
 .bss.pxOverflowDelayedTaskList
                0x200001b4        0x4 ./freertos/freertos-kernel/tasks.o
 .bss.xPendingReadyList
                0x200001b8       0x14 ./freertos/freertos-kernel/tasks.o
 .bss.xTasksWaitingTermination
                0x200001cc       0x14 ./freertos/freertos-kernel/tasks.o
 .bss.uxDeletedTasksWaitingCleanUp
                0x200001e0        0x4 ./freertos/freertos-kernel/tasks.o
 .bss.xSuspendedTaskList
                0x200001e4       0x14 ./freertos/freertos-kernel/tasks.o
 .bss.uxCurrentNumberOfTasks
                0x200001f8        0x4 ./freertos/freertos-kernel/tasks.o
 .bss.xTickCount
                0x200001fc        0x4 ./freertos/freertos-kernel/tasks.o
 .bss.uxTopReadyPriority
                0x20000200        0x4 ./freertos/freertos-kernel/tasks.o
 .bss.xSchedulerRunning
                0x20000204        0x4 ./freertos/freertos-kernel/tasks.o
 .bss.xPendedTicks
                0x20000208        0x4 ./freertos/freertos-kernel/tasks.o
 .bss.xYieldPendings
                0x2000020c        0x4 ./freertos/freertos-kernel/tasks.o
 .bss.xNumOfOverflows
                0x20000210        0x4 ./freertos/freertos-kernel/tasks.o
 .bss.uxTaskNumber
                0x20000214        0x4 ./freertos/freertos-kernel/tasks.o
 .bss.xNextTaskUnblockTime
                0x20000218        0x4 ./freertos/freertos-kernel/tasks.o
 .bss.xIdleTaskHandles
                0x2000021c        0x4 ./freertos/freertos-kernel/tasks.o
 .bss.uxSchedulerSuspended
                0x20000220        0x4 ./freertos/freertos-kernel/tasks.o
 .bss.s_lpuartHandle
                0x20000224        0x8 ./drivers/fsl_lpuart.o
                0x20000224                s_lpuartHandle
 .bss.s_lpuartIsr
                0x2000022c        0x8 ./drivers/fsl_lpuart.o
                0x2000022c                s_lpuartIsr
 .bss.errno     0x20000234        0x4 C:/nxp/MCUXpressoIDE_25.6.136/ide/plugins/com.nxp.mcuxpresso.tools.win32_25.6.0.202501151204/tools/bin/../lib/gcc/arm-none-eabi/14.2.1/../../../../arm-none-eabi/lib/thumb/v6-m/nofp\libcr_c.a(errno.o)
                0x20000234                errno
 .bss.__end_of_heap
                0x20000238        0x4 C:/nxp/MCUXpressoIDE_25.6.136/ide/plugins/com.nxp.mcuxpresso.tools.win32_25.6.0.202501151204/tools/bin/../lib/gcc/arm-none-eabi/14.2.1/../../../../arm-none-eabi/lib/thumb/v6-m/nofp\libcr_c.a(__init_alloc.o)
                0x20000238                __end_of_heap
 .bss.__heaps   0x2000023c        0x4 C:/nxp/MCUXpressoIDE_25.6.136/ide/plugins/com.nxp.mcuxpresso.tools.win32_25.6.0.202501151204/tools/bin/../lib/gcc/arm-none-eabi/14.2.1/../../../../arm-none-eabi/lib/thumb/v6-m/nofp\libcr_c.a(__init_alloc.o)
                0x2000023c                __heaps
 .bss.__Ciob    0x20000240       0xb4 C:/nxp/MCUXpressoIDE_25.6.136/ide/plugins/com.nxp.mcuxpresso.tools.win32_25.6.0.202501151204/tools/bin/../lib/gcc/arm-none-eabi/14.2.1/../../../../arm-none-eabi/lib/thumb/v6-m/nofp\libcr_nohost_nf.a(__ciob.o)
                0x20000240                __Ciob
 .bss.buzzerStatus
                0x200002f4        0x1 ./source/buzzer.o
 .bss.lightState
                0x200002f5        0x1 ./source/lightSensor.o
 .bss.systemMode
                0x200002f6        0x1 ./source/main.o
 .bss.soilState
                0x200002f7        0x1 ./source/soilMoisture.o
 .bss.rxIndex   0x200002f8        0x1 ./source/uart_comm.o
 .bss.commandReady
                0x200002f9        0x1 ./source/uart_comm.o
 .bss.pumpStatus
                0x200002fa        0x1 ./source/waterPump.o
 *(SORT_BY_ALIGNMENT(COMMON))
                0x200002fc                        . = ALIGN (0x4)
 *fill*         0x200002fb        0x1 
                0x200002fc                        _ebss = .
                [!provide]                        PROVIDE (__end_bss_RAM = .)
                [!provide]                        PROVIDE (__end_bss_SRAM = .)
                [!provide]                        PROVIDE (end = .)

.noinit         0x200002fc        0x0
                0x200002fc                        _noinit = .
                [!provide]                        PROVIDE (__start_noinit_RAM = .)
                [!provide]                        PROVIDE (__start_noinit_SRAM = .)
 *(SORT_BY_ALIGNMENT(.noinit*))
                0x200002fc                        . = ALIGN (0x4)
                0x200002fc                        _end_noinit = .
                [!provide]                        PROVIDE (__end_noinit_RAM = .)
                [!provide]                        PROVIDE (__end_noinit_SRAM = .)
                0x00000800                        _HeapSize = 0x800

.heap           0x200002fc      0x800
                0x200002fc                        _pvHeapStart = .
                0x20000afc                        . = (. + _HeapSize)
 *fill*         0x200002fc      0x800 
                0x20000afc                        . = ALIGN (0x4)
                0x20000afc                        _pvHeapLimit = .
                0x00000800                        _StackSize = 0x800

.heap2stackfill
                0x20000afc      0x800
                0x200012fc                        . = (. + _StackSize)
 *fill*         0x20000afc      0x800 

.stack          0x20005800        0x0
                0x20005800                        _vStackBase = .
                0x20005800                        . = ALIGN (0x4)
                0x20006000                        _vStackTop = (. + _StackSize)
                0x00000000                        _image_start = LOADADDR (.text)
                0x000061b8                        _image_end = (LOADADDR (.data) + SIZEOF (.data))
                0x000061b8                        _image_size = (_image_end - _image_start)
OUTPUT(Final Project.axf elf32-littlearm)
LOAD linker stubs

.debug_info     0x00000000    0x12250
 .debug_info    0x00000000      0xd5e ./utilities/str/fsl_str.o
 .debug_info    0x00000d5e      0xecf ./utilities/debug_console/fsl_debug_console.o
 .debug_info    0x00001c2d      0x135 ./utilities/fsl_assert.o
 .debug_info    0x00001d62      0x686 ./startup/startup_mcxc444.o
 .debug_info    0x000023e8      0x742 ./source/buzzer.o
 .debug_info    0x00002b2a      0x7cd ./source/led.o
 .debug_info    0x000032f7      0xa84 ./source/lightSensor.o
 .debug_info    0x00003d7b      0xa2e ./source/main.o
 .debug_info    0x000047a9       0x53 ./source/mtb.o
 .debug_info    0x000047fc       0x3c ./source/semihost_hardfault.o
 .debug_info    0x00004838      0xa84 ./source/soilMoisture.o
 .debug_info    0x000052bc      0xdbf ./source/uart_comm.o
 .debug_info    0x0000607b      0x6f9 ./source/waterPump.o
 .debug_info    0x00006774      0x4e3 ./freertos/freertos-kernel/portable/MemMang/heap_4.o
 .debug_info    0x00006c57      0x30d ./freertos/freertos-kernel/portable/GCC/ARM_CM0/port.o
 .debug_info    0x00006f64      0x150 ./freertos/freertos-kernel/portable/GCC/ARM_CM0/portasm.o
 .debug_info    0x000070b4      0x2b9 ./freertos/freertos-kernel/list.o
 .debug_info    0x0000736d     0x1039 ./freertos/freertos-kernel/queue.o
 .debug_info    0x000083a6     0x1d58 ./freertos/freertos-kernel/tasks.o
 .debug_info    0x0000a0fe     0x1f47 ./drivers/fsl_lpuart.o
 .debug_info    0x0000c045      0x42a ./device/system_MCXC444.o
 .debug_info    0x0000c46f      0xb14 ./component/uart/fsl_adapter_lpuart.o
 .debug_info    0x0000cf83      0xdcc ./component/serial_manager/fsl_component_serial_manager.o
 .debug_info    0x0000dd4f      0x558 ./component/serial_manager/fsl_component_serial_port_uart.o
 .debug_info    0x0000e2a7       0x85 C:/nxp/MCUXpressoIDE_25.6.136/ide/plugins/com.nxp.mcuxpresso.tools.win32_25.6.0.202501151204/tools/bin/../lib/gcc/arm-none-eabi/14.2.1/../../../../arm-none-eabi/lib/thumb/v6-m/nofp\libcr_nohost_nf.a(_cr__main.o)
 .debug_info    0x0000e32c      0x12b C:/nxp/MCUXpressoIDE_25.6.136/ide/plugins/com.nxp.mcuxpresso.tools.win32_25.6.0.202501151204/tools/bin/../lib/gcc/arm-none-eabi/14.2.1/../../../../arm-none-eabi/lib/thumb/v6-m/nofp\libcr_c.a(memcpy.o)
 .debug_info    0x0000e457       0xfc C:/nxp/MCUXpressoIDE_25.6.136/ide/plugins/com.nxp.mcuxpresso.tools.win32_25.6.0.202501151204/tools/bin/../lib/gcc/arm-none-eabi/14.2.1/../../../../arm-none-eabi/lib/thumb/v6-m/nofp\libcr_c.a(memset.o)
 .debug_info    0x0000e553      0x526 C:/nxp/MCUXpressoIDE_25.6.136/ide/plugins/com.nxp.mcuxpresso.tools.win32_25.6.0.202501151204/tools/bin/../lib/gcc/arm-none-eabi/14.2.1/../../../../arm-none-eabi/lib/thumb/v6-m/nofp\libcr_c.a(alloc.o)
 .debug_info    0x0000ea79       0x44 C:/nxp/MCUXpressoIDE_25.6.136/ide/plugins/com.nxp.mcuxpresso.tools.win32_25.6.0.202501151204/tools/bin/../lib/gcc/arm-none-eabi/14.2.1/../../../../arm-none-eabi/lib/thumb/v6-m/nofp\libcr_c.a(errno.o)
 .debug_info    0x0000eabd      0x353 C:/nxp/MCUXpressoIDE_25.6.136/ide/plugins/com.nxp.mcuxpresso.tools.win32_25.6.0.202501151204/tools/bin/../lib/gcc/arm-none-eabi/14.2.1/../../../../arm-none-eabi/lib/thumb/v6-m/nofp\libcr_c.a(initio.o)
 .debug_info    0x0000ee10     0x12d8 C:/nxp/MCUXpressoIDE_25.6.136/ide/plugins/com.nxp.mcuxpresso.tools.win32_25.6.0.202501151204/tools/bin/../lib/gcc/arm-none-eabi/14.2.1/../../../../arm-none-eabi/lib/thumb/v6-m/nofp\libcr_c.a(printf.o)
 .debug_info    0x000100e8      0x1fd C:/nxp/MCUXpressoIDE_25.6.136/ide/plugins/com.nxp.mcuxpresso.tools.win32_25.6.0.202501151204/tools/bin/../lib/gcc/arm-none-eabi/14.2.1/../../../../arm-none-eabi/lib/thumb/v6-m/nofp\libcr_c.a(setvbuf.o)
 .debug_info    0x000102e5       0xdd C:/nxp/MCUXpressoIDE_25.6.136/ide/plugins/com.nxp.mcuxpresso.tools.win32_25.6.0.202501151204/tools/bin/../lib/gcc/arm-none-eabi/14.2.1/../../../../arm-none-eabi/lib/thumb/v6-m/nofp\libcr_c.a(strlen.o)
 .debug_info    0x000103c2       0xd4 C:/nxp/MCUXpressoIDE_25.6.136/ide/plugins/com.nxp.mcuxpresso.tools.win32_25.6.0.202501151204/tools/bin/../lib/gcc/arm-none-eabi/14.2.1/../../../../arm-none-eabi/lib/thumb/v6-m/nofp\libcr_c.a(__init_alloc.o)
 .debug_info    0x00010496      0x107 C:/nxp/MCUXpressoIDE_25.6.136/ide/plugins/com.nxp.mcuxpresso.tools.win32_25.6.0.202501151204/tools/bin/../lib/gcc/arm-none-eabi/14.2.1/../../../../arm-none-eabi/lib/thumb/v6-m/nofp\libcr_c.a(_cr_sbrk.o)
 .debug_info    0x0001059d      0x391 C:/nxp/MCUXpressoIDE_25.6.136/ide/plugins/com.nxp.mcuxpresso.tools.win32_25.6.0.202501151204/tools/bin/../lib/gcc/arm-none-eabi/14.2.1/../../../../arm-none-eabi/lib/thumb/v6-m/nofp\libcr_c.a(_deferredlazyseek.o)
 .debug_info    0x0001092e      0x24b C:/nxp/MCUXpressoIDE_25.6.136/ide/plugins/com.nxp.mcuxpresso.tools.win32_25.6.0.202501151204/tools/bin/../lib/gcc/arm-none-eabi/14.2.1/../../../../arm-none-eabi/lib/thumb/v6-m/nofp\libcr_c.a(_fdopen.o)
 .debug_info    0x00010b79      0x1ea C:/nxp/MCUXpressoIDE_25.6.136/ide/plugins/com.nxp.mcuxpresso.tools.win32_25.6.0.202501151204/tools/bin/../lib/gcc/arm-none-eabi/14.2.1/../../../../arm-none-eabi/lib/thumb/v6-m/nofp\libcr_c.a(_fflush.o)
 .debug_info    0x00010d63      0x28a C:/nxp/MCUXpressoIDE_25.6.136/ide/plugins/com.nxp.mcuxpresso.tools.win32_25.6.0.202501151204/tools/bin/../lib/gcc/arm-none-eabi/14.2.1/../../../../arm-none-eabi/lib/thumb/v6-m/nofp\libcr_c.a(_writebuf.o)
 .debug_info    0x00010fed      0x325 C:/nxp/MCUXpressoIDE_25.6.136/ide/plugins/com.nxp.mcuxpresso.tools.win32_25.6.0.202501151204/tools/bin/../lib/gcc/arm-none-eabi/14.2.1/../../../../arm-none-eabi/lib/thumb/v6-m/nofp\libcr_c.a(fclose.o)
 .debug_info    0x00011312      0x210 C:/nxp/MCUXpressoIDE_25.6.136/ide/plugins/com.nxp.mcuxpresso.tools.win32_25.6.0.202501151204/tools/bin/../lib/gcc/arm-none-eabi/14.2.1/../../../../arm-none-eabi/lib/thumb/v6-m/nofp\libcr_c.a(fflush.o)
 .debug_info    0x00011522      0x27f C:/nxp/MCUXpressoIDE_25.6.136/ide/plugins/com.nxp.mcuxpresso.tools.win32_25.6.0.202501151204/tools/bin/../lib/gcc/arm-none-eabi/14.2.1/../../../../arm-none-eabi/lib/thumb/v6-m/nofp\libcr_c.a(fseek.o)
 .debug_info    0x000117a1      0x197 C:/nxp/MCUXpressoIDE_25.6.136/ide/plugins/com.nxp.mcuxpresso.tools.win32_25.6.0.202501151204/tools/bin/../lib/gcc/arm-none-eabi/14.2.1/../../../../arm-none-eabi/lib/thumb/v6-m/nofp\libcr_c.a(ftell.o)
 .debug_info    0x00011938      0x1d0 C:/nxp/MCUXpressoIDE_25.6.136/ide/plugins/com.nxp.mcuxpresso.tools.win32_25.6.0.202501151204/tools/bin/../lib/gcc/arm-none-eabi/14.2.1/../../../../arm-none-eabi/lib/thumb/v6-m/nofp\libcr_c.a(remove.o)
 .debug_info    0x00011b08       0x71 C:/nxp/MCUXpressoIDE_25.6.136/ide/plugins/com.nxp.mcuxpresso.tools.win32_25.6.0.202501151204/tools/bin/../lib/gcc/arm-none-eabi/14.2.1/../../../../arm-none-eabi/lib/thumb/v6-m/nofp\libcr_c.a(_cr_check_heap.o)
 .debug_info    0x00011b79      0x241 C:/nxp/MCUXpressoIDE_25.6.136/ide/plugins/com.nxp.mcuxpresso.tools.win32_25.6.0.202501151204/tools/bin/../lib/gcc/arm-none-eabi/14.2.1/../../../../arm-none-eabi/lib/thumb/v6-m/nofp\libcr_c.a(_do_fflush.o)
 .debug_info    0x00011dba      0x18b C:/nxp/MCUXpressoIDE_25.6.136/ide/plugins/com.nxp.mcuxpresso.tools.win32_25.6.0.202501151204/tools/bin/../lib/gcc/arm-none-eabi/14.2.1/../../../../arm-none-eabi/lib/thumb/v6-m/nofp\libcr_nohost_nf.a(__ciob.o)
 .debug_info    0x00011f45       0x38 C:/nxp/MCUXpressoIDE_25.6.136/ide/plugins/com.nxp.mcuxpresso.tools.win32_25.6.0.202501151204/tools/bin/../lib/gcc/arm-none-eabi/14.2.1/../../../../arm-none-eabi/lib/thumb/v6-m/nofp\libcr_nohost_nf.a(__sys_appexit.o)
 .debug_info    0x00011f7d       0x6a C:/nxp/MCUXpressoIDE_25.6.136/ide/plugins/com.nxp.mcuxpresso.tools.win32_25.6.0.202501151204/tools/bin/../lib/gcc/arm-none-eabi/14.2.1/../../../../arm-none-eabi/lib/thumb/v6-m/nofp\libcr_nohost_nf.a(__sys_close.o)
 .debug_info    0x00011fe7       0x6a C:/nxp/MCUXpressoIDE_25.6.136/ide/plugins/com.nxp.mcuxpresso.tools.win32_25.6.0.202501151204/tools/bin/../lib/gcc/arm-none-eabi/14.2.1/../../../../arm-none-eabi/lib/thumb/v6-m/nofp\libcr_nohost_nf.a(__sys_flen.o)
 .debug_info    0x00012051       0x6a C:/nxp/MCUXpressoIDE_25.6.136/ide/plugins/com.nxp.mcuxpresso.tools.win32_25.6.0.202501151204/tools/bin/../lib/gcc/arm-none-eabi/14.2.1/../../../../arm-none-eabi/lib/thumb/v6-m/nofp\libcr_nohost_nf.a(__sys_istty.o)
 .debug_info    0x000120bb       0x8a C:/nxp/MCUXpressoIDE_25.6.136/ide/plugins/com.nxp.mcuxpresso.tools.win32_25.6.0.202501151204/tools/bin/../lib/gcc/arm-none-eabi/14.2.1/../../../../arm-none-eabi/lib/thumb/v6-m/nofp\libcr_nohost_nf.a(__sys_remove.o)
 .debug_info    0x00012145       0x78 C:/nxp/MCUXpressoIDE_25.6.136/ide/plugins/com.nxp.mcuxpresso.tools.win32_25.6.0.202501151204/tools/bin/../lib/gcc/arm-none-eabi/14.2.1/../../../../arm-none-eabi/lib/thumb/v6-m/nofp\libcr_nohost_nf.a(__sys_seek.o)
 .debug_info    0x000121bd       0x93 C:/nxp/MCUXpressoIDE_25.6.136/ide/plugins/com.nxp.mcuxpresso.tools.win32_25.6.0.202501151204/tools/bin/../lib/gcc/arm-none-eabi/14.2.1/../../../../arm-none-eabi/lib/thumb/v6-m/nofp\libcr_nohost_nf.a(__sys_tmpnam.o)

.debug_abbrev   0x00000000     0x45c1
 .debug_abbrev  0x00000000      0x270 ./utilities/str/fsl_str.o
 .debug_abbrev  0x00000270      0x28e ./utilities/debug_console/fsl_debug_console.o
 .debug_abbrev  0x000004fe       0xbd ./utilities/fsl_assert.o
 .debug_abbrev  0x000005bb      0x1a7 ./startup/startup_mcxc444.o
 .debug_abbrev  0x00000762      0x17c ./source/buzzer.o
 .debug_abbrev  0x000008de      0x179 ./source/led.o
 .debug_abbrev  0x00000a57      0x1e2 ./source/lightSensor.o
 .debug_abbrev  0x00000c39      0x1ef ./source/main.o
 .debug_abbrev  0x00000e28       0x46 ./source/mtb.o
 .debug_abbrev  0x00000e6e       0x31 ./source/semihost_hardfault.o
 .debug_abbrev  0x00000e9f      0x1e2 ./source/soilMoisture.o
 .debug_abbrev  0x00001081      0x29d ./source/uart_comm.o
 .debug_abbrev  0x0000131e      0x135 ./source/waterPump.o
 .debug_abbrev  0x00001453      0x1ec ./freertos/freertos-kernel/portable/MemMang/heap_4.o
 .debug_abbrev  0x0000163f      0x18d ./freertos/freertos-kernel/portable/GCC/ARM_CM0/port.o
 .debug_abbrev  0x000017cc       0xb9 ./freertos/freertos-kernel/portable/GCC/ARM_CM0/portasm.o
 .debug_abbrev  0x00001885       0xeb ./freertos/freertos-kernel/list.o
 .debug_abbrev  0x00001970      0x26b ./freertos/freertos-kernel/queue.o
 .debug_abbrev  0x00001bdb      0x2fa ./freertos/freertos-kernel/tasks.o
 .debug_abbrev  0x00001ed5      0x422 ./drivers/fsl_lpuart.o
 .debug_abbrev  0x000022f7      0x139 ./device/system_MCXC444.o
 .debug_abbrev  0x00002430      0x1e7 ./component/uart/fsl_adapter_lpuart.o
 .debug_abbrev  0x00002617      0x2be ./component/serial_manager/fsl_component_serial_manager.o
 .debug_abbrev  0x000028d5      0x18c ./component/serial_manager/fsl_component_serial_port_uart.o
 .debug_abbrev  0x00002a61       0x62 C:/nxp/MCUXpressoIDE_25.6.136/ide/plugins/com.nxp.mcuxpresso.tools.win32_25.6.0.202501151204/tools/bin/../lib/gcc/arm-none-eabi/14.2.1/../../../../arm-none-eabi/lib/thumb/v6-m/nofp\libcr_nohost_nf.a(_cr__main.o)
 .debug_abbrev  0x00002ac3       0xb3 C:/nxp/MCUXpressoIDE_25.6.136/ide/plugins/com.nxp.mcuxpresso.tools.win32_25.6.0.202501151204/tools/bin/../lib/gcc/arm-none-eabi/14.2.1/../../../../arm-none-eabi/lib/thumb/v6-m/nofp\libcr_c.a(memcpy.o)
 .debug_abbrev  0x00002b76       0xa5 C:/nxp/MCUXpressoIDE_25.6.136/ide/plugins/com.nxp.mcuxpresso.tools.win32_25.6.0.202501151204/tools/bin/../lib/gcc/arm-none-eabi/14.2.1/../../../../arm-none-eabi/lib/thumb/v6-m/nofp\libcr_c.a(memset.o)
 .debug_abbrev  0x00002c1b      0x27b C:/nxp/MCUXpressoIDE_25.6.136/ide/plugins/com.nxp.mcuxpresso.tools.win32_25.6.0.202501151204/tools/bin/../lib/gcc/arm-none-eabi/14.2.1/../../../../arm-none-eabi/lib/thumb/v6-m/nofp\libcr_c.a(alloc.o)
 .debug_abbrev  0x00002e96       0x44 C:/nxp/MCUXpressoIDE_25.6.136/ide/plugins/com.nxp.mcuxpresso.tools.win32_25.6.0.202501151204/tools/bin/../lib/gcc/arm-none-eabi/14.2.1/../../../../arm-none-eabi/lib/thumb/v6-m/nofp\libcr_c.a(errno.o)
 .debug_abbrev  0x00002eda      0x14b C:/nxp/MCUXpressoIDE_25.6.136/ide/plugins/com.nxp.mcuxpresso.tools.win32_25.6.0.202501151204/tools/bin/../lib/gcc/arm-none-eabi/14.2.1/../../../../arm-none-eabi/lib/thumb/v6-m/nofp\libcr_c.a(initio.o)
 .debug_abbrev  0x00003025      0x3af C:/nxp/MCUXpressoIDE_25.6.136/ide/plugins/com.nxp.mcuxpresso.tools.win32_25.6.0.202501151204/tools/bin/../lib/gcc/arm-none-eabi/14.2.1/../../../../arm-none-eabi/lib/thumb/v6-m/nofp\libcr_c.a(printf.o)
 .debug_abbrev  0x000033d4       0xe1 C:/nxp/MCUXpressoIDE_25.6.136/ide/plugins/com.nxp.mcuxpresso.tools.win32_25.6.0.202501151204/tools/bin/../lib/gcc/arm-none-eabi/14.2.1/../../../../arm-none-eabi/lib/thumb/v6-m/nofp\libcr_c.a(setvbuf.o)
 .debug_abbrev  0x000034b5       0xa5 C:/nxp/MCUXpressoIDE_25.6.136/ide/plugins/com.nxp.mcuxpresso.tools.win32_25.6.0.202501151204/tools/bin/../lib/gcc/arm-none-eabi/14.2.1/../../../../arm-none-eabi/lib/thumb/v6-m/nofp\libcr_c.a(strlen.o)
 .debug_abbrev  0x0000355a       0xaf C:/nxp/MCUXpressoIDE_25.6.136/ide/plugins/com.nxp.mcuxpresso.tools.win32_25.6.0.202501151204/tools/bin/../lib/gcc/arm-none-eabi/14.2.1/../../../../arm-none-eabi/lib/thumb/v6-m/nofp\libcr_c.a(__init_alloc.o)
 .debug_abbrev  0x00003609       0xd3 C:/nxp/MCUXpressoIDE_25.6.136/ide/plugins/com.nxp.mcuxpresso.tools.win32_25.6.0.202501151204/tools/bin/../lib/gcc/arm-none-eabi/14.2.1/../../../../arm-none-eabi/lib/thumb/v6-m/nofp\libcr_c.a(_cr_sbrk.o)
 .debug_abbrev  0x000036dc      0x183 C:/nxp/MCUXpressoIDE_25.6.136/ide/plugins/com.nxp.mcuxpresso.tools.win32_25.6.0.202501151204/tools/bin/../lib/gcc/arm-none-eabi/14.2.1/../../../../arm-none-eabi/lib/thumb/v6-m/nofp\libcr_c.a(_deferredlazyseek.o)
 .debug_abbrev  0x0000385f      0x119 C:/nxp/MCUXpressoIDE_25.6.136/ide/plugins/com.nxp.mcuxpresso.tools.win32_25.6.0.202501151204/tools/bin/../lib/gcc/arm-none-eabi/14.2.1/../../../../arm-none-eabi/lib/thumb/v6-m/nofp\libcr_c.a(_fdopen.o)
 .debug_abbrev  0x00003978       0xf1 C:/nxp/MCUXpressoIDE_25.6.136/ide/plugins/com.nxp.mcuxpresso.tools.win32_25.6.0.202501151204/tools/bin/../lib/gcc/arm-none-eabi/14.2.1/../../../../arm-none-eabi/lib/thumb/v6-m/nofp\libcr_c.a(_fflush.o)
 .debug_abbrev  0x00003a69      0x126 C:/nxp/MCUXpressoIDE_25.6.136/ide/plugins/com.nxp.mcuxpresso.tools.win32_25.6.0.202501151204/tools/bin/../lib/gcc/arm-none-eabi/14.2.1/../../../../arm-none-eabi/lib/thumb/v6-m/nofp\libcr_c.a(_writebuf.o)
 .debug_abbrev  0x00003b8f      0x158 C:/nxp/MCUXpressoIDE_25.6.136/ide/plugins/com.nxp.mcuxpresso.tools.win32_25.6.0.202501151204/tools/bin/../lib/gcc/arm-none-eabi/14.2.1/../../../../arm-none-eabi/lib/thumb/v6-m/nofp\libcr_c.a(fclose.o)
 .debug_abbrev  0x00003ce7      0x122 C:/nxp/MCUXpressoIDE_25.6.136/ide/plugins/com.nxp.mcuxpresso.tools.win32_25.6.0.202501151204/tools/bin/../lib/gcc/arm-none-eabi/14.2.1/../../../../arm-none-eabi/lib/thumb/v6-m/nofp\libcr_c.a(fflush.o)
 .debug_abbrev  0x00003e09      0x11b C:/nxp/MCUXpressoIDE_25.6.136/ide/plugins/com.nxp.mcuxpresso.tools.win32_25.6.0.202501151204/tools/bin/../lib/gcc/arm-none-eabi/14.2.1/../../../../arm-none-eabi/lib/thumb/v6-m/nofp\libcr_c.a(fseek.o)
 .debug_abbrev  0x00003f24       0xc2 C:/nxp/MCUXpressoIDE_25.6.136/ide/plugins/com.nxp.mcuxpresso.tools.win32_25.6.0.202501151204/tools/bin/../lib/gcc/arm-none-eabi/14.2.1/../../../../arm-none-eabi/lib/thumb/v6-m/nofp\libcr_c.a(ftell.o)
 .debug_abbrev  0x00003fe6       0xed C:/nxp/MCUXpressoIDE_25.6.136/ide/plugins/com.nxp.mcuxpresso.tools.win32_25.6.0.202501151204/tools/bin/../lib/gcc/arm-none-eabi/14.2.1/../../../../arm-none-eabi/lib/thumb/v6-m/nofp\libcr_c.a(remove.o)
 .debug_abbrev  0x000040d3       0x6b C:/nxp/MCUXpressoIDE_25.6.136/ide/plugins/com.nxp.mcuxpresso.tools.win32_25.6.0.202501151204/tools/bin/../lib/gcc/arm-none-eabi/14.2.1/../../../../arm-none-eabi/lib/thumb/v6-m/nofp\libcr_c.a(_cr_check_heap.o)
 .debug_abbrev  0x0000413e      0x12c C:/nxp/MCUXpressoIDE_25.6.136/ide/plugins/com.nxp.mcuxpresso.tools.win32_25.6.0.202501151204/tools/bin/../lib/gcc/arm-none-eabi/14.2.1/../../../../arm-none-eabi/lib/thumb/v6-m/nofp\libcr_c.a(_do_fflush.o)
 .debug_abbrev  0x0000426a       0xb5 C:/nxp/MCUXpressoIDE_25.6.136/ide/plugins/com.nxp.mcuxpresso.tools.win32_25.6.0.202501151204/tools/bin/../lib/gcc/arm-none-eabi/14.2.1/../../../../arm-none-eabi/lib/thumb/v6-m/nofp\libcr_nohost_nf.a(__ciob.o)
 .debug_abbrev  0x0000431f       0x2e C:/nxp/MCUXpressoIDE_25.6.136/ide/plugins/com.nxp.mcuxpresso.tools.win32_25.6.0.202501151204/tools/bin/../lib/gcc/arm-none-eabi/14.2.1/../../../../arm-none-eabi/lib/thumb/v6-m/nofp\libcr_nohost_nf.a(__sys_appexit.o)
 .debug_abbrev  0x0000434d       0x5c C:/nxp/MCUXpressoIDE_25.6.136/ide/plugins/com.nxp.mcuxpresso.tools.win32_25.6.0.202501151204/tools/bin/../lib/gcc/arm-none-eabi/14.2.1/../../../../arm-none-eabi/lib/thumb/v6-m/nofp\libcr_nohost_nf.a(__sys_close.o)
 .debug_abbrev  0x000043a9       0x5c C:/nxp/MCUXpressoIDE_25.6.136/ide/plugins/com.nxp.mcuxpresso.tools.win32_25.6.0.202501151204/tools/bin/../lib/gcc/arm-none-eabi/14.2.1/../../../../arm-none-eabi/lib/thumb/v6-m/nofp\libcr_nohost_nf.a(__sys_flen.o)
 .debug_abbrev  0x00004405       0x5c C:/nxp/MCUXpressoIDE_25.6.136/ide/plugins/com.nxp.mcuxpresso.tools.win32_25.6.0.202501151204/tools/bin/../lib/gcc/arm-none-eabi/14.2.1/../../../../arm-none-eabi/lib/thumb/v6-m/nofp\libcr_nohost_nf.a(__sys_istty.o)
 .debug_abbrev  0x00004461       0x7d C:/nxp/MCUXpressoIDE_25.6.136/ide/plugins/com.nxp.mcuxpresso.tools.win32_25.6.0.202501151204/tools/bin/../lib/gcc/arm-none-eabi/14.2.1/../../../../arm-none-eabi/lib/thumb/v6-m/nofp\libcr_nohost_nf.a(__sys_remove.o)
 .debug_abbrev  0x000044de       0x6d C:/nxp/MCUXpressoIDE_25.6.136/ide/plugins/com.nxp.mcuxpresso.tools.win32_25.6.0.202501151204/tools/bin/../lib/gcc/arm-none-eabi/14.2.1/../../../../arm-none-eabi/lib/thumb/v6-m/nofp\libcr_nohost_nf.a(__sys_seek.o)
 .debug_abbrev  0x0000454b       0x76 C:/nxp/MCUXpressoIDE_25.6.136/ide/plugins/com.nxp.mcuxpresso.tools.win32_25.6.0.202501151204/tools/bin/../lib/gcc/arm-none-eabi/14.2.1/../../../../arm-none-eabi/lib/thumb/v6-m/nofp\libcr_nohost_nf.a(__sys_tmpnam.o)

.debug_aranges  0x00000000     0x1118
 .debug_aranges
                0x00000000       0xe8 ./utilities/str/fsl_str.o
 .debug_aranges
                0x000000e8       0xb8 ./utilities/debug_console/fsl_debug_console.o
 .debug_aranges
                0x000001a0       0x28 ./utilities/fsl_assert.o
 .debug_aranges
                0x000001c8      0x160 ./startup/startup_mcxc444.o
 .debug_aranges
                0x00000328       0x48 ./source/buzzer.o
 .debug_aranges
                0x00000370       0x50 ./source/led.o
 .debug_aranges
                0x000003c0       0x58 ./source/lightSensor.o
 .debug_aranges
                0x00000418       0x50 ./source/main.o
 .debug_aranges
                0x00000468       0x18 ./source/mtb.o
 .debug_aranges
                0x00000480       0x20 ./source/semihost_hardfault.o
 .debug_aranges
                0x000004a0       0x58 ./source/soilMoisture.o
 .debug_aranges
                0x000004f8       0x60 ./source/uart_comm.o
 .debug_aranges
                0x00000558       0x40 ./source/waterPump.o
 .debug_aranges
                0x00000598       0x70 ./freertos/freertos-kernel/portable/MemMang/heap_4.o
 .debug_aranges
                0x00000608       0x70 ./freertos/freertos-kernel/portable/GCC/ARM_CM0/port.o
 .debug_aranges
                0x00000678       0x60 ./freertos/freertos-kernel/portable/GCC/ARM_CM0/portasm.o
 .debug_aranges
                0x000006d8       0x40 ./freertos/freertos-kernel/list.o
 .debug_aranges
                0x00000718       0xf0 ./freertos/freertos-kernel/queue.o
 .debug_aranges
                0x00000808      0x1e0 ./freertos/freertos-kernel/tasks.o
 .debug_aranges
                0x000009e8      0x188 ./drivers/fsl_lpuart.o
 .debug_aranges
                0x00000b70       0x30 ./device/system_MCXC444.o
 .debug_aranges
                0x00000ba0       0x58 ./component/uart/fsl_adapter_lpuart.o
 .debug_aranges
                0x00000bf8       0xa0 ./component/serial_manager/fsl_component_serial_manager.o
 .debug_aranges
                0x00000c98       0x48 ./component/serial_manager/fsl_component_serial_port_uart.o
 .debug_aranges
                0x00000ce0       0x20 C:/nxp/MCUXpressoIDE_25.6.136/ide/plugins/com.nxp.mcuxpresso.tools.win32_25.6.0.202501151204/tools/bin/../lib/gcc/arm-none-eabi/14.2.1/../../../../arm-none-eabi/lib/thumb/v6-m/nofp\libcr_nohost_nf.a(_cr__main.o)
 .debug_aranges
                0x00000d00       0x20 C:/nxp/MCUXpressoIDE_25.6.136/ide/plugins/com.nxp.mcuxpresso.tools.win32_25.6.0.202501151204/tools/bin/../lib/gcc/arm-none-eabi/14.2.1/../../../../arm-none-eabi/lib/thumb/v6-m/nofp\libcr_c.a(memcpy.o)
 .debug_aranges
                0x00000d20       0x20 C:/nxp/MCUXpressoIDE_25.6.136/ide/plugins/com.nxp.mcuxpresso.tools.win32_25.6.0.202501151204/tools/bin/../lib/gcc/arm-none-eabi/14.2.1/../../../../arm-none-eabi/lib/thumb/v6-m/nofp\libcr_c.a(memset.o)
 .debug_aranges
                0x00000d40       0x40 C:/nxp/MCUXpressoIDE_25.6.136/ide/plugins/com.nxp.mcuxpresso.tools.win32_25.6.0.202501151204/tools/bin/../lib/gcc/arm-none-eabi/14.2.1/../../../../arm-none-eabi/lib/thumb/v6-m/nofp\libcr_c.a(alloc.o)
 .debug_aranges
                0x00000d80       0x18 C:/nxp/MCUXpressoIDE_25.6.136/ide/plugins/com.nxp.mcuxpresso.tools.win32_25.6.0.202501151204/tools/bin/../lib/gcc/arm-none-eabi/14.2.1/../../../../arm-none-eabi/lib/thumb/v6-m/nofp\libcr_c.a(errno.o)
 .debug_aranges
                0x00000d98       0x28 C:/nxp/MCUXpressoIDE_25.6.136/ide/plugins/com.nxp.mcuxpresso.tools.win32_25.6.0.202501151204/tools/bin/../lib/gcc/arm-none-eabi/14.2.1/../../../../arm-none-eabi/lib/thumb/v6-m/nofp\libcr_c.a(initio.o)
 .debug_aranges
                0x00000dc0       0x70 C:/nxp/MCUXpressoIDE_25.6.136/ide/plugins/com.nxp.mcuxpresso.tools.win32_25.6.0.202501151204/tools/bin/../lib/gcc/arm-none-eabi/14.2.1/../../../../arm-none-eabi/lib/thumb/v6-m/nofp\libcr_c.a(printf.o)
 .debug_aranges
                0x00000e30       0x20 C:/nxp/MCUXpressoIDE_25.6.136/ide/plugins/com.nxp.mcuxpresso.tools.win32_25.6.0.202501151204/tools/bin/../lib/gcc/arm-none-eabi/14.2.1/../../../../arm-none-eabi/lib/thumb/v6-m/nofp\libcr_c.a(setvbuf.o)
 .debug_aranges
                0x00000e50       0x20 C:/nxp/MCUXpressoIDE_25.6.136/ide/plugins/com.nxp.mcuxpresso.tools.win32_25.6.0.202501151204/tools/bin/../lib/gcc/arm-none-eabi/14.2.1/../../../../arm-none-eabi/lib/thumb/v6-m/nofp\libcr_c.a(strlen.o)
 .debug_aranges
                0x00000e70       0x20 C:/nxp/MCUXpressoIDE_25.6.136/ide/plugins/com.nxp.mcuxpresso.tools.win32_25.6.0.202501151204/tools/bin/../lib/gcc/arm-none-eabi/14.2.1/../../../../arm-none-eabi/lib/thumb/v6-m/nofp\libcr_c.a(__init_alloc.o)
 .debug_aranges
                0x00000e90       0x20 C:/nxp/MCUXpressoIDE_25.6.136/ide/plugins/com.nxp.mcuxpresso.tools.win32_25.6.0.202501151204/tools/bin/../lib/gcc/arm-none-eabi/14.2.1/../../../../arm-none-eabi/lib/thumb/v6-m/nofp\libcr_c.a(_cr_sbrk.o)
 .debug_aranges
                0x00000eb0       0x28 C:/nxp/MCUXpressoIDE_25.6.136/ide/plugins/com.nxp.mcuxpresso.tools.win32_25.6.0.202501151204/tools/bin/../lib/gcc/arm-none-eabi/14.2.1/../../../../arm-none-eabi/lib/thumb/v6-m/nofp\libcr_c.a(_deferredlazyseek.o)
 .debug_aranges
                0x00000ed8       0x20 C:/nxp/MCUXpressoIDE_25.6.136/ide/plugins/com.nxp.mcuxpresso.tools.win32_25.6.0.202501151204/tools/bin/../lib/gcc/arm-none-eabi/14.2.1/../../../../arm-none-eabi/lib/thumb/v6-m/nofp\libcr_c.a(_fdopen.o)
 .debug_aranges
                0x00000ef8       0x20 C:/nxp/MCUXpressoIDE_25.6.136/ide/plugins/com.nxp.mcuxpresso.tools.win32_25.6.0.202501151204/tools/bin/../lib/gcc/arm-none-eabi/14.2.1/../../../../arm-none-eabi/lib/thumb/v6-m/nofp\libcr_c.a(_fflush.o)
 .debug_aranges
                0x00000f18       0x20 C:/nxp/MCUXpressoIDE_25.6.136/ide/plugins/com.nxp.mcuxpresso.tools.win32_25.6.0.202501151204/tools/bin/../lib/gcc/arm-none-eabi/14.2.1/../../../../arm-none-eabi/lib/thumb/v6-m/nofp\libcr_c.a(_writebuf.o)
 .debug_aranges
                0x00000f38       0x20 C:/nxp/MCUXpressoIDE_25.6.136/ide/plugins/com.nxp.mcuxpresso.tools.win32_25.6.0.202501151204/tools/bin/../lib/gcc/arm-none-eabi/14.2.1/../../../../arm-none-eabi/lib/thumb/v6-m/nofp\libcr_c.a(fclose.o)
 .debug_aranges
                0x00000f58       0x20 C:/nxp/MCUXpressoIDE_25.6.136/ide/plugins/com.nxp.mcuxpresso.tools.win32_25.6.0.202501151204/tools/bin/../lib/gcc/arm-none-eabi/14.2.1/../../../../arm-none-eabi/lib/thumb/v6-m/nofp\libcr_c.a(fflush.o)
 .debug_aranges
                0x00000f78       0x20 C:/nxp/MCUXpressoIDE_25.6.136/ide/plugins/com.nxp.mcuxpresso.tools.win32_25.6.0.202501151204/tools/bin/../lib/gcc/arm-none-eabi/14.2.1/../../../../arm-none-eabi/lib/thumb/v6-m/nofp\libcr_c.a(fseek.o)
 .debug_aranges
                0x00000f98       0x20 C:/nxp/MCUXpressoIDE_25.6.136/ide/plugins/com.nxp.mcuxpresso.tools.win32_25.6.0.202501151204/tools/bin/../lib/gcc/arm-none-eabi/14.2.1/../../../../arm-none-eabi/lib/thumb/v6-m/nofp\libcr_c.a(ftell.o)
 .debug_aranges
                0x00000fb8       0x28 C:/nxp/MCUXpressoIDE_25.6.136/ide/plugins/com.nxp.mcuxpresso.tools.win32_25.6.0.202501151204/tools/bin/../lib/gcc/arm-none-eabi/14.2.1/../../../../arm-none-eabi/lib/thumb/v6-m/nofp\libcr_c.a(remove.o)
 .debug_aranges
                0x00000fe0       0x20 C:/nxp/MCUXpressoIDE_25.6.136/ide/plugins/com.nxp.mcuxpresso.tools.win32_25.6.0.202501151204/tools/bin/../lib/gcc/arm-none-eabi/14.2.1/../../../../arm-none-eabi/lib/thumb/v6-m/nofp\libcr_c.a(_cr_check_heap.o)
 .debug_aranges
                0x00001000       0x20 C:/nxp/MCUXpressoIDE_25.6.136/ide/plugins/com.nxp.mcuxpresso.tools.win32_25.6.0.202501151204/tools/bin/../lib/gcc/arm-none-eabi/14.2.1/../../../../arm-none-eabi/lib/thumb/v6-m/nofp\libcr_c.a(_do_fflush.o)
 .debug_aranges
                0x00001020       0x18 C:/nxp/MCUXpressoIDE_25.6.136/ide/plugins/com.nxp.mcuxpresso.tools.win32_25.6.0.202501151204/tools/bin/../lib/gcc/arm-none-eabi/14.2.1/../../../../arm-none-eabi/lib/thumb/v6-m/nofp\libcr_nohost_nf.a(__ciob.o)
 .debug_aranges
                0x00001038       0x20 C:/nxp/MCUXpressoIDE_25.6.136/ide/plugins/com.nxp.mcuxpresso.tools.win32_25.6.0.202501151204/tools/bin/../lib/gcc/arm-none-eabi/14.2.1/../../../../arm-none-eabi/lib/thumb/v6-m/nofp\libcr_nohost_nf.a(__sys_appexit.o)
 .debug_aranges
                0x00001058       0x20 C:/nxp/MCUXpressoIDE_25.6.136/ide/plugins/com.nxp.mcuxpresso.tools.win32_25.6.0.202501151204/tools/bin/../lib/gcc/arm-none-eabi/14.2.1/../../../../arm-none-eabi/lib/thumb/v6-m/nofp\libcr_nohost_nf.a(__sys_close.o)
 .debug_aranges
                0x00001078       0x20 C:/nxp/MCUXpressoIDE_25.6.136/ide/plugins/com.nxp.mcuxpresso.tools.win32_25.6.0.202501151204/tools/bin/../lib/gcc/arm-none-eabi/14.2.1/../../../../arm-none-eabi/lib/thumb/v6-m/nofp\libcr_nohost_nf.a(__sys_flen.o)
 .debug_aranges
                0x00001098       0x20 C:/nxp/MCUXpressoIDE_25.6.136/ide/plugins/com.nxp.mcuxpresso.tools.win32_25.6.0.202501151204/tools/bin/../lib/gcc/arm-none-eabi/14.2.1/../../../../arm-none-eabi/lib/thumb/v6-m/nofp\libcr_nohost_nf.a(__sys_istty.o)
 .debug_aranges
                0x000010b8       0x20 C:/nxp/MCUXpressoIDE_25.6.136/ide/plugins/com.nxp.mcuxpresso.tools.win32_25.6.0.202501151204/tools/bin/../lib/gcc/arm-none-eabi/14.2.1/../../../../arm-none-eabi/lib/thumb/v6-m/nofp\libcr_nohost_nf.a(__sys_remove.o)
 .debug_aranges
                0x000010d8       0x20 C:/nxp/MCUXpressoIDE_25.6.136/ide/plugins/com.nxp.mcuxpresso.tools.win32_25.6.0.202501151204/tools/bin/../lib/gcc/arm-none-eabi/14.2.1/../../../../arm-none-eabi/lib/thumb/v6-m/nofp\libcr_nohost_nf.a(__sys_seek.o)
 .debug_aranges
                0x000010f8       0x20 C:/nxp/MCUXpressoIDE_25.6.136/ide/plugins/com.nxp.mcuxpresso.tools.win32_25.6.0.202501151204/tools/bin/../lib/gcc/arm-none-eabi/14.2.1/../../../../arm-none-eabi/lib/thumb/v6-m/nofp\libcr_nohost_nf.a(__sys_tmpnam.o)

.debug_ranges   0x00000000     0x1090
 .debug_ranges  0x00000000      0x108 ./utilities/str/fsl_str.o
 .debug_ranges  0x00000108       0xa8 ./utilities/debug_console/fsl_debug_console.o
 .debug_ranges  0x000001b0       0x18 ./utilities/fsl_assert.o
 .debug_ranges  0x000001c8      0x150 ./startup/startup_mcxc444.o
 .debug_ranges  0x00000318       0x38 ./source/buzzer.o
 .debug_ranges  0x00000350       0x40 ./source/led.o
 .debug_ranges  0x00000390       0x48 ./source/lightSensor.o
 .debug_ranges  0x000003d8       0x40 ./source/main.o
 .debug_ranges  0x00000418       0x10 ./source/semihost_hardfault.o
 .debug_ranges  0x00000428       0x48 ./source/soilMoisture.o
 .debug_ranges  0x00000470       0x50 ./source/uart_comm.o
 .debug_ranges  0x000004c0       0x30 ./source/waterPump.o
 .debug_ranges  0x000004f0       0x60 ./freertos/freertos-kernel/portable/MemMang/heap_4.o
 .debug_ranges  0x00000550       0x60 ./freertos/freertos-kernel/portable/GCC/ARM_CM0/port.o
 .debug_ranges  0x000005b0       0x50 ./freertos/freertos-kernel/portable/GCC/ARM_CM0/portasm.o
 .debug_ranges  0x00000600       0x30 ./freertos/freertos-kernel/list.o
 .debug_ranges  0x00000630       0xe0 ./freertos/freertos-kernel/queue.o
 .debug_ranges  0x00000710      0x1f0 ./freertos/freertos-kernel/tasks.o
 .debug_ranges  0x00000900      0x178 ./drivers/fsl_lpuart.o
 .debug_ranges  0x00000a78       0x20 ./device/system_MCXC444.o
 .debug_ranges  0x00000a98       0x48 ./component/uart/fsl_adapter_lpuart.o
 .debug_ranges  0x00000ae0       0x90 ./component/serial_manager/fsl_component_serial_manager.o
 .debug_ranges  0x00000b70       0x38 ./component/serial_manager/fsl_component_serial_port_uart.o
 .debug_ranges  0x00000ba8       0x10 C:/nxp/MCUXpressoIDE_25.6.136/ide/plugins/com.nxp.mcuxpresso.tools.win32_25.6.0.202501151204/tools/bin/../lib/gcc/arm-none-eabi/14.2.1/../../../../arm-none-eabi/lib/thumb/v6-m/nofp\libcr_nohost_nf.a(_cr__main.o)
 .debug_ranges  0x00000bb8       0x10 C:/nxp/MCUXpressoIDE_25.6.136/ide/plugins/com.nxp.mcuxpresso.tools.win32_25.6.0.202501151204/tools/bin/../lib/gcc/arm-none-eabi/14.2.1/../../../../arm-none-eabi/lib/thumb/v6-m/nofp\libcr_c.a(memcpy.o)
 .debug_ranges  0x00000bc8       0x10 C:/nxp/MCUXpressoIDE_25.6.136/ide/plugins/com.nxp.mcuxpresso.tools.win32_25.6.0.202501151204/tools/bin/../lib/gcc/arm-none-eabi/14.2.1/../../../../arm-none-eabi/lib/thumb/v6-m/nofp\libcr_c.a(memset.o)
 .debug_ranges  0x00000bd8       0x50 C:/nxp/MCUXpressoIDE_25.6.136/ide/plugins/com.nxp.mcuxpresso.tools.win32_25.6.0.202501151204/tools/bin/../lib/gcc/arm-none-eabi/14.2.1/../../../../arm-none-eabi/lib/thumb/v6-m/nofp\libcr_c.a(alloc.o)
 .debug_ranges  0x00000c28       0x38 C:/nxp/MCUXpressoIDE_25.6.136/ide/plugins/com.nxp.mcuxpresso.tools.win32_25.6.0.202501151204/tools/bin/../lib/gcc/arm-none-eabi/14.2.1/../../../../arm-none-eabi/lib/thumb/v6-m/nofp\libcr_c.a(initio.o)
 .debug_ranges  0x00000c60      0x248 C:/nxp/MCUXpressoIDE_25.6.136/ide/plugins/com.nxp.mcuxpresso.tools.win32_25.6.0.202501151204/tools/bin/../lib/gcc/arm-none-eabi/14.2.1/../../../../arm-none-eabi/lib/thumb/v6-m/nofp\libcr_c.a(printf.o)
 .debug_ranges  0x00000ea8       0x10 C:/nxp/MCUXpressoIDE_25.6.136/ide/plugins/com.nxp.mcuxpresso.tools.win32_25.6.0.202501151204/tools/bin/../lib/gcc/arm-none-eabi/14.2.1/../../../../arm-none-eabi/lib/thumb/v6-m/nofp\libcr_c.a(setvbuf.o)
 .debug_ranges  0x00000eb8       0x28 C:/nxp/MCUXpressoIDE_25.6.136/ide/plugins/com.nxp.mcuxpresso.tools.win32_25.6.0.202501151204/tools/bin/../lib/gcc/arm-none-eabi/14.2.1/../../../../arm-none-eabi/lib/thumb/v6-m/nofp\libcr_c.a(strlen.o)
 .debug_ranges  0x00000ee0       0x10 C:/nxp/MCUXpressoIDE_25.6.136/ide/plugins/com.nxp.mcuxpresso.tools.win32_25.6.0.202501151204/tools/bin/../lib/gcc/arm-none-eabi/14.2.1/../../../../arm-none-eabi/lib/thumb/v6-m/nofp\libcr_c.a(__init_alloc.o)
 .debug_ranges  0x00000ef0       0x10 C:/nxp/MCUXpressoIDE_25.6.136/ide/plugins/com.nxp.mcuxpresso.tools.win32_25.6.0.202501151204/tools/bin/../lib/gcc/arm-none-eabi/14.2.1/../../../../arm-none-eabi/lib/thumb/v6-m/nofp\libcr_c.a(_cr_sbrk.o)
 .debug_ranges  0x00000f00       0x48 C:/nxp/MCUXpressoIDE_25.6.136/ide/plugins/com.nxp.mcuxpresso.tools.win32_25.6.0.202501151204/tools/bin/../lib/gcc/arm-none-eabi/14.2.1/../../../../arm-none-eabi/lib/thumb/v6-m/nofp\libcr_c.a(_deferredlazyseek.o)
 .debug_ranges  0x00000f48       0x10 C:/nxp/MCUXpressoIDE_25.6.136/ide/plugins/com.nxp.mcuxpresso.tools.win32_25.6.0.202501151204/tools/bin/../lib/gcc/arm-none-eabi/14.2.1/../../../../arm-none-eabi/lib/thumb/v6-m/nofp\libcr_c.a(_fdopen.o)
 .debug_ranges  0x00000f58       0x10 C:/nxp/MCUXpressoIDE_25.6.136/ide/plugins/com.nxp.mcuxpresso.tools.win32_25.6.0.202501151204/tools/bin/../lib/gcc/arm-none-eabi/14.2.1/../../../../arm-none-eabi/lib/thumb/v6-m/nofp\libcr_c.a(_fflush.o)
 .debug_ranges  0x00000f68       0x10 C:/nxp/MCUXpressoIDE_25.6.136/ide/plugins/com.nxp.mcuxpresso.tools.win32_25.6.0.202501151204/tools/bin/../lib/gcc/arm-none-eabi/14.2.1/../../../../arm-none-eabi/lib/thumb/v6-m/nofp\libcr_c.a(_writebuf.o)
 .debug_ranges  0x00000f78       0x10 C:/nxp/MCUXpressoIDE_25.6.136/ide/plugins/com.nxp.mcuxpresso.tools.win32_25.6.0.202501151204/tools/bin/../lib/gcc/arm-none-eabi/14.2.1/../../../../arm-none-eabi/lib/thumb/v6-m/nofp\libcr_c.a(fclose.o)
 .debug_ranges  0x00000f88       0x28 C:/nxp/MCUXpressoIDE_25.6.136/ide/plugins/com.nxp.mcuxpresso.tools.win32_25.6.0.202501151204/tools/bin/../lib/gcc/arm-none-eabi/14.2.1/../../../../arm-none-eabi/lib/thumb/v6-m/nofp\libcr_c.a(fflush.o)
 .debug_ranges  0x00000fb0       0x10 C:/nxp/MCUXpressoIDE_25.6.136/ide/plugins/com.nxp.mcuxpresso.tools.win32_25.6.0.202501151204/tools/bin/../lib/gcc/arm-none-eabi/14.2.1/../../../../arm-none-eabi/lib/thumb/v6-m/nofp\libcr_c.a(fseek.o)
 .debug_ranges  0x00000fc0       0x10 C:/nxp/MCUXpressoIDE_25.6.136/ide/plugins/com.nxp.mcuxpresso.tools.win32_25.6.0.202501151204/tools/bin/../lib/gcc/arm-none-eabi/14.2.1/../../../../arm-none-eabi/lib/thumb/v6-m/nofp\libcr_c.a(ftell.o)
 .debug_ranges  0x00000fd0       0x18 C:/nxp/MCUXpressoIDE_25.6.136/ide/plugins/com.nxp.mcuxpresso.tools.win32_25.6.0.202501151204/tools/bin/../lib/gcc/arm-none-eabi/14.2.1/../../../../arm-none-eabi/lib/thumb/v6-m/nofp\libcr_c.a(remove.o)
 .debug_ranges  0x00000fe8       0x10 C:/nxp/MCUXpressoIDE_25.6.136/ide/plugins/com.nxp.mcuxpresso.tools.win32_25.6.0.202501151204/tools/bin/../lib/gcc/arm-none-eabi/14.2.1/../../../../arm-none-eabi/lib/thumb/v6-m/nofp\libcr_c.a(_cr_check_heap.o)
 .debug_ranges  0x00000ff8       0x28 C:/nxp/MCUXpressoIDE_25.6.136/ide/plugins/com.nxp.mcuxpresso.tools.win32_25.6.0.202501151204/tools/bin/../lib/gcc/arm-none-eabi/14.2.1/../../../../arm-none-eabi/lib/thumb/v6-m/nofp\libcr_c.a(_do_fflush.o)
 .debug_ranges  0x00001020       0x10 C:/nxp/MCUXpressoIDE_25.6.136/ide/plugins/com.nxp.mcuxpresso.tools.win32_25.6.0.202501151204/tools/bin/../lib/gcc/arm-none-eabi/14.2.1/../../../../arm-none-eabi/lib/thumb/v6-m/nofp\libcr_nohost_nf.a(__sys_appexit.o)
 .debug_ranges  0x00001030       0x10 C:/nxp/MCUXpressoIDE_25.6.136/ide/plugins/com.nxp.mcuxpresso.tools.win32_25.6.0.202501151204/tools/bin/../lib/gcc/arm-none-eabi/14.2.1/../../../../arm-none-eabi/lib/thumb/v6-m/nofp\libcr_nohost_nf.a(__sys_close.o)
 .debug_ranges  0x00001040       0x10 C:/nxp/MCUXpressoIDE_25.6.136/ide/plugins/com.nxp.mcuxpresso.tools.win32_25.6.0.202501151204/tools/bin/../lib/gcc/arm-none-eabi/14.2.1/../../../../arm-none-eabi/lib/thumb/v6-m/nofp\libcr_nohost_nf.a(__sys_flen.o)
 .debug_ranges  0x00001050       0x10 C:/nxp/MCUXpressoIDE_25.6.136/ide/plugins/com.nxp.mcuxpresso.tools.win32_25.6.0.202501151204/tools/bin/../lib/gcc/arm-none-eabi/14.2.1/../../../../arm-none-eabi/lib/thumb/v6-m/nofp\libcr_nohost_nf.a(__sys_istty.o)
 .debug_ranges  0x00001060       0x10 C:/nxp/MCUXpressoIDE_25.6.136/ide/plugins/com.nxp.mcuxpresso.tools.win32_25.6.0.202501151204/tools/bin/../lib/gcc/arm-none-eabi/14.2.1/../../../../arm-none-eabi/lib/thumb/v6-m/nofp\libcr_nohost_nf.a(__sys_remove.o)
 .debug_ranges  0x00001070       0x10 C:/nxp/MCUXpressoIDE_25.6.136/ide/plugins/com.nxp.mcuxpresso.tools.win32_25.6.0.202501151204/tools/bin/../lib/gcc/arm-none-eabi/14.2.1/../../../../arm-none-eabi/lib/thumb/v6-m/nofp\libcr_nohost_nf.a(__sys_seek.o)
 .debug_ranges  0x00001080       0x10 C:/nxp/MCUXpressoIDE_25.6.136/ide/plugins/com.nxp.mcuxpresso.tools.win32_25.6.0.202501151204/tools/bin/../lib/gcc/arm-none-eabi/14.2.1/../../../../arm-none-eabi/lib/thumb/v6-m/nofp\libcr_nohost_nf.a(__sys_tmpnam.o)

.debug_macro    0x00000000    0x11460
 .debug_macro   0x00000000      0x2b4 ./utilities/str/fsl_str.o
 .debug_macro   0x000002b4      0xaea ./utilities/str/fsl_str.o
 .debug_macro   0x00000d9e       0x10 ./utilities/str/fsl_str.o
 .debug_macro   0x00000dae       0xc4 ./utilities/str/fsl_str.o
 .debug_macro   0x00000e72       0x1c ./utilities/str/fsl_str.o
 .debug_macro   0x00000e8e      0x12e ./utilities/str/fsl_str.o
 .debug_macro   0x00000fbc       0x28 ./utilities/str/fsl_str.o
 .debug_macro   0x00000fe4      0x1c7 ./utilities/str/fsl_str.o
 .debug_macro   0x000011ab       0x16 ./utilities/str/fsl_str.o
 .debug_macro   0x000011c1       0x22 ./utilities/str/fsl_str.o
 .debug_macro   0x000011e3      0x5b3 ./utilities/str/fsl_str.o
 .debug_macro   0x00001796       0x3e ./utilities/str/fsl_str.o
 .debug_macro   0x000017d4       0x2e ./utilities/str/fsl_str.o
 .debug_macro   0x00001802       0x10 ./utilities/str/fsl_str.o
 .debug_macro   0x00001812       0x2e ./utilities/str/fsl_str.o
 .debug_macro   0x00001840       0xb4 ./utilities/str/fsl_str.o
 .debug_macro   0x000018f4       0x28 ./utilities/str/fsl_str.o
 .debug_macro   0x0000191c      0x3bc ./utilities/str/fsl_str.o
 .debug_macro   0x00001cd8       0x3a ./utilities/str/fsl_str.o
 .debug_macro   0x00001d12     0x1210 ./utilities/str/fsl_str.o
 .debug_macro   0x00002f22      0x846 ./utilities/str/fsl_str.o
 .debug_macro   0x00003768      0x3c1 ./utilities/str/fsl_str.o
 .debug_macro   0x00003b29      0x1ed ./utilities/str/fsl_str.o
 .debug_macro   0x00003d16      0x16e ./utilities/str/fsl_str.o
 .debug_macro   0x00003e84      0x247 ./utilities/str/fsl_str.o
 .debug_macro   0x000040cb       0x4e ./utilities/str/fsl_str.o
 .debug_macro   0x00004119       0x88 ./utilities/str/fsl_str.o
 .debug_macro   0x000041a1      0x41b ./utilities/str/fsl_str.o
 .debug_macro   0x000045bc      0x280 ./utilities/str/fsl_str.o
 .debug_macro   0x0000483c       0x88 ./utilities/str/fsl_str.o
 .debug_macro   0x000048c4      0x3bb ./utilities/str/fsl_str.o
 .debug_macro   0x00004c7f      0x691 ./utilities/str/fsl_str.o
 .debug_macro   0x00005310     0x31e6 ./utilities/str/fsl_str.o
 .debug_macro   0x000084f6      0x478 ./utilities/str/fsl_str.o
 .debug_macro   0x0000896e      0x105 ./utilities/str/fsl_str.o
 .debug_macro   0x00008a73      0x631 ./utilities/str/fsl_str.o
 .debug_macro   0x000090a4      0x199 ./utilities/str/fsl_str.o
 .debug_macro   0x0000923d      0x11b ./utilities/str/fsl_str.o
 .debug_macro   0x00009358      0x2da ./utilities/str/fsl_str.o
 .debug_macro   0x00009632      0x20e ./utilities/str/fsl_str.o
 .debug_macro   0x00009840      0x1ed ./utilities/str/fsl_str.o
 .debug_macro   0x00009a2d       0x86 ./utilities/str/fsl_str.o
 .debug_macro   0x00009ab3       0xfe ./utilities/str/fsl_str.o
 .debug_macro   0x00009bb1      0x119 ./utilities/str/fsl_str.o
 .debug_macro   0x00009cca      0x121 ./utilities/str/fsl_str.o
 .debug_macro   0x00009deb      0x1ed ./utilities/str/fsl_str.o
 .debug_macro   0x00009fd8       0x63 ./utilities/str/fsl_str.o
 .debug_macro   0x0000a03b      0x112 ./utilities/str/fsl_str.o
 .debug_macro   0x0000a14d      0x295 ./utilities/str/fsl_str.o
 .debug_macro   0x0000a3e2      0x6c4 ./utilities/str/fsl_str.o
 .debug_macro   0x0000aaa6       0xdb ./utilities/str/fsl_str.o
 .debug_macro   0x0000ab81      0x3a6 ./utilities/str/fsl_str.o