C:\Users\famil\OneDrive\Documents\School\Sem 5\CG2271\Final Project\CMSIS/core_cm0plus.h:757:22:__NVIC_EnableIRQ	16	static
C:\Users\famil\OneDrive\Documents\School\Sem 5\CG2271\Final Project\CMSIS/core_cm0plus.h:795:22:__NVIC_DisableIRQ	16	static
C:\Users\famil\OneDrive\Documents\School\Sem 5\CG2271\Final Project\CMSIS/core_cm0plus.h:848:22:__NVIC_ClearPendingIRQ	16	static
C:\Users\famil\OneDrive\Documents\School\Sem 5\CG2271\Final Project\CMSIS/core_cm0plus.h:866:22:__NVIC_SetPriority	24	static
../source/soilMoisture.c:12:6:SoilMoisture_Init	8	static
../source/soilMoisture.c:35:6:PORTA_IRQHandler	16	static
