../startup/startup_mcxc444.c:242:6:data_init	8	static
../startup/startup_mcxc444.c:251:6:bss_init	0	static
../startup/startup_mcxc444.c:276:6:ResetISR	0	static
../startup/startup_mcxc444.c:357:14:NMI_Handler	0	static
../startup/startup_mcxc444.c:361:14:HardFault_Handler	0	static
../startup/startup_mcxc444.c:382:14:SVC_Handler	0	static
../startup/startup_mcxc444.c:386:14:PendSV_Handler	0	static
../startup/startup_mcxc444.c:390:14:SysTick_Handler	0	static
../startup/startup_mcxc444.c:398:14:IntDefaultHandler	0	static
../startup/startup_mcxc444.c:408:14:DMA0_IRQHandler	8	static
../startup/startup_mcxc444.c:412:14:DMA1_IRQHandler	8	static
../startup/startup_mcxc444.c:416:14:DMA2_IRQHandler	8	static
../startup/startup_mcxc444.c:420:14:DMA3_IRQHandler	8	static
../startup/startup_mcxc444.c:424:14:Reserved20_IRQHandler	8	static
../startup/startup_mcxc444.c:428:14:FTFA_IRQHandler	8	static
../startup/startup_mcxc444.c:432:14:PMC_IRQHandler	8	static
../startup/startup_mcxc444.c:436:14:LLWU_IRQHandler	8	static
../startup/startup_mcxc444.c:440:14:I2C0_IRQHandler	8	static
../startup/startup_mcxc444.c:444:14:I2C1_IRQHandler	8	static
../startup/startup_mcxc444.c:448:14:SPI0_IRQHandler	8	static
../startup/startup_mcxc444.c:452:14:SPI1_IRQHandler	8	static
../startup/startup_mcxc444.c:456:14:LPUART0_IRQHandler	8	static
../startup/startup_mcxc444.c:460:14:LPUART1_IRQHandler	8	static
../startup/startup_mcxc444.c:464:14:UART2_FLEXIO_IRQHandler	8	static
../startup/startup_mcxc444.c:468:14:ADC0_IRQHandler	8	static
../startup/startup_mcxc444.c:472:14:CMP0_IRQHandler	8	static
../startup/startup_mcxc444.c:476:14:TPM0_IRQHandler	8	static
../startup/startup_mcxc444.c:480:14:TPM1_IRQHandler	8	static
../startup/startup_mcxc444.c:484:14:TPM2_IRQHandler	8	static
../startup/startup_mcxc444.c:488:14:RTC_IRQHandler	8	static
../startup/startup_mcxc444.c:492:14:RTC_Seconds_IRQHandler	8	static
../startup/startup_mcxc444.c:496:14:PIT_IRQHandler	8	static
../startup/startup_mcxc444.c:500:14:I2S0_IRQHandler	8	static
../startup/startup_mcxc444.c:504:14:USB0_IRQHandler	8	static
../startup/startup_mcxc444.c:508:14:DAC0_IRQHandler	8	static
../startup/startup_mcxc444.c:512:14:Reserved42_IRQHandler	8	static
../startup/startup_mcxc444.c:516:14:Reserved43_IRQHandler	8	static
../startup/startup_mcxc444.c:520:14:LPTMR0_IRQHandler	8	static
../startup/startup_mcxc444.c:524:14:LCD_IRQHandler	8	static
../startup/startup_mcxc444.c:528:14:PORTA_IRQHandler	8	static
../startup/startup_mcxc444.c:532:14:PORTC_PORTD_IRQHandler	8	static
